Archive member included because of file (symbol)

c:/senscape/cosmicresearch/firmware/tools/msp430/bin/../lib/gcc/msp430/4.6.3/../../../../msp430/lib/mcpu-430x/mmpy-16\libc.a(memcpy.o)
                              ./GYRO_01.o (memcpy)
C:/Senscape/CosmicResearch/firmware/hardware/msp430/cores/msp430f2617/MSP430f2617_core.a(Booter.o)
                              ./main.o (Booter::bootAll())
C:/Senscape/CosmicResearch/firmware/hardware/msp430/cores/msp430f2617/MSP430f2617_core.a(Print.o)
                              ./GYRO_01.o (Print::print(char const*))
C:/Senscape/CosmicResearch/firmware/hardware/msp430/cores/msp430f2617/MSP430f2617_core.a(Resource.o)
                              ./GYRO_01.o (Resource::Resource(unsigned char))
C:/Senscape/CosmicResearch/firmware/hardware/msp430/cores/msp430f2617/MSP430f2617_core.a(SPI.o)
                              ./GYRO_01.o (Spi0)
C:/Senscape/CosmicResearch/firmware/hardware/msp430/cores/msp430f2617/MSP430f2617_core.a(WDebug.o)
                              ./GYRO_01.o (WDebug::begin())
C:/Senscape/CosmicResearch/firmware/hardware/msp430/cores/msp430f2617/MSP430f2617_core.a(WString.o)
                              C:/Senscape/CosmicResearch/firmware/hardware/msp430/cores/msp430f2617/MSP430f2617_core.a(Print.o) (String::operator[](unsigned int) const)
C:/Senscape/CosmicResearch/firmware/hardware/msp430/cores/msp430f2617/MSP430f2617_core.a(new.o)
                              C:/Senscape/CosmicResearch/firmware/hardware/msp430/cores/msp430f2617/MSP430f2617_core.a(Print.o) (__cxa_pure_virtual)
C:/Senscape/CosmicResearch/firmware/hardware/msp430/cores/msp430f2617/MSP430f2617_core.a(taskman.o)
                              ./main.o (initTaskman)
C:/Senscape/CosmicResearch/firmware/hardware/msp430/cores/msp430f2617/MSP430f2617_core.a(wiring.o)
                              ./main.o (init)
C:/Senscape/CosmicResearch/firmware/hardware/msp430/cores/msp430f2617/MSP430f2617_core.a(wiring_counter.o)
                              C:/Senscape/CosmicResearch/firmware/hardware/msp430/cores/msp430f2617/MSP430f2617_core.a(wiring.o) (localTimeMicros)
C:/Senscape/CosmicResearch/firmware/hardware/msp430/cores/msp430f2617/MSP430f2617_core.a(wiring_spi.o)
                              C:/Senscape/CosmicResearch/firmware/hardware/msp430/cores/msp430f2617/MSP430f2617_core.a(SPI.o) (spiConfig)
C:/Senscape/CosmicResearch/firmware/hardware/msp430/cores/msp430f2617/MSP430f2617_core.a(platform_timer.o)
                              C:/Senscape/CosmicResearch/firmware/hardware/msp430/cores/msp430f2617/MSP430f2617_core.a(wiring_counter.o) (timer_getCounter)
C:/Senscape/CosmicResearch/firmware/hardware/msp430/cores/msp430f2617/MSP430f2617_core.a(platform_usci_b.o)
                              C:/Senscape/CosmicResearch/firmware/hardware/msp430/cores/msp430f2617/MSP430f2617_core.a(wiring_spi.o) (uscibTxByte)
C:/Senscape/CosmicResearch/firmware/hardware/msp430/cores/msp430f2617/MSP430f2617_core.a(platform_usci_isr.o)
                              C:/Senscape/CosmicResearch/firmware/hardware/msp430/cores/msp430f2617/MSP430f2617_core.a(platform_usci_b.o) (usci_isr_install)
C:/Senscape/CosmicResearch/firmware/hardware/msp430/cores/msp430f2617/MSP430f2617_core.a(Arbiter.o)
                              C:/Senscape/CosmicResearch/firmware/hardware/msp430/cores/msp430f2617/MSP430f2617_core.a(Resource.o) (Arbiter::request(unsigned char))
C:/Senscape/CosmicResearch/firmware/hardware/msp430/cores/msp430f2617/MSP430f2617_core.a(Serial.o)
                              C:/Senscape/CosmicResearch/firmware/hardware/msp430/cores/msp430f2617/MSP430f2617_core.a(WDebug.o) (Serial0)
C:/Senscape/CosmicResearch/firmware/hardware/msp430/cores/msp430f2617/MSP430f2617_core.a(wiring_digital.o)
                              C:/Senscape/CosmicResearch/firmware/hardware/msp430/cores/msp430f2617/MSP430f2617_core.a(platform_usci_b.o) (pinMode)
C:/Senscape/CosmicResearch/firmware/hardware/msp430/cores/msp430f2617/MSP430f2617_core.a(wiring_timer.o)
                              C:/Senscape/CosmicResearch/firmware/hardware/msp430/cores/msp430f2617/MSP430f2617_core.a(platform_timer.o) (timer_c_isr)
C:/Senscape/CosmicResearch/firmware/hardware/msp430/cores/msp430f2617/MSP430f2617_core.a(wiring_uart.o)
                              C:/Senscape/CosmicResearch/firmware/hardware/msp430/cores/msp430f2617/MSP430f2617_core.a(Serial.o) (uartConfig)
C:/Senscape/CosmicResearch/firmware/hardware/msp430/cores/msp430f2617/MSP430f2617_core.a(platform_capcom.o)
                              C:/Senscape/CosmicResearch/firmware/hardware/msp430/cores/msp430f2617/MSP430f2617_core.a(wiring_timer.o) (capcom_setCapComControlAsCompare)
C:/Senscape/CosmicResearch/firmware/hardware/msp430/cores/msp430f2617/MSP430f2617_core.a(platform_gpio.o)
                              C:/Senscape/CosmicResearch/firmware/hardware/msp430/cores/msp430f2617/MSP430f2617_core.a(platform_usci_b.o) (gpio_setModeFuncPin)
C:/Senscape/CosmicResearch/firmware/hardware/msp430/cores/msp430f2617/MSP430f2617_core.a(platform_usci_a.o)
                              C:/Senscape/CosmicResearch/firmware/hardware/msp430/cores/msp430f2617/MSP430f2617_core.a(wiring_uart.o) (usciaTxByte)
../libGYRO_lib.a(SensLSM9DS0Gyro.o)
                              ./GYRO_01.o (SensLSM9DS0Gyro::attachStartDone(void (*)(unsigned char)))
c:/senscape/cosmicresearch/firmware/tools/msp430/bin/../lib/gcc/msp430/4.6.3/mcpu-430x/mmpy-16\libgcc.a(_mulsi3.o)
                              C:/Senscape/CosmicResearch/firmware/hardware/msp430/cores/msp430f2617/MSP430f2617_core.a(wiring.o) (__mulsi3)
c:/senscape/cosmicresearch/firmware/tools/msp430/bin/../lib/gcc/msp430/4.6.3/mcpu-430x/mmpy-16\libgcc.a(_udivmod16.o)
                              C:/Senscape/CosmicResearch/firmware/hardware/msp430/cores/msp430f2617/MSP430f2617_core.a(wiring.o) (__umodhi3)
c:/senscape/cosmicresearch/firmware/tools/msp430/bin/../lib/gcc/msp430/4.6.3/mcpu-430x/mmpy-16\libgcc.a(_udivmod32.o)
                              C:/Senscape/CosmicResearch/firmware/hardware/msp430/cores/msp430f2617/MSP430f2617_core.a(Print.o) (__udivsi3)
c:/senscape/cosmicresearch/firmware/tools/msp430/bin/../lib/gcc/msp430/4.6.3/mcpu-430x/mmpy-16\libgcc.a(_divmod32.o)
                              C:/Senscape/CosmicResearch/firmware/hardware/msp430/cores/msp430f2617/MSP430f2617_core.a(wiring.o) (__divsi3)
c:/senscape/cosmicresearch/firmware/tools/msp430/bin/../lib/gcc/msp430/4.6.3/mcpu-430x/mmpy-16\libgcc.a(_udivmod64.o)
                              C:/Senscape/CosmicResearch/firmware/hardware/msp430/cores/msp430f2617/MSP430f2617_core.a(Print.o) (__udivdi3)
c:/senscape/cosmicresearch/firmware/tools/msp430/bin/../lib/gcc/msp430/4.6.3/mcpu-430x/mmpy-16\libgcc.a(_fixunssfsi.o)
                              C:/Senscape/CosmicResearch/firmware/hardware/msp430/cores/msp430f2617/MSP430f2617_core.a(Print.o) (__fixunssfsi)
c:/senscape/cosmicresearch/firmware/tools/msp430/bin/../lib/gcc/msp430/4.6.3/mcpu-430x/mmpy-16\libgcc.a(_addsub_sf.o)
                              C:/Senscape/CosmicResearch/firmware/hardware/msp430/cores/msp430f2617/MSP430f2617_core.a(Print.o) (__addsf3)
c:/senscape/cosmicresearch/firmware/tools/msp430/bin/../lib/gcc/msp430/4.6.3/mcpu-430x/mmpy-16\libgcc.a(_mul_sf.o)
                              C:/Senscape/CosmicResearch/firmware/hardware/msp430/cores/msp430f2617/MSP430f2617_core.a(Print.o) (__mulsf3)
c:/senscape/cosmicresearch/firmware/tools/msp430/bin/../lib/gcc/msp430/4.6.3/mcpu-430x/mmpy-16\libgcc.a(_div_sf.o)
                              C:/Senscape/CosmicResearch/firmware/hardware/msp430/cores/msp430f2617/MSP430f2617_core.a(Print.o) (__divsf3)
c:/senscape/cosmicresearch/firmware/tools/msp430/bin/../lib/gcc/msp430/4.6.3/mcpu-430x/mmpy-16\libgcc.a(_ge_sf.o)
                              c:/senscape/cosmicresearch/firmware/tools/msp430/bin/../lib/gcc/msp430/4.6.3/mcpu-430x/mmpy-16\libgcc.a(_fixunssfsi.o) (__gesf2)
c:/senscape/cosmicresearch/firmware/tools/msp430/bin/../lib/gcc/msp430/4.6.3/mcpu-430x/mmpy-16\libgcc.a(_lt_sf.o)
                              C:/Senscape/CosmicResearch/firmware/hardware/msp430/cores/msp430f2617/MSP430f2617_core.a(Print.o) (__ltsf2)
c:/senscape/cosmicresearch/firmware/tools/msp430/bin/../lib/gcc/msp430/4.6.3/mcpu-430x/mmpy-16\libgcc.a(_si_to_sf.o)
                              C:/Senscape/CosmicResearch/firmware/hardware/msp430/cores/msp430f2617/MSP430f2617_core.a(Print.o) (__floatsisf)
c:/senscape/cosmicresearch/firmware/tools/msp430/bin/../lib/gcc/msp430/4.6.3/mcpu-430x/mmpy-16\libgcc.a(_sf_to_si.o)
                              C:/Senscape/CosmicResearch/firmware/hardware/msp430/cores/msp430f2617/MSP430f2617_core.a(Print.o) (__fixsfsi)
c:/senscape/cosmicresearch/firmware/tools/msp430/bin/../lib/gcc/msp430/4.6.3/mcpu-430x/mmpy-16\libgcc.a(_thenan_sf.o)
                              c:/senscape/cosmicresearch/firmware/tools/msp430/bin/../lib/gcc/msp430/4.6.3/mcpu-430x/mmpy-16\libgcc.a(_addsub_sf.o) (__thenan_sf)
c:/senscape/cosmicresearch/firmware/tools/msp430/bin/../lib/gcc/msp430/4.6.3/mcpu-430x/mmpy-16\libgcc.a(_usi_to_sf.o)
                              C:/Senscape/CosmicResearch/firmware/hardware/msp430/cores/msp430f2617/MSP430f2617_core.a(Print.o) (__floatunsisf)
c:/senscape/cosmicresearch/firmware/tools/msp430/bin/../lib/gcc/msp430/4.6.3/mcpu-430x/mmpy-16\libgcc.a(_clzsi2.o)
                              c:/senscape/cosmicresearch/firmware/tools/msp430/bin/../lib/gcc/msp430/4.6.3/mcpu-430x/mmpy-16\libgcc.a(_si_to_sf.o) (__clzsi2)
c:/senscape/cosmicresearch/firmware/tools/msp430/bin/../lib/gcc/msp430/4.6.3/mcpu-430x/mmpy-16\libgcc.a(_pack_sf.o)
                              c:/senscape/cosmicresearch/firmware/tools/msp430/bin/../lib/gcc/msp430/4.6.3/mcpu-430x/mmpy-16\libgcc.a(_addsub_sf.o) (__pack_f)
c:/senscape/cosmicresearch/firmware/tools/msp430/bin/../lib/gcc/msp430/4.6.3/mcpu-430x/mmpy-16\libgcc.a(_unpack_sf.o)
                              c:/senscape/cosmicresearch/firmware/tools/msp430/bin/../lib/gcc/msp430/4.6.3/mcpu-430x/mmpy-16\libgcc.a(_addsub_sf.o) (__unpack_f)
c:/senscape/cosmicresearch/firmware/tools/msp430/bin/../lib/gcc/msp430/4.6.3/mcpu-430x/mmpy-16\libgcc.a(_fpcmp_parts_sf.o)
                              c:/senscape/cosmicresearch/firmware/tools/msp430/bin/../lib/gcc/msp430/4.6.3/mcpu-430x/mmpy-16\libgcc.a(_ge_sf.o) (__fpcmp_parts_f)
c:/senscape/cosmicresearch/firmware/tools/msp430/bin/../lib/gcc/msp430/4.6.3/mcpu-430x/mmpy-16\libgcc.a(_clz.o)
                              c:/senscape/cosmicresearch/firmware/tools/msp430/bin/../lib/gcc/msp430/4.6.3/mcpu-430x/mmpy-16\libgcc.a(_clzsi2.o) (__clz_tab)
c:/senscape/cosmicresearch/firmware/tools/msp430/bin/../lib/gcc/msp430/4.6.3/../../../../msp430/lib/mcpu-430x/mmpy-16\libc.a(strchr.o)
                              C:/Senscape/CosmicResearch/firmware/hardware/msp430/cores/msp430f2617/MSP430f2617_core.a(WString.o) (strchr)
c:/senscape/cosmicresearch/firmware/tools/msp430/bin/../lib/gcc/msp430/4.6.3/../../../../msp430/lib/mcpu-430x/mmpy-16\libc.a(strcmp.o)
                              C:/Senscape/CosmicResearch/firmware/hardware/msp430/cores/msp430f2617/MSP430f2617_core.a(WString.o) (strcmp)
c:/senscape/cosmicresearch/firmware/tools/msp430/bin/../lib/gcc/msp430/4.6.3/../../../../msp430/lib/mcpu-430x/mmpy-16\libc.a(strncmp.o)
                              C:/Senscape/CosmicResearch/firmware/hardware/msp430/cores/msp430f2617/MSP430f2617_core.a(WString.o) (strncmp)
c:/senscape/cosmicresearch/firmware/tools/msp430/bin/../lib/gcc/msp430/4.6.3/../../../../msp430/lib/mcpu-430x/mmpy-16\libc.a(strcpy.o)
                              C:/Senscape/CosmicResearch/firmware/hardware/msp430/cores/msp430f2617/MSP430f2617_core.a(WString.o) (strcpy)
c:/senscape/cosmicresearch/firmware/tools/msp430/bin/../lib/gcc/msp430/4.6.3/../../../../msp430/lib/mcpu-430x/mmpy-16\libc.a(strncpy.o)
                              C:/Senscape/CosmicResearch/firmware/hardware/msp430/cores/msp430f2617/MSP430f2617_core.a(WString.o) (strncpy)
c:/senscape/cosmicresearch/firmware/tools/msp430/bin/../lib/gcc/msp430/4.6.3/../../../../msp430/lib/mcpu-430x/mmpy-16\libc.a(memmove.o)
                              C:/Senscape/CosmicResearch/firmware/hardware/msp430/cores/msp430f2617/MSP430f2617_core.a(WString.o) (memmove)
c:/senscape/cosmicresearch/firmware/tools/msp430/bin/../lib/gcc/msp430/4.6.3/../../../../msp430/lib/mcpu-430x/mmpy-16\libc.a(strrchr.o)
                              C:/Senscape/CosmicResearch/firmware/hardware/msp430/cores/msp430f2617/MSP430f2617_core.a(WString.o) (strrchr)
c:/senscape/cosmicresearch/firmware/tools/msp430/bin/../lib/gcc/msp430/4.6.3/../../../../msp430/lib/mcpu-430x/mmpy-16\libc.a(memset.o)
                              C:/Senscape/CosmicResearch/firmware/hardware/msp430/cores/msp430f2617/MSP430f2617_core.a(taskman.o) (memset)
c:/senscape/cosmicresearch/firmware/tools/msp430/bin/../lib/gcc/msp430/4.6.3/../../../../msp430/lib/mcpu-430x/mmpy-16\libc.a(strstr.o)
                              C:/Senscape/CosmicResearch/firmware/hardware/msp430/cores/msp430f2617/MSP430f2617_core.a(WString.o) (strstr)
c:/senscape/cosmicresearch/firmware/tools/msp430/bin/../lib/gcc/msp430/4.6.3/../../../../msp430/lib/mcpu-430x/mmpy-16\libc.a(atol.o)
                              C:/Senscape/CosmicResearch/firmware/hardware/msp430/cores/msp430f2617/MSP430f2617_core.a(WString.o) (atol)
c:/senscape/cosmicresearch/firmware/tools/msp430/bin/../lib/gcc/msp430/4.6.3/../../../../msp430/lib/mcpu-430x/mmpy-16\libc.a(malloc.o)
                              C:/Senscape/CosmicResearch/firmware/hardware/msp430/cores/msp430f2617/MSP430f2617_core.a(WString.o) (malloc)
c:/senscape/cosmicresearch/firmware/tools/msp430/bin/../lib/gcc/msp430/4.6.3/../../../../msp430/lib/mcpu-430x/mmpy-16\libc.a(strtol.o)
                              c:/senscape/cosmicresearch/firmware/tools/msp430/bin/../lib/gcc/msp430/4.6.3/../../../../msp430/lib/mcpu-430x/mmpy-16\libc.a(atol.o) (strtol)
c:/senscape/cosmicresearch/firmware/tools/msp430/bin/../lib/gcc/msp430/4.6.3/../../../../msp430/lib/mcpu-430x/mmpy-16\libc.a(itoa.o)
                              C:/Senscape/CosmicResearch/firmware/hardware/msp430/cores/msp430f2617/MSP430f2617_core.a(WString.o) (itoa)
c:/senscape/cosmicresearch/firmware/tools/msp430/bin/../lib/gcc/msp430/4.6.3/../../../../msp430/lib/mcpu-430x/mmpy-16\libc.a(ltoa.o)
                              C:/Senscape/CosmicResearch/firmware/hardware/msp430/cores/msp430f2617/MSP430f2617_core.a(WString.o) (ltoa)
c:/senscape/cosmicresearch/firmware/tools/msp430/bin/../lib/gcc/msp430/4.6.3/../../../../msp430/lib/mcpu-430x/mmpy-16\libc.a(utoa.o)
                              C:/Senscape/CosmicResearch/firmware/hardware/msp430/cores/msp430f2617/MSP430f2617_core.a(WString.o) (utoa)
c:/senscape/cosmicresearch/firmware/tools/msp430/bin/../lib/gcc/msp430/4.6.3/../../../../msp430/lib/mcpu-430x/mmpy-16\libc.a(ultoa.o)
                              C:/Senscape/CosmicResearch/firmware/hardware/msp430/cores/msp430f2617/MSP430f2617_core.a(WString.o) (ultoa)
c:/senscape/cosmicresearch/firmware/tools/msp430/bin/../lib/gcc/msp430/4.6.3/../../../../msp430/lib/mcpu-430x/mmpy-16\libc.a(ldiv.o)
                              c:/senscape/cosmicresearch/firmware/tools/msp430/bin/../lib/gcc/msp430/4.6.3/../../../../msp430/lib/mcpu-430x/mmpy-16\libc.a(strtol.o) (ldiv)
c:/senscape/cosmicresearch/firmware/tools/msp430/bin/../lib/gcc/msp430/4.6.3/../../../../msp430/lib/mcpu-430x/mmpy-16\libc.a(errno.o)
                              c:/senscape/cosmicresearch/firmware/tools/msp430/bin/../lib/gcc/msp430/4.6.3/../../../../msp430/lib/mcpu-430x/mmpy-16\libc.a(strtol.o) (errno)
c:/senscape/cosmicresearch/firmware/tools/msp430/bin/../lib/gcc/msp430/4.6.3/mcpu-430x/mmpy-16\libcrt0.a(_reset_vector__.o)
                              c:/senscape/cosmicresearch/firmware/tools/msp430/bin/../lib/gcc/msp430/4.6.3/mcpu-430x/mmpy-16/crt0ivtbl32.o (_reset_vector__)
c:/senscape/cosmicresearch/firmware/tools/msp430/bin/../lib/gcc/msp430/4.6.3/mcpu-430x/mmpy-16\libcrt0.a(__watchdog_support.o)
                              c:/senscape/cosmicresearch/firmware/tools/msp430/bin/../lib/gcc/msp430/4.6.3/mcpu-430x/mmpy-16\libcrt0.a(_reset_vector__.o) (__watchdog_support)
c:/senscape/cosmicresearch/firmware/tools/msp430/bin/../lib/gcc/msp430/4.6.3/mcpu-430x/mmpy-16\libcrt0.a(__init_stack.o)
                              c:/senscape/cosmicresearch/firmware/tools/msp430/bin/../lib/gcc/msp430/4.6.3/mcpu-430x/mmpy-16\libcrt0.a(_reset_vector__.o) (__init_stack)
c:/senscape/cosmicresearch/firmware/tools/msp430/bin/../lib/gcc/msp430/4.6.3/mcpu-430x/mmpy-16\libcrt0.a(__low_level_init.o)
                              c:/senscape/cosmicresearch/firmware/tools/msp430/bin/../lib/gcc/msp430/4.6.3/mcpu-430x/mmpy-16\libcrt0.a(_reset_vector__.o) (__low_level_init)
c:/senscape/cosmicresearch/firmware/tools/msp430/bin/../lib/gcc/msp430/4.6.3/mcpu-430x/mmpy-16\libcrt0.a(_copy_data.o)
                              c:/senscape/cosmicresearch/firmware/tools/msp430/bin/../lib/gcc/msp430/4.6.3/mcpu-430x/mmpy-16\libcrt0.a(_reset_vector__.o) (__do_copy_data)
c:/senscape/cosmicresearch/firmware/tools/msp430/bin/../lib/gcc/msp430/4.6.3/mcpu-430x/mmpy-16\libcrt0.a(_clear_bss.o)
                              c:/senscape/cosmicresearch/firmware/tools/msp430/bin/../lib/gcc/msp430/4.6.3/mcpu-430x/mmpy-16\libcrt0.a(_reset_vector__.o) (__do_clear_bss)
c:/senscape/cosmicresearch/firmware/tools/msp430/bin/../lib/gcc/msp430/4.6.3/mcpu-430x/mmpy-16\libcrt0.a(__stop_progExec__.o)
                              c:/senscape/cosmicresearch/firmware/tools/msp430/bin/../lib/gcc/msp430/4.6.3/mcpu-430x/mmpy-16\libcrt0.a(_reset_vector__.o) (__stop_progExec__)
c:/senscape/cosmicresearch/firmware/tools/msp430/bin/../lib/gcc/msp430/4.6.3/mcpu-430x/mmpy-16\libcrt0.a(_endless_loop__.o)
                              c:/senscape/cosmicresearch/firmware/tools/msp430/bin/../lib/gcc/msp430/4.6.3/mcpu-430x/mmpy-16\libcrt0.a(_reset_vector__.o) (_endless_loop__)
c:/senscape/cosmicresearch/firmware/tools/msp430/bin/../lib/gcc/msp430/4.6.3/mcpu-430x/mmpy-16\libcrt0.a(_unexpected_.o)
                              c:/senscape/cosmicresearch/firmware/tools/msp430/bin/../lib/gcc/msp430/4.6.3/mcpu-430x/mmpy-16/crt0ivtbl32.o (_unexpected_)
c:/senscape/cosmicresearch/firmware/tools/msp430/bin/../lib/gcc/msp430/4.6.3/mcpu-430x/mmpy-16\libcrt0.a(_ctors430.o)
                              ./GYRO_01.o (__do_global_ctors)

Allocating common symbols
Common symbol       size              file

errno               0x2               c:/senscape/cosmicresearch/firmware/tools/msp430/bin/../lib/gcc/msp430/4.6.3/../../../../msp430/lib/mcpu-430x/mmpy-16\libc.a(errno.o)
_taskParam          0x40              C:/Senscape/CosmicResearch/firmware/hardware/msp430/cores/msp430f2617/MSP430f2617_core.a(taskman.o)
_task_next          0x20              C:/Senscape/CosmicResearch/firmware/hardware/msp430/cores/msp430f2617/MSP430f2617_core.a(taskman.o)
_task_head          0x1               C:/Senscape/CosmicResearch/firmware/hardware/msp430/cores/msp430f2617/MSP430f2617_core.a(taskman.o)
_task_id            0x1               C:/Senscape/CosmicResearch/firmware/hardware/msp430/cores/msp430f2617/MSP430f2617_core.a(taskman.o)
_taskFunc           0x40              C:/Senscape/CosmicResearch/firmware/hardware/msp430/cores/msp430f2617/MSP430f2617_core.a(taskman.o)
_task_tail          0x1               C:/Senscape/CosmicResearch/firmware/hardware/msp430/cores/msp430f2617/MSP430f2617_core.a(taskman.o)
