Archive member included because of file (symbol)

C:/Senscape/cosmic/hardware/msp430/cores/msp430f2617/MSP430f2617_core.a(Booter.o)
                              ./main.o (Booter::bootAll())
C:/Senscape/cosmic/hardware/msp430/cores/msp430f2617/MSP430f2617_core.a(Print.o)
                              ./MAG_03.o (Print::print(char const*))
C:/Senscape/cosmic/hardware/msp430/cores/msp430f2617/MSP430f2617_core.a(Resource.o)
                              ./MAG_03.o (Resource::Resource(unsigned char))
C:/Senscape/cosmic/hardware/msp430/cores/msp430f2617/MSP430f2617_core.a(SPI.o)
                              ./MAG_03.o (Spi0)
C:/Senscape/cosmic/hardware/msp430/cores/msp430f2617/MSP430f2617_core.a(WDebug.o)
                              ./MAG_03.o (WDebug::begin())
C:/Senscape/cosmic/hardware/msp430/cores/msp430f2617/MSP430f2617_core.a(WString.o)
                              C:/Senscape/cosmic/hardware/msp430/cores/msp430f2617/MSP430f2617_core.a(Print.o) (String::operator[](unsigned int) const)
C:/Senscape/cosmic/hardware/msp430/cores/msp430f2617/MSP430f2617_core.a(new.o)
                              ./MAG_03.o (operator new(unsigned int))
C:/Senscape/cosmic/hardware/msp430/cores/msp430f2617/MSP430f2617_core.a(taskman.o)
                              ./main.o (initTaskman)
C:/Senscape/cosmic/hardware/msp430/cores/msp430f2617/MSP430f2617_core.a(wiring.o)
                              ./main.o (init)
C:/Senscape/cosmic/hardware/msp430/cores/msp430f2617/MSP430f2617_core.a(wiring_counter.o)
                              C:/Senscape/cosmic/hardware/msp430/cores/msp430f2617/MSP430f2617_core.a(wiring.o) (localTimeMicros)
C:/Senscape/cosmic/hardware/msp430/cores/msp430f2617/MSP430f2617_core.a(wiring_spi.o)
                              C:/Senscape/cosmic/hardware/msp430/cores/msp430f2617/MSP430f2617_core.a(SPI.o) (spiConfig)
C:/Senscape/cosmic/hardware/msp430/cores/msp430f2617/MSP430f2617_core.a(platform_timer.o)
                              C:/Senscape/cosmic/hardware/msp430/cores/msp430f2617/MSP430f2617_core.a(wiring_counter.o) (timer_getCounter)
C:/Senscape/cosmic/hardware/msp430/cores/msp430f2617/MSP430f2617_core.a(platform_usci_b.o)
                              C:/Senscape/cosmic/hardware/msp430/cores/msp430f2617/MSP430f2617_core.a(wiring_spi.o) (uscibTxByte)
C:/Senscape/cosmic/hardware/msp430/cores/msp430f2617/MSP430f2617_core.a(platform_usci_isr.o)
                              C:/Senscape/cosmic/hardware/msp430/cores/msp430f2617/MSP430f2617_core.a(platform_usci_b.o) (usci_isr_install)
C:/Senscape/cosmic/hardware/msp430/cores/msp430f2617/MSP430f2617_core.a(Arbiter.o)
                              C:/Senscape/cosmic/hardware/msp430/cores/msp430f2617/MSP430f2617_core.a(Resource.o) (Arbiter::request(unsigned char))
C:/Senscape/cosmic/hardware/msp430/cores/msp430f2617/MSP430f2617_core.a(Serial.o)
                              C:/Senscape/cosmic/hardware/msp430/cores/msp430f2617/MSP430f2617_core.a(WDebug.o) (Serial0)
C:/Senscape/cosmic/hardware/msp430/cores/msp430f2617/MSP430f2617_core.a(wiring_digital.o)
                              C:/Senscape/cosmic/hardware/msp430/cores/msp430f2617/MSP430f2617_core.a(platform_usci_b.o) (pinMode)
C:/Senscape/cosmic/hardware/msp430/cores/msp430f2617/MSP430f2617_core.a(wiring_timer.o)
                              C:/Senscape/cosmic/hardware/msp430/cores/msp430f2617/MSP430f2617_core.a(platform_timer.o) (timer_c_isr)
C:/Senscape/cosmic/hardware/msp430/cores/msp430f2617/MSP430f2617_core.a(wiring_uart.o)
                              C:/Senscape/cosmic/hardware/msp430/cores/msp430f2617/MSP430f2617_core.a(Serial.o) (uartConfig)
C:/Senscape/cosmic/hardware/msp430/cores/msp430f2617/MSP430f2617_core.a(platform_capcom.o)
                              C:/Senscape/cosmic/hardware/msp430/cores/msp430f2617/MSP430f2617_core.a(wiring_timer.o) (capcom_setCapComControlAsCompare)
C:/Senscape/cosmic/hardware/msp430/cores/msp430f2617/MSP430f2617_core.a(platform_gpio.o)
                              C:/Senscape/cosmic/hardware/msp430/cores/msp430f2617/MSP430f2617_core.a(platform_usci_b.o) (gpio_setModeFuncPin)
C:/Senscape/cosmic/hardware/msp430/cores/msp430f2617/MSP430f2617_core.a(platform_usci_a.o)
                              C:/Senscape/cosmic/hardware/msp430/cores/msp430f2617/MSP430f2617_core.a(wiring_uart.o) (usciaTxByte)
C:/Senscape/cosmic/hardware/msp430/libraries/msp430f2617/MAG_lib/Debug/libMAG_lib.a(SensMAG.o)
                              ./MAG_03.o (SensMAG::attachStartDone(void (*)(unsigned char)))
C:/Senscape/cosmic/hardware/msp430/libraries/msp430f2617/SENSFUS_lib/Debug/libSENSFUS_lib.a(SensorFusion.o)
                              ./MAG_03.o (SensFusion::magGetOrientation(sensaxis_t, lsm9ds0_data_t*, sensfusion_data_t*))
C:/Senscape/cosmic/tools/msp430/msp430/lib/libm.a(ef_atan2.o)
                              C:/Senscape/cosmic/hardware/msp430/libraries/msp430f2617/SENSFUS_lib/Debug/libSENSFUS_lib.a(SensorFusion.o) (atan2)
[...]
Memory Configuration

Name             Origin             Length             Attributes
sfr              0x00000000         0x00000010
peripheral_8bit  0x00000010         0x000000f0
peripheral_16bit 0x00000100         0x00000100
ram_mirror       0x00000200         0x00000800         xw
infomem          0x00001000         0x00000100
infod            0x00001000         0x00000040
infoc            0x00001040         0x00000040
infob            0x00001080         0x00000040
infoa            0x000010c0         0x00000040
ram              0x00001100         0x00002000         xw
rom              0x00003100         0x0000cebe         xr
vectors          0x0000ffc0         0x00000040
far_rom          0x00010000         0x0000a000
bsl              0x00000000         0x00000000
ram2             0x00000000         0x00000000         xw
usbram           0x00000000         0x00000000         xw
*default*        0x00000000         0xffffffff

Linker script and memory map

LOAD c:/senscape/cosmic/tools/msp430/bin/../lib/gcc/msp430/4.6.3/mcpu-430x/mmpy-16/crt0ivtbl32.o
LOAD c:/senscape/cosmic/tools/msp430/bin/../lib/gcc/msp430/4.6.3/../../../../msp430/lib/mcpu-430x/mmpy-16\libm.a
LOAD ./MAG_03.o
LOAD ./main.o
START GROUP
LOAD c:/senscape/cosmic/tools/msp430/bin/../lib/gcc/msp430/4.6.3/../../../../msp430/lib/mcpu-430x/mmpy-16\libm.a
LOAD c:/senscape/cosmic/tools/msp430/bin/../lib/gcc/msp430/4.6.3/../../../../msp430/lib/mcpu-430x/mmpy-16\libc.a
LOAD c:/senscape/cosmic/tools/msp430/bin/../lib/gcc/msp430/4.6.3/mcpu-430x/mmpy-16\libgcc.a
END GROUP
LOAD ../ADC_lib.a
LOAD C:/Senscape/cosmic/hardware/msp430/cores/msp430f2617/MSP430f2617_core.a
LOAD ../libADXL377_lib.a
LOAD C:/Senscape/cosmic/hardware/msp430/libraries/msp430f2617/MAG_lib/Debug/libMAG_lib.a
LOAD C:/Senscape/cosmic/hardware/msp430/libraries/msp430f2617/SENSFUS_lib/Debug/libSENSFUS_lib.a
LOAD C:/Senscape/cosmic/tools/msp430/msp430/lib/libm.a
LOAD c:/senscape/cosmic/tools/msp430/bin/../lib/gcc/msp430/4.6.3/mcpu-430x/mmpy-16\libgcc.a
LOAD c:/senscape/cosmic/tools/msp430/bin/../lib/gcc/msp430/4.6.3/../../../../msp430/lib/mcpu-430x/mmpy-16\libc.a
LOAD c:/senscape/cosmic/tools/msp430/bin/../lib/gcc/msp430/4.6.3/mcpu-430x/mmpy-16\libgcc.a
LOAD c:/senscape/cosmic/tools/msp430/bin/../lib/gcc/msp430/4.6.3/mcpu-430x/mmpy-16\libcrt0.a
                0x00000040                PROVIDE (__info_segment_size, 0x40)
                0x00001000                PROVIDE (__infod, 0x1000)
                0x00001040                PROVIDE (__infoc, 0x1040)
                0x00001080                PROVIDE (__infob, 0x1080)
                0x000010c0                PROVIDE (__infoa, 0x10c0)
                0x00000000                __IE1 = 0x0
                0x00000002                __IFG1 = 0x2
                0x00000001                __IE2 = 0x1
                0x00000003                __IFG2 = 0x3
                0x00000006                __UC1IE = 0x6
                0x00000007                __UC1IFG = 0x7
                0x000001a0                __ADC12CTL0 = 0x1a0
                0x000001a2                __ADC12CTL1 = 0x1a2
                0x000001a4                __ADC12IFG = 0x1a4
                0x000001a6                __ADC12IE = 0x1a6
                0x000001a8                __ADC12IV = 0x1a8
                0x00000140                __ADC12MEM0 = 0x140
                0x00000142                __ADC12MEM1 = 0x142
                0x00000144                __ADC12MEM2 = 0x144
                0x00000146                __ADC12MEM3 = 0x146
                0x00000148                __ADC12MEM4 = 0x148
                0x0000014a                __ADC12MEM5 = 0x14a
                0x0000014c                __ADC12MEM6 = 0x14c
                0x0000014e                __ADC12MEM7 = 0x14e
                0x00000150                __ADC12MEM8 = 0x150
                0x00000152                __ADC12MEM9 = 0x152
                0x00000154                __ADC12MEM10 = 0x154
                0x00000156                __ADC12MEM11 = 0x156
                0x00000158                __ADC12MEM12 = 0x158
                0x0000015a                __ADC12MEM13 = 0x15a
                0x0000015c                __ADC12MEM14 = 0x15c
                0x0000015e                __ADC12MEM15 = 0x15e
                0x00000080                __ADC12MCTL0 = 0x80
                0x00000081                __ADC12MCTL1 = 0x81
                0x00000082                __ADC12MCTL2 = 0x82
                0x00000083                __ADC12MCTL3 = 0x83
                0x00000084                __ADC12MCTL4 = 0x84
                0x00000085                __ADC12MCTL5 = 0x85
                0x00000086                __ADC12MCTL6 = 0x86
                0x00000087                __ADC12MCTL7 = 0x87
                0x00000088                __ADC12MCTL8 = 0x88
                0x00000089                __ADC12MCTL9 = 0x89
                0x0000008a                __ADC12MCTL10 = 0x8a
                0x0000008b                __ADC12MCTL11 = 0x8b
                0x0000008c                __ADC12MCTL12 = 0x8c
                0x0000008d                __ADC12MCTL13 = 0x8d
                0x0000008e                __ADC12MCTL14 = 0x8e
                0x0000008f                __ADC12MCTL15 = 0x8f
                0x00000056                __DCOCTL = 0x56
                0x00000057                __BCSCTL1 = 0x57
                0x00000058                __BCSCTL2 = 0x58
                0x00000053                __BCSCTL3 = 0x53
                0x00000059                __CACTL1 = 0x59
                0x0000005a                __CACTL2 = 0x5a
                0x0000005b                __CAPD = 0x5b
                0x000001c0                __DAC12_0CTL = 0x1c0
                0x000001c2                __DAC12_1CTL = 0x1c2
                0x000001c8                __DAC12_0DAT = 0x1c8
                0x000001ca                __DAC12_1DAT = 0x1ca
                0x00000122                __DMACTL0 = 0x122
                0x00000124                __DMACTL1 = 0x124
                0x00000126                __DMAIV = 0x126
                0x000001d0                __DMA0CTL = 0x1d0
                0x000001dc                __DMA1CTL = 0x1dc
                0x000001e8                __DMA2CTL = 0x1e8
                0x000001d2                __DMA0SA = 0x1d2
                0x000001d2                __DMA0SAL = 0x1d2
                0x000001d6                __DMA0DA = 0x1d6
                0x000001d6                __DMA0DAL = 0x1d6
                0x000001da                __DMA0SZ = 0x1da
                0x000001de                __DMA1SA = 0x1de
                0x000001de                __DMA1SAL = 0x1de
                0x000001e2                __DMA1DA = 0x1e2
                0x000001e2                __DMA1DAL = 0x1e2
                0x000001e6                __DMA1SZ = 0x1e6
                0x000001ea                __DMA2SA = 0x1ea
                0x000001ea                __DMA2SAL = 0x1ea
                0x000001ee                __DMA2DA = 0x1ee
                0x000001ee                __DMA2DAL = 0x1ee
                0x000001f2                __DMA2SZ = 0x1f2
                0x00000128                __FCTL1 = 0x128
                0x0000012a                __FCTL2 = 0x12a
                0x0000012c                __FCTL3 = 0x12c
                0x000001be                __FCTL4 = 0x1be
                0x00000130                __MPY = 0x130
                0x00000132                __MPYS = 0x132
                0x00000134                __MAC = 0x134
                0x00000136                __MACS = 0x136
                0x00000138                __OP2 = 0x138
                0x0000013a                __RESLO = 0x13a
                0x0000013c                __RESHI = 0x13c
                0x0000013e                __SUMEXT = 0x13e
                0x00000020                __P1IN = 0x20
                0x00000021                __P1OUT = 0x21
                0x00000022                __P1DIR = 0x22
                0x00000023                __P1IFG = 0x23
                0x00000024                __P1IES = 0x24
                0x00000025                __P1IE = 0x25
                0x00000026                __P1SEL = 0x26
                0x00000027                __P1REN = 0x27
                0x00000028                __P2IN = 0x28
                0x00000029                __P2OUT = 0x29
                0x0000002a                __P2DIR = 0x2a
                0x0000002b                __P2IFG = 0x2b
                0x0000002c                __P2IES = 0x2c
                0x0000002d                __P2IE = 0x2d
                0x0000002e                __P2SEL = 0x2e
                0x0000002f                __P2REN = 0x2f
                0x00000018                __P3IN = 0x18
                0x00000019                __P3OUT = 0x19
                0x0000001a                __P3DIR = 0x1a
                0x0000001b                __P3SEL = 0x1b
                0x00000010                __P3REN = 0x10
                0x0000001c                __P4IN = 0x1c
                0x0000001d                __P4OUT = 0x1d
                0x0000001e                __P4DIR = 0x1e
                0x0000001f                __P4SEL = 0x1f
                0x00000011                __P4REN = 0x11
                0x00000030                __P5IN = 0x30
                0x00000031                __P5OUT = 0x31
                0x00000032                __P5DIR = 0x32
                0x00000033                __P5SEL = 0x33
                0x00000012                __P5REN = 0x12
                0x00000034                __P6IN = 0x34
                0x00000035                __P6OUT = 0x35
                0x00000036                __P6DIR = 0x36
                0x00000037                __P6SEL = 0x37
                0x00000013                __P6REN = 0x13
                0x00000038                __P7IN = 0x38
                0x0000003a                __P7OUT = 0x3a
                0x0000003c                __P7DIR = 0x3c
                0x0000003e                __P7SEL = 0x3e
                0x00000014                __P7REN = 0x14
                0x00000039                __P8IN = 0x39
                0x0000003b                __P8OUT = 0x3b
                0x0000003d                __P8DIR = 0x3d
                0x0000003f                __P8SEL = 0x3f
                0x00000015                __P8REN = 0x15
                0x00000038                __PAIN = 0x38
                0x0000003a                __PAOUT = 0x3a
                0x0000003c                __PADIR = 0x3c
                0x0000003e                __PASEL = 0x3e
                0x00000014                __PAREN = 0x14
                0x00000055                __SVSCTL = 0x55
                0x0000012e                __TAIV = 0x12e
                0x00000160                __TACTL = 0x160
                0x00000162                __TACCTL0 = 0x162
                0x00000164                __TACCTL1 = 0x164
                0x00000166                __TACCTL2 = 0x166
                0x00000170                __TAR = 0x170
                0x00000172                __TACCR0 = 0x172
                0x00000174                __TACCR1 = 0x174
                0x00000176                __TACCR2 = 0x176
                0x0000011e                __TBIV = 0x11e
                0x00000180                __TBCTL = 0x180
                0x00000182                __TBCCTL0 = 0x182
                0x00000184                __TBCCTL1 = 0x184
                0x00000186                __TBCCTL2 = 0x186
                0x00000188                __TBCCTL3 = 0x188
                0x0000018a                __TBCCTL4 = 0x18a
                0x0000018c                __TBCCTL5 = 0x18c
                0x0000018e                __TBCCTL6 = 0x18e
                0x00000190                __TBR = 0x190
                0x00000192                __TBCCR0 = 0x192
                0x00000194                __TBCCR1 = 0x194
                0x00000196                __TBCCR2 = 0x196
                0x00000198                __TBCCR3 = 0x198
                0x0000019a                __TBCCR4 = 0x19a
                0x0000019c                __TBCCR5 = 0x19c
                0x0000019e                __TBCCR6 = 0x19e
                0x00000060                __UCA0CTL0 = 0x60
                0x00000061                __UCA0CTL1 = 0x61
                0x00000062                __UCA0BR0 = 0x62
                0x00000063                __UCA0BR1 = 0x63
                0x00000064                __UCA0MCTL = 0x64
                0x00000065                __UCA0STAT = 0x65
                0x00000066                __UCA0RXBUF = 0x66
                0x00000067                __UCA0TXBUF = 0x67
                0x0000005d                __UCA0ABCTL = 0x5d
                0x0000005e                __UCA0IRTCTL = 0x5e
                0x0000005f                __UCA0IRRCTL = 0x5f
                0x00000068                __UCB0CTL0 = 0x68
                0x00000069                __UCB0CTL1 = 0x69
                0x0000006a                __UCB0BR0 = 0x6a
                0x0000006b                __UCB0BR1 = 0x6b
                0x0000006c                __UCB0I2CIE = 0x6c
                0x0000006d                __UCB0STAT = 0x6d
                0x0000006e                __UCB0RXBUF = 0x6e
                0x0000006f                __UCB0TXBUF = 0x6f
                0x00000118                __UCB0I2COA = 0x118
                0x0000011a                __UCB0I2CSA = 0x11a
                0x000000d0                __UCA1CTL0 = 0xd0
                0x000000d1                __UCA1CTL1 = 0xd1
                0x000000d2                __UCA1BR0 = 0xd2
                0x000000d3                __UCA1BR1 = 0xd3
                0x000000d4                __UCA1MCTL = 0xd4
                0x000000d5                __UCA1STAT = 0xd5
                0x000000d6                __UCA1RXBUF = 0xd6
                0x000000d7                __UCA1TXBUF = 0xd7
                0x000000cd                __UCA1ABCTL = 0xcd
                0x000000ce                __UCA1IRTCTL = 0xce
                0x000000cf                __UCA1IRRCTL = 0xcf
                0x000000d8                __UCB1CTL0 = 0xd8
                0x000000d9                __UCB1CTL1 = 0xd9
                0x000000da                __UCB1BR0 = 0xda
                0x000000db                __UCB1BR1 = 0xdb
                0x000000dc                __UCB1I2CIE = 0xdc
                0x000000dd                __UCB1STAT = 0xdd
                0x000000de                __UCB1RXBUF = 0xde
                0x000000df                __UCB1TXBUF = 0xdf
                0x0000017c                __UCB1I2COA = 0x17c
                0x0000017e                __UCB1I2CSA = 0x17e
                0x00000120                __WDTCTL = 0x120
                0x000010c0                __TLV_CHECKSUM = 0x10c0
                0x000010f6                __TLV_DCO_30_TAG = 0x10f6
                0x000010f7                __TLV_DCO_30_LEN = 0x10f7
                0x000010da                __TLV_ADC12_1_TAG = 0x10da
                0x000010db                __TLV_ADC12_1_LEN = 0x10db
                0x000010f8                __CALDCO_16MHZ = 0x10f8
                0x000010f9                __CALBC1_16MHZ = 0x10f9
                0x000010fa                __CALDCO_12MHZ = 0x10fa
                0x000010fb                __CALBC1_12MHZ = 0x10fb
                0x000010fc                __CALDCO_8MHZ = 0x10fc
                0x000010fd                __CALBC1_8MHZ = 0x10fd
                0x000010fe                __CALDCO_1MHZ = 0x10fe
                0x000010ff                __CALBC1_1MHZ = 0x10ff

.hash
 *(.hash)

.dynsym
 *(.dynsym)

.dynstr
 *(.dynstr)

.gnu.version
 *(.gnu.version)

.gnu.version_d
 *(.gnu.version_d)

.gnu.version_r
 *(.gnu.version_r)

.rel.init
 *(.rel.init)

.rela.init
 *(.rela.init)

.rel.fini
 *(.rel.fini)

.rela.fini
 *(.rela.fini)

.rel.text
 *(.rel.text .rel.text.* .rel.gnu.linkonce.t.*)

.rela.text
 *(.rela.text .rela.text.* .rela.gnu.linkonce.t.*)

.rel.rodata
 *(.rel.rodata .rel.rodata.* .rel.gnu.linkonce.r.*)

.rela.rodata
 *(.rela.rodata .rela.rodata.* .rela.gnu.linkonce.r.*)

.rel.data
 *(.rel.data .rel.data.* .rel.gnu.linkonce.d.*)

.rela.data
 *(.rela.data .rela.data.* .rela.gnu.linkonce.d.*)

.rel.bss
 *(.rel.bss .rel.bss.* .rel.gnu.linkonce.b.*)

.rela.bss
 *(.rela.bss .rela.bss.* .rela.gnu.linkonce.b.*)

.rel.ctors
 *(.rel.ctors)

.rela.ctors
 *(.rela.ctors)

.rel.dtors
 *(.rel.dtors)

.rela.dtors
 *(.rela.dtors)

.rel.got
 *(.rel.got)

.rela.got
 *(.rela.got)

.rel.plt
 *(.rel.plt)

.rela.plt
 *(.rela.plt)

.text           0x00003100     0x3426
                0x00003100                . = ALIGN (0x2)
 *(.init .init.*)
 *(.init0)
 .init0         0x00003100        0x0 c:/senscape/cosmic/tools/msp430/bin/../lib/gcc/msp430/4.6.3/mcpu-430x/mmpy-16\libcrt0.a(_reset_vector__.o)
                0x00003100                _reset_vector__
 *(.init1)
 .init1         0x00003100        0xc c:/senscape/cosmic/tools/msp430/bin/../lib/gcc/msp430/4.6.3/mcpu-430x/mmpy-16\libcrt0.a(__watchdog_support.o)
                0x00003100                __watchdog_support
 *(.init2)
 .init2         0x0000310c        0x4 c:/senscape/cosmic/tools/msp430/bin/../lib/gcc/msp430/4.6.3/mcpu-430x/mmpy-16\libcrt0.a(__init_stack.o)
                0x0000310c                __init_stack
 *(.init3)
 .init3         0x00003110        0x0 c:/senscape/cosmic/tools/msp430/bin/../lib/gcc/msp430/4.6.3/mcpu-430x/mmpy-16\libcrt0.a(__low_level_init.o)
                0x00003110                __low_level_init
 *(.init4)
 .init4         0x00003110       0x18 c:/senscape/cosmic/tools/msp430/bin/../lib/gcc/msp430/4.6.3/mcpu-430x/mmpy-16\libcrt0.a(_copy_data.o)
                0x00003110                __do_copy_data
 .init4         0x00003128       0x16 c:/senscape/cosmic/tools/msp430/bin/../lib/gcc/msp430/4.6.3/mcpu-430x/mmpy-16\libcrt0.a(_clear_bss.o)
                0x00003128                __do_clear_bss
 *(.init5)
 *(.init6)
 .init6         0x0000313e       0x14 c:/senscape/cosmic/tools/msp430/bin/../lib/gcc/msp430/4.6.3/mcpu-430x/mmpy-16\libcrt0.a(_ctors430.o)
                0x0000313e                __do_global_ctors
 *(.init7)
 *(.init8)
 *(.init9)
 .init9         0x00003152       0x38 ./main.o
                0x00003152                main
 *(.fini9)
 .fini9         0x0000318a        0x0 c:/senscape/cosmic/tools/msp430/bin/../lib/gcc/msp430/4.6.3/mcpu-430x/mmpy-16\libcrt0.a(__stop_progExec__.o)
                0x0000318a                __stop_progExec__
 *(.fini8)
 *(.fini7)
 *(.fini6)
 *(.fini5)
 *(.fini4)
 *(.fini3)
 *(.fini2)
 *(.fini1)
 *(.fini0)
 .fini0         0x0000318a        0x6 c:/senscape/cosmic/tools/msp430/bin/../lib/gcc/msp430/4.6.3/mcpu-430x/mmpy-16\libcrt0.a(_endless_loop__.o)
                0x0000318a                _endless_loop__
 *(.fini .fini.*)
                0x00003190                . = ALIGN (0x2)
                0x00003190                __ctors_start = .
 *(.ctors)
 .ctors         0x00003190        0x2 ./MAG_03.o
 .ctors         0x00003192        0x2 C:/Senscape/cosmic/hardware/msp430/cores/msp430f2617/MSP430f2617_core.a(SPI.o)
 .ctors         0x00003194        0x2 C:/Senscape/cosmic/hardware/msp430/cores/msp430f2617/MSP430f2617_core.a(WDebug.o)
 .ctors         0x00003196        0x2 C:/Senscape/cosmic/hardware/msp430/cores/msp430f2617/MSP430f2617_core.a(Arbiter.o)
 .ctors         0x00003198        0x2 C:/Senscape/cosmic/hardware/msp430/cores/msp430f2617/MSP430f2617_core.a(Serial.o)
 .ctors         0x0000319a        0x2 C:/Senscape/cosmic/hardware/msp430/libraries/msp430f2617/MAG_lib/Debug/libMAG_lib.a(SensMAG.o)
                0x0000319c                __ctors_end = .
                0x0000319c                __dtors_start = .
 *(.dtors)
                0x0000319c                __dtors_end = .
                0x0000319c                . = ALIGN (0x2)
 *(.text .text.* .gnu.linkonce.t.*)
 .text          0x0000319c        0x4 c:/senscape/cosmic/tools/msp430/bin/../lib/gcc/msp430/4.6.3/mcpu-430x/mmpy-16/crt0ivtbl32.o
                0x0000319c                __isr_14
                0x0000319c                __isr_4
                0x0000319c                __isr_19
                0x0000319c                __isr_11
                0x0000319c                __isr_5
                0x0000319c                __isr_2
                0x0000319c                __isr_10
                0x0000319c                __isr_7
                0x0000319c                __isr_0
                0x0000319c                __isr_8
                0x0000319c                __isr_20
                0x0000319c                __isr_3
                0x0000319c                __isr_18
                0x0000319c                __isr_12
                0x0000319c                __isr_13
                0x0000319c                __isr_27
                0x0000319c                __isr_9
                0x0000319c                __isr_30
                0x0000319c                __isr_6
                0x0000319c                __isr_1
                0x0000319c                __isr_15
                0x0000319c                __isr_21
 .text.loop     0x000031a0        0x2 ./MAG_03.o
                0x000031a0                loop
 .text._ZN6WDebug7printlnIPKcEERS_T_
                0x000031a2       0x22 ./MAG_03.o
                0x000031a2                WDebug& WDebug::println<char const*>(char const*)
 .text._Z17onCalibrationDoneh
                0x000031c4       0x18 ./MAG_03.o
                0x000031c4                onCalibrationDone(unsigned char)
 .text._Z11onStartDoneh
                0x000031dc       0x28 ./MAG_03.o
                0x000031dc                onStartDone(unsigned char)
 .text.setup    0x00003204       0x7e ./MAG_03.o
                0x00003204                setup
 .text._ZN6WDebug5printIPKcEERS_T_
                0x00003282       0x1e ./MAG_03.o
                0x00003282                WDebug& WDebug::print<char const*>(char const*)
 .text._Z10onReadDoneP13sensor_data_th
                0x000032a0       0xea ./MAG_03.o
                0x000032a0                onReadDone(sensor_data_t*, unsigned char)
 .text.startup._GLOBAL__sub_I_mag_resource
                0x0000338a       0x2c ./MAG_03.o
 .text._ZN6Booter14onBootDoneTaskEPv
                0x000033b6       0x10 C:/Senscape/cosmic/hardware/msp430/cores/msp430f2617/MSP430f2617_core.a(Booter.o)
                0x000033b6                Booter::onBootDoneTask(void*)
 .text._ZN6Booter7bootAllEv
                0x000033c6       0x1c C:/Senscape/cosmic/hardware/msp430/cores/msp430f2617/MSP430f2617_core.a(Booter.o)
                0x000033c6                Booter::bootAll()
 .text._ZN6Booter9getResultEv
                0x000033e2        0x6 C:/Senscape/cosmic/hardware/msp430/cores/msp430f2617/MSP430f2617_core.a(Booter.o)
                0x000033e2                Booter::getResult()
 .text._ZN5Print5writeEPKhj
                0x000033e8       0x22 C:/Senscape/cosmic/hardware/msp430/cores/msp430f2617/MSP430f2617_core.a(Print.o)
                0x000033e8                Print::write(unsigned char const*, unsigned int)
 .text._ZN5Print5writeEPKc
                0x0000340a       0x16 C:/Senscape/cosmic/hardware/msp430/cores/msp430f2617/MSP430f2617_core.a(Print.o)
                0x0000340a                Print::write(char const*)
 .text._ZN5Print9printLongEmh
                0x00003420       0x7c C:/Senscape/cosmic/hardware/msp430/cores/msp430f2617/MSP430f2617_core.a(Print.o)
                0x00003420                Print::printLong(unsigned long, unsigned char)
 .text._ZN5Print5printEPKc
                0x0000349c        0x6 C:/Senscape/cosmic/hardware/msp430/cores/msp430f2617/MSP430f2617_core.a(Print.o)
                0x0000349c                Print::print(char const*)
 .text._ZN5Print5printEc
                0x000034a2        0x6 C:/Senscape/cosmic/hardware/msp430/cores/msp430f2617/MSP430f2617_core.a(Print.o)
                0x000034a2                Print::print(char)
 .text._ZN5Print5printEli
                0x000034a8       0x50 C:/Senscape/cosmic/hardware/msp430/cores/msp430f2617/MSP430f2617_core.a(Print.o)
                0x000034a8                Print::print(long, int)
 .text._ZN5Print5printEii
                0x000034f8       0x18 C:/Senscape/cosmic/hardware/msp430/cores/msp430f2617/MSP430f2617_core.a(Print.o)
                0x000034f8                Print::print(int, int)
 .text._ZN5Print5printEmi
                0x00003510       0x1c C:/Senscape/cosmic/hardware/msp430/cores/msp430f2617/MSP430f2617_core.a(Print.o)
                0x00003510                Print::print(unsigned long, int)
 .text._ZN5Print10printFloatEdh
                0x0000352c       0xf2 C:/Senscape/cosmic/hardware/msp430/cores/msp430f2617/MSP430f2617_core.a(Print.o)
                0x0000352c                Print::printFloat(double, unsigned char)
 .text._ZN5Print7printlnEv
                0x0000361e       0x1e C:/Senscape/cosmic/hardware/msp430/cores/msp430f2617/MSP430f2617_core.a(Print.o)
                0x0000361e                Print::println()
 .text._ZN5Print7printlnEPKc
                0x0000363c       0x16 C:/Senscape/cosmic/hardware/msp430/cores/msp430f2617/MSP430f2617_core.a(Print.o)
                0x0000363c                Print::println(char const*)
 .text._ZN5Print7printlnEdi
                0x00003652       0x16 C:/Senscape/cosmic/hardware/msp430/cores/msp430f2617/MSP430f2617_core.a(Print.o)
                0x00003652                Print::println(double, int)
 .text._ZN8Resource15resourceGrantedEhh
                0x00003668       0x1a C:/Senscape/cosmic/hardware/msp430/cores/msp430f2617/MSP430f2617_core.a(Resource.o)
                0x00003668                Resource::resourceGranted(unsigned char, unsigned char)
 .text._ZN8ResourceC2Eh
                0x00003682       0x5a C:/Senscape/cosmic/hardware/msp430/cores/msp430f2617/MSP430f2617_core.a(Resource.o)
                0x00003682                Resource::Resource(unsigned char)
                0x00003682                Resource::Resource(unsigned char)
 .text._ZN8Resource7requestEv
                0x000036dc       0x16 C:/Senscape/cosmic/hardware/msp430/cores/msp430f2617/MSP430f2617_core.a(Resource.o)
                0x000036dc                Resource::request()
 .text._ZN8Resource7releaseEv
                0x000036f2       0x16 C:/Senscape/cosmic/hardware/msp430/cores/msp430f2617/MSP430f2617_core.a(Resource.o)
                0x000036f2                Resource::release()
 .text._ZN8Resource21attachResourceGrantedEPFvvE
                0x00003708       0x18 C:/Senscape/cosmic/hardware/msp430/cores/msp430f2617/MSP430f2617_core.a(Resource.o)
                0x00003708                Resource::attachResourceGranted(void (*)())
 .text._ZN8Resource21detachResourceGrantedEv
                0x00003720       0x18 C:/Senscape/cosmic/hardware/msp430/cores/msp430f2617/MSP430f2617_core.a(Resource.o)
                0x00003720                Resource::detachResourceGranted()
 .text._ZN3SPI8onTxDoneEh
                0x00003738        0x2 C:/Senscape/cosmic/hardware/msp430/cores/msp430f2617/MSP430f2617_core.a(SPI.o)
                0x00003738                SPI::onTxDone(unsigned char)
 .text._ZN3SPIC2Ehj
                0x0000373a       0x44 C:/Senscape/cosmic/hardware/msp430/cores/msp430f2617/MSP430f2617_core.a(SPI.o)
                0x0000373a                SPI::SPI(unsigned char, unsigned int)
                0x0000373a                SPI::SPI(unsigned char, unsigned int)
 .text._ZN3SPI17continueOperationEP12spi_buffer_th
                0x0000377e       0x90 C:/Senscape/cosmic/hardware/msp430/cores/msp430f2617/MSP430f2617_core.a(SPI.o)
                0x0000377e                SPI::continueOperation(spi_buffer_t*, unsigned char)
 .text._ZN3SPI8onRxDoneEh
                0x0000380e       0x5c C:/Senscape/cosmic/hardware/msp430/cores/msp430f2617/MSP430f2617_core.a(SPI.o)
                0x0000380e                SPI::onRxDone(unsigned char)
 .text._ZN3SPI5beginEv
                0x0000386a        0xc C:/Senscape/cosmic/hardware/msp430/cores/msp430f2617/MSP430f2617_core.a(SPI.o)
                0x0000386a                SPI::begin()
 .text._ZN3SPI3endEv
                0x00003876        0x8 C:/Senscape/cosmic/hardware/msp430/cores/msp430f2617/MSP430f2617_core.a(SPI.o)
                0x00003876                SPI::end()
 .text._ZN3SPI8transferEh
                0x0000387e       0x36 C:/Senscape/cosmic/hardware/msp430/cores/msp430f2617/MSP430f2617_core.a(SPI.o)
                0x0000387e                SPI::transfer(unsigned char)
 .text._ZN3SPI8transferEPhS0_j
                0x000038b4       0x48 C:/Senscape/cosmic/hardware/msp430/cores/msp430f2617/MSP430f2617_core.a(SPI.o)
                0x000038b4                SPI::transfer(unsigned char*, unsigned char*, unsigned int)
 .text._ZN3SPI18attachTransferDoneEPFvPhS0_jhE
                0x000038fc        0xa C:/Senscape/cosmic/hardware/msp430/cores/msp430f2617/MSP430f2617_core.a(SPI.o)
                0x000038fc                SPI::attachTransferDone(void (*)(unsigned char*, unsigned char*, unsigned int, unsigned char))
 .text._ZN3SPI18detachTransferDoneEv
                0x00003906        0xa C:/Senscape/cosmic/hardware/msp430/cores/msp430f2617/MSP430f2617_core.a(SPI.o)
                0x00003906                SPI::detachTransferDone()
 .text.startup._GLOBAL__sub_I_spi_buffer
                0x00003910       0x1a C:/Senscape/cosmic/hardware/msp430/cores/msp430f2617/MSP430f2617_core.a(SPI.o)
 .text._ZN6WDebugC2Ehm
                0x0000392a       0x36 C:/Senscape/cosmic/hardware/msp430/cores/msp430f2617/MSP430f2617_core.a(WDebug.o)
                0x0000392a                WDebug::WDebug(unsigned char, unsigned long)
                0x0000392a                WDebug::WDebug(unsigned char, unsigned long)
 .text._ZN6WDebug5beginEv
                0x00003960       0x10 C:/Senscape/cosmic/hardware/msp430/cores/msp430f2617/MSP430f2617_core.a(WDebug.o)
                0x00003960                WDebug::begin()
 .text.startup._GLOBAL__sub_I__ZN6WDebugC2Ehm
                0x00003970       0x12 C:/Senscape/cosmic/hardware/msp430/cores/msp430f2617/MSP430f2617_core.a(WDebug.o)
 .text._Znwj    0x00003982        0x6 C:/Senscape/cosmic/hardware/msp430/cores/msp430f2617/MSP430f2617_core.a(new.o)
                0x00003982                operator new(unsigned int)
 .text.__iRestore.isra.0
                0x00003988        0xe C:/Senscape/cosmic/hardware/msp430/cores/msp430f2617/MSP430f2617_core.a(taskman.o)
 .text.isWaiting
                0x00003996       0x22 C:/Senscape/cosmic/hardware/msp430/cores/msp430f2617/MSP430f2617_core.a(taskman.o)
                0x00003996                isWaiting
 .text.pushTask
                0x000039b8       0x48 C:/Senscape/cosmic/hardware/msp430/cores/msp430f2617/MSP430f2617_core.a(taskman.o)
                0x000039b8                pushTask
 .text.initTaskman
                0x00003a00       0x22 C:/Senscape/cosmic/hardware/msp430/cores/msp430f2617/MSP430f2617_core.a(taskman.o)
                0x00003a00                initTaskman
 .text.runNextTask
                0x00003a22       0x66 C:/Senscape/cosmic/hardware/msp430/cores/msp430f2617/MSP430f2617_core.a(taskman.o)
                0x00003a22                runNextTask
 .text.postTask
                0x00003a88       0x32 C:/Senscape/cosmic/hardware/msp430/cores/msp430f2617/MSP430f2617_core.a(taskman.o)
                0x00003a88                postTask
 .text.initTimers
                0x00003aba       0x46 C:/Senscape/cosmic/hardware/msp430/cores/msp430f2617/MSP430f2617_core.a(wiring.o)
                0x00003aba                initTimers
 .text.startTimers
                0x00003b00       0x22 C:/Senscape/cosmic/hardware/msp430/cores/msp430f2617/MSP430f2617_core.a(wiring.o)
                0x00003b00                startTimers
 .text.getRandomSeedFromVLO
                0x00003b22       0x50 C:/Senscape/cosmic/hardware/msp430/cores/msp430f2617/MSP430f2617_core.a(wiring.o)
                0x00003b22                getRandomSeedFromVLO
 .text.initDCO  0x00003b72       0x12 C:/Senscape/cosmic/hardware/msp430/cores/msp430f2617/MSP430f2617_core.a(wiring.o)
                0x00003b72                initDCO
 .text.syncDCO  0x00003b84       0x72 C:/Senscape/cosmic/hardware/msp430/cores/msp430f2617/MSP430f2617_core.a(wiring.o)
                0x00003b84                syncDCO
 .text.init     0x00003bf6       0xe0 C:/Senscape/cosmic/hardware/msp430/cores/msp430f2617/MSP430f2617_core.a(wiring.o)
                0x00003bf6                init
 .text.wdt_isr  0x00003cd6        0x6 C:/Senscape/cosmic/hardware/msp430/cores/msp430f2617/MSP430f2617_core.a(wiring.o)
                0x00003cd6                wdt_isr
                0x00003cd6                __isr_26
 .text.wait     0x00003cdc       0x1c C:/Senscape/cosmic/hardware/msp430/cores/msp430f2617/MSP430f2617_core.a(wiring.o)
                0x00003cdc                wait
 .text.delay    0x00003cf8        0x6 C:/Senscape/cosmic/hardware/msp430/cores/msp430f2617/MSP430f2617_core.a(wiring.o)
                0x00003cf8                delay
 .text.timer_a_overflow_isr
                0x00003cfe       0x16 C:/Senscape/cosmic/hardware/msp430/cores/msp430f2617/MSP430f2617_core.a(wiring_counter.o)
                0x00003cfe                timer_a_overflow_isr
 .text.timer_b_and_c_overflow_isr
                0x00003d14       0x16 C:/Senscape/cosmic/hardware/msp430/cores/msp430f2617/MSP430f2617_core.a(wiring_counter.o)
                0x00003d14                timer_b_and_c_overflow_isr
 .text.spiConfig
                0x00003d2a        0xc C:/Senscape/cosmic/hardware/msp430/cores/msp430f2617/MSP430f2617_core.a(wiring_spi.o)
                0x00003d2a                spiConfig
 .text.spiUnconfig
                0x00003d36        0x6 C:/Senscape/cosmic/hardware/msp430/cores/msp430f2617/MSP430f2617_core.a(wiring_spi.o)
                0x00003d36                spiUnconfig
 .text.spiTxByte
                0x00003d3c        0xc C:/Senscape/cosmic/hardware/msp430/cores/msp430f2617/MSP430f2617_core.a(wiring_spi.o)
                0x00003d3c                spiTxByte
 .text.spiRxByte
                0x00003d48        0x6 C:/Senscape/cosmic/hardware/msp430/cores/msp430f2617/MSP430f2617_core.a(wiring_spi.o)
                0x00003d48                spiRxByte
 .text.spiEnableRxIntr
                0x00003d4e        0x6 C:/Senscape/cosmic/hardware/msp430/cores/msp430f2617/MSP430f2617_core.a(wiring_spi.o)
                0x00003d4e                spiEnableRxIntr
 .text.spiDisableRxIntr
                0x00003d54        0x6 C:/Senscape/cosmic/hardware/msp430/cores/msp430f2617/MSP430f2617_core.a(wiring_spi.o)
                0x00003d54                spiDisableRxIntr
 .text.spiIsRxIntrPending
                0x00003d5a        0x6 C:/Senscape/cosmic/hardware/msp430/cores/msp430f2617/MSP430f2617_core.a(wiring_spi.o)
                0x00003d5a                spiIsRxIntrPending
 .text.spiClrRxIntr
                0x00003d60        0x6 C:/Senscape/cosmic/hardware/msp430/cores/msp430f2617/MSP430f2617_core.a(wiring_spi.o)
                0x00003d60                spiClrRxIntr
 .text.spiAttachTxIntr
                0x00003d66        0x6 C:/Senscape/cosmic/hardware/msp430/cores/msp430f2617/MSP430f2617_core.a(wiring_spi.o)
                0x00003d66                spiAttachTxIntr
 .text.spiAttachRxIntr
                0x00003d6c        0x6 C:/Senscape/cosmic/hardware/msp430/cores/msp430f2617/MSP430f2617_core.a(wiring_spi.o)
                0x00003d6c                spiAttachRxIntr
 .text.uscibtx_spi_isr
                0x00003d72        0x6 C:/Senscape/cosmic/hardware/msp430/cores/msp430f2617/MSP430f2617_core.a(wiring_spi.o)
                0x00003d72                uscibtx_spi_isr
 .text.uscibrx_spi_isr
                0x00003d78        0x6 C:/Senscape/cosmic/hardware/msp430/cores/msp430f2617/MSP430f2617_core.a(wiring_spi.o)
                0x00003d78                uscibrx_spi_isr
 .text.timera0_isr
                0x00003d7e        0xe C:/Senscape/cosmic/hardware/msp430/cores/msp430f2617/MSP430f2617_core.a(platform_timer.o)
                0x00003d7e                timera0_isr
                0x00003d7e                __isr_25
 .text.timera1_isr
                0x00003d8c       0x2c C:/Senscape/cosmic/hardware/msp430/cores/msp430f2617/MSP430f2617_core.a(platform_timer.o)
                0x00003d8c                timera1_isr
                0x00003d8c                __isr_24
 .text.timerb0_isr
                0x00003db8       0x10 C:/Senscape/cosmic/hardware/msp430/cores/msp430f2617/MSP430f2617_core.a(platform_timer.o)
                0x00003db8                __isr_29
                0x00003db8                timerb0_isr
 .text.timerb1_isr
                0x00003dc8       0x4c C:/Senscape/cosmic/hardware/msp430/cores/msp430f2617/MSP430f2617_core.a(platform_timer.o)
                0x00003dc8                __isr_28
                0x00003dc8                timerb1_isr
 .text.int_to_ubctl0
                0x00003e14        0x4 C:/Senscape/cosmic/hardware/msp430/cores/msp430f2617/MSP430f2617_core.a(platform_usci_b.o)
                0x00003e14                int_to_ubctl0
 .text.uscibSetBr
                0x00003e18       0x22 C:/Senscape/cosmic/hardware/msp430/cores/msp430f2617/MSP430f2617_core.a(platform_usci_b.o)
                0x00003e18                uscibSetBr
 .text.uscibReset
                0x00003e3a       0x2e C:/Senscape/cosmic/hardware/msp430/cores/msp430f2617/MSP430f2617_core.a(platform_usci_b.o)
                0x00003e3a                uscibReset
 .text.uscibIsSpi
                0x00003e68       0x2c C:/Senscape/cosmic/hardware/msp430/cores/msp430f2617/MSP430f2617_core.a(platform_usci_b.o)
                0x00003e68                uscibIsSpi
 .text.uscibIsI2C
                0x00003e94       0x26 C:/Senscape/cosmic/hardware/msp430/cores/msp430f2617/MSP430f2617_core.a(platform_usci_b.o)
                0x00003e94                uscibIsI2C
 .text.uscibGetMode
                0x00003eba       0x26 C:/Senscape/cosmic/hardware/msp430/cores/msp430f2617/MSP430f2617_core.a(platform_usci_b.o)
                0x00003eba                uscibGetMode
 .text.uscibConfigPin
                0x00003ee0       0x54 C:/Senscape/cosmic/hardware/msp430/cores/msp430f2617/MSP430f2617_core.a(platform_usci_b.o)
                0x00003ee0                uscibConfigPin
 .text.uscibEnableSpi
                0x00003f34       0x3e C:/Senscape/cosmic/hardware/msp430/cores/msp430f2617/MSP430f2617_core.a(platform_usci_b.o)
                0x00003f34                uscibEnableSpi
 .text.uscibDisableSpi
                0x00003f72       0x3e C:/Senscape/cosmic/hardware/msp430/cores/msp430f2617/MSP430f2617_core.a(platform_usci_b.o)
                0x00003f72                uscibDisableSpi
 .text.uscibConfigSpi
                0x00003fb0       0x34 C:/Senscape/cosmic/hardware/msp430/cores/msp430f2617/MSP430f2617_core.a(platform_usci_b.o)
                0x00003fb0                uscibConfigSpi
 .text.uscibDisableI2C
                0x00003fe4       0x2a C:/Senscape/cosmic/hardware/msp430/cores/msp430f2617/MSP430f2617_core.a(platform_usci_b.o)
                0x00003fe4                uscibDisableI2C
 .text.uscibTxByte
                0x0000400e       0x14 C:/Senscape/cosmic/hardware/msp430/cores/msp430f2617/MSP430f2617_core.a(platform_usci_b.o)
                0x0000400e                uscibTxByte
 .text.uscibRxByte
                0x00004022       0x12 C:/Senscape/cosmic/hardware/msp430/cores/msp430f2617/MSP430f2617_core.a(platform_usci_b.o)
                0x00004022                uscibRxByte
 .text.uscibDisableRxIntr
                0x00004034       0x14 C:/Senscape/cosmic/hardware/msp430/cores/msp430f2617/MSP430f2617_core.a(platform_usci_b.o)
                0x00004034                uscibDisableRxIntr
 .text.uscibDisableIntr
                0x00004048       0x14 C:/Senscape/cosmic/hardware/msp430/cores/msp430f2617/MSP430f2617_core.a(platform_usci_b.o)
                0x00004048                uscibDisableIntr
 .text.uscibEnableRxIntr
                0x0000405c       0x10 C:/Senscape/cosmic/hardware/msp430/cores/msp430f2617/MSP430f2617_core.a(platform_usci_b.o)
                0x0000405c                uscibEnableRxIntr
 .text.uscibClrRxIntr
                0x0000406c       0x14 C:/Senscape/cosmic/hardware/msp430/cores/msp430f2617/MSP430f2617_core.a(platform_usci_b.o)
                0x0000406c                uscibClrRxIntr
 .text.uscibClrIntr
                0x00004080       0x14 C:/Senscape/cosmic/hardware/msp430/cores/msp430f2617/MSP430f2617_core.a(platform_usci_b.o)
                0x00004080                uscibClrIntr
 .text.uscibSetModeSpi
                0x00004094       0x38 C:/Senscape/cosmic/hardware/msp430/cores/msp430f2617/MSP430f2617_core.a(platform_usci_b.o)
                0x00004094                uscibSetModeSpi
 .text.uscibSetModePin
                0x000040cc       0x44 C:/Senscape/cosmic/hardware/msp430/cores/msp430f2617/MSP430f2617_core.a(platform_usci_b.o)
                0x000040cc                uscibSetModePin
 .text.uscibIsRxIntrPending
                0x00004110       0x20 C:/Senscape/cosmic/hardware/msp430/cores/msp430f2617/MSP430f2617_core.a(platform_usci_b.o)
                0x00004110                uscibIsRxIntrPending
 .text.usci_isr_install
                0x00004130        0x2 C:/Senscape/cosmic/hardware/msp430/cores/msp430f2617/MSP430f2617_core.a(platform_usci_isr.o)
                0x00004130                usci_isr_install
 .text.usci0tx_isr
                0x00004132       0x5e C:/Senscape/cosmic/hardware/msp430/cores/msp430f2617/MSP430f2617_core.a(platform_usci_isr.o)
                0x00004132                usci0tx_isr
                0x00004132                __isr_22
 .text.usci0rx_isr
                0x00004190       0x48 C:/Senscape/cosmic/hardware/msp430/cores/msp430f2617/MSP430f2617_core.a(platform_usci_isr.o)
                0x00004190                usci0rx_isr
                0x00004190                __isr_23
 .text.usci1tx_isr
                0x000041d8       0x5e C:/Senscape/cosmic/hardware/msp430/cores/msp430f2617/MSP430f2617_core.a(platform_usci_isr.o)
                0x000041d8                usci1tx_isr
                0x000041d8                __isr_16
 .text.usci1rx_isr
                0x00004236       0x48 C:/Senscape/cosmic/hardware/msp430/cores/msp430f2617/MSP430f2617_core.a(platform_usci_isr.o)
                0x00004236                usci1rx_isr
                0x00004236                __isr_17
 .text._ZN7Arbiter21onResourceGrantedTaskEPv
                0x0000427e       0x10 C:/Senscape/cosmic/hardware/msp430/cores/msp430f2617/MSP430f2617_core.a(Arbiter.o)
                0x0000427e                Arbiter::onResourceGrantedTask(void*)
 .text._ZL10__iRestorePKh.isra.0
                0x0000428e        0xe C:/Senscape/cosmic/hardware/msp430/cores/msp430f2617/MSP430f2617_core.a(Arbiter.o)
 .text._ZN7ArbiterC2Eh
                0x0000429c       0x32 C:/Senscape/cosmic/hardware/msp430/cores/msp430f2617/MSP430f2617_core.a(Arbiter.o)
                0x0000429c                Arbiter::Arbiter(unsigned char)
                0x0000429c                Arbiter::Arbiter(unsigned char)
 .text._ZN7Arbiter10isEnqueuedEh
                0x000042ce       0x20 C:/Senscape/cosmic/hardware/msp430/cores/msp430f2617/MSP430f2617_core.a(Arbiter.o)
                0x000042ce                Arbiter::isEnqueued(unsigned char)
 .text._ZN7Arbiter7dequeueEv
                0x000042ee       0x32 C:/Senscape/cosmic/hardware/msp430/cores/msp430f2617/MSP430f2617_core.a(Arbiter.o)
                0x000042ee                Arbiter::dequeue()
 .text._ZN7Arbiter7enqueueEh
                0x00004320       0x42 C:/Senscape/cosmic/hardware/msp430/cores/msp430f2617/MSP430f2617_core.a(Arbiter.o)
                0x00004320                Arbiter::enqueue(unsigned char)
 .text._ZN7Arbiter7requestEh
                0x00004362       0x3c C:/Senscape/cosmic/hardware/msp430/cores/msp430f2617/MSP430f2617_core.a(Arbiter.o)
                0x00004362                Arbiter::request(unsigned char)
 .text._ZN7Arbiter7releaseEh
                0x0000439e       0x5a C:/Senscape/cosmic/hardware/msp430/cores/msp430f2617/MSP430f2617_core.a(Arbiter.o)
                0x0000439e                Arbiter::release(unsigned char)
 .text._ZN7Arbiter21attachResourceGrantedEPFvhhE
                0x000043f8        0xc C:/Senscape/cosmic/hardware/msp430/cores/msp430f2617/MSP430f2617_core.a(Arbiter.o)
                0x000043f8                Arbiter::attachResourceGranted(void (*)(unsigned char, unsigned char))
 .text.startup._GLOBAL__sub_I_resource_queue
                0x00004404       0x2c C:/Senscape/cosmic/hardware/msp430/cores/msp430f2617/MSP430f2617_core.a(Arbiter.o)
 .text._ZN6Serial9availableEv
                0x00004430       0x12 C:/Senscape/cosmic/hardware/msp430/cores/msp430f2617/MSP430f2617_core.a(Serial.o)
                0x00004430                Serial::available()
 .text._ZN6Serial4peekEv
                0x00004442       0x1e C:/Senscape/cosmic/hardware/msp430/cores/msp430f2617/MSP430f2617_core.a(Serial.o)
                0x00004442                Serial::peek()
 .text._ZN6Serial4readEv
                0x00004460       0x2c C:/Senscape/cosmic/hardware/msp430/cores/msp430f2617/MSP430f2617_core.a(Serial.o)
                0x00004460                Serial::read()
 .text._ZN6Serial7rxFlushEv
                0x0000448c        0xc C:/Senscape/cosmic/hardware/msp430/cores/msp430f2617/MSP430f2617_core.a(Serial.o)
                0x0000448c                Serial::rxFlush()
 .text._ZN6Serial5readyEv
                0x00004498       0x16 C:/Senscape/cosmic/hardware/msp430/cores/msp430f2617/MSP430f2617_core.a(Serial.o)
                0x00004498                Serial::ready()
 .text._ZN6Serial5writeEh
                0x000044ae       0x38 C:/Senscape/cosmic/hardware/msp430/cores/msp430f2617/MSP430f2617_core.a(Serial.o)
                0x000044ae                Serial::write(unsigned char)
 .text._ZN6Serial7txFlushEv
                0x000044e6       0x16 C:/Senscape/cosmic/hardware/msp430/cores/msp430f2617/MSP430f2617_core.a(Serial.o)
                0x000044e6                Serial::txFlush()
 .text._ZN6Serial8onRxDoneEh
                0x000044fc       0x46 C:/Senscape/cosmic/hardware/msp430/cores/msp430f2617/MSP430f2617_core.a(Serial.o)
                0x000044fc                Serial::onRxDone(unsigned char)
 .text._ZN6Serial8onTxDoneEh
                0x00004542       0x4e C:/Senscape/cosmic/hardware/msp430/cores/msp430f2617/MSP430f2617_core.a(Serial.o)
                0x00004542                Serial::onTxDone(unsigned char)
 .text._Z12serialEvent0v
                0x00004590        0x2 C:/Senscape/cosmic/hardware/msp430/cores/msp430f2617/MSP430f2617_core.a(Serial.o)
                0x00004590                serialEvent0()
 .text._Z12serialEvent1v
                0x00004592        0x2 C:/Senscape/cosmic/hardware/msp430/cores/msp430f2617/MSP430f2617_core.a(Serial.o)
                0x00004592                serialEvent1()
 .text._Z14serialEventRunv
                0x00004594       0x22 C:/Senscape/cosmic/hardware/msp430/cores/msp430f2617/MSP430f2617_core.a(Serial.o)
                0x00004594                serialEventRun()
 .text._ZN6SerialC2Ehhh
                0x000045b6       0x72 C:/Senscape/cosmic/hardware/msp430/cores/msp430f2617/MSP430f2617_core.a(Serial.o)
                0x000045b6                Serial::Serial(unsigned char, unsigned char, unsigned char)
                0x000045b6                Serial::Serial(unsigned char, unsigned char, unsigned char)
 .text._ZN6Serial5beginEm
                0x00004628       0x4a C:/Senscape/cosmic/hardware/msp430/cores/msp430f2617/MSP430f2617_core.a(Serial.o)
                0x00004628                Serial::begin(unsigned long)
 .text.startup._GLOBAL__sub_I_serial_tx_buffer
                0x00004672       0x1e C:/Senscape/cosmic/hardware/msp430/cores/msp430f2617/MSP430f2617_core.a(Serial.o)
 .text.pinMode  0x00004690       0x38 C:/Senscape/cosmic/hardware/msp430/cores/msp430f2617/MSP430f2617_core.a(wiring_digital.o)
                0x00004690                pinMode
 .text.digitalWrite
                0x000046c8       0x38 C:/Senscape/cosmic/hardware/msp430/cores/msp430f2617/MSP430f2617_core.a(wiring_digital.o)
                0x000046c8                digitalWrite
 .text.timer_a_isr
                0x00004700        0x6 C:/Senscape/cosmic/hardware/msp430/cores/msp430f2617/MSP430f2617_core.a(wiring_timer.o)
                0x00004700                timer_a_isr
 .text.timer_b_isr
                0x00004706        0x6 C:/Senscape/cosmic/hardware/msp430/cores/msp430f2617/MSP430f2617_core.a(wiring_timer.o)
                0x00004706                timer_b_isr
 .text.timer_c_isr
                0x0000470c        0x6 C:/Senscape/cosmic/hardware/msp430/cores/msp430f2617/MSP430f2617_core.a(wiring_timer.o)
                0x0000470c                timer_c_isr
 .text.uartConfig
                0x00004712        0xc C:/Senscape/cosmic/hardware/msp430/cores/msp430f2617/MSP430f2617_core.a(wiring_uart.o)
                0x00004712                uartConfig
 .text.uartTxByte
                0x0000471e        0xc C:/Senscape/cosmic/hardware/msp430/cores/msp430f2617/MSP430f2617_core.a(wiring_uart.o)
                0x0000471e                uartTxByte
 .text.uartRxByte
                0x0000472a        0x6 C:/Senscape/cosmic/hardware/msp430/cores/msp430f2617/MSP430f2617_core.a(wiring_uart.o)
                0x0000472a                uartRxByte
 .text.uartEnableTxIntr
                0x00004730        0x6 C:/Senscape/cosmic/hardware/msp430/cores/msp430f2617/MSP430f2617_core.a(wiring_uart.o)
                0x00004730                uartEnableTxIntr
 .text.uartDisableTxIntr
                0x00004736        0x6 C:/Senscape/cosmic/hardware/msp430/cores/msp430f2617/MSP430f2617_core.a(wiring_uart.o)
                0x00004736                uartDisableTxIntr
 .text.uartEnableRxIntr
                0x0000473c        0x6 C:/Senscape/cosmic/hardware/msp430/cores/msp430f2617/MSP430f2617_core.a(wiring_uart.o)
                0x0000473c                uartEnableRxIntr
 .text.uartAttachTxIntr
                0x00004742        0x6 C:/Senscape/cosmic/hardware/msp430/cores/msp430f2617/MSP430f2617_core.a(wiring_uart.o)
                0x00004742                uartAttachTxIntr
 .text.uartAttachRxIntr
                0x00004748        0x6 C:/Senscape/cosmic/hardware/msp430/cores/msp430f2617/MSP430f2617_core.a(wiring_uart.o)
                0x00004748                uartAttachRxIntr
 .text.usciatx_isr
                0x0000474e        0x6 C:/Senscape/cosmic/hardware/msp430/cores/msp430f2617/MSP430f2617_core.a(wiring_uart.o)
                0x0000474e                usciatx_isr
 .text.usciarx_isr
                0x00004754        0x6 C:/Senscape/cosmic/hardware/msp430/cores/msp430f2617/MSP430f2617_core.a(wiring_uart.o)
                0x00004754                usciarx_isr
 .text.gpio_setModeFuncOutputPin
                0x0000475a       0x16 C:/Senscape/cosmic/hardware/msp430/cores/msp430f2617/MSP430f2617_core.a(platform_gpio.o)
                0x0000475a                gpio_setModeFuncOutputPin
 .text.gpio_setModeFuncInputPin
                0x00004770       0x16 C:/Senscape/cosmic/hardware/msp430/cores/msp430f2617/MSP430f2617_core.a(platform_gpio.o)
                0x00004770                gpio_setModeFuncInputPin
 .text.gpio_setModeFuncPin
                0x00004786       0x24 C:/Senscape/cosmic/hardware/msp430/cores/msp430f2617/MSP430f2617_core.a(platform_gpio.o)
                0x00004786                gpio_setModeFuncPin
 .text.gpio_isIOFunc
                0x000047aa       0x14 C:/Senscape/cosmic/hardware/msp430/cores/msp430f2617/MSP430f2617_core.a(platform_gpio.o)
                0x000047aa                gpio_isIOFunc
 .text.gpio_makeOutput
                0x000047be       0x16 C:/Senscape/cosmic/hardware/msp430/cores/msp430f2617/MSP430f2617_core.a(platform_gpio.o)
                0x000047be                gpio_makeOutput
 .text.gpio_makeInput
                0x000047d4       0x24 C:/Senscape/cosmic/hardware/msp430/cores/msp430f2617/MSP430f2617_core.a(platform_gpio.o)
                0x000047d4                gpio_makeInput
 .text.gpio_makeInputWithPullDown
                0x000047f8       0x32 C:/Senscape/cosmic/hardware/msp430/cores/msp430f2617/MSP430f2617_core.a(platform_gpio.o)
                0x000047f8                gpio_makeInputWithPullDown
 .text.gpio_makeInputWithPullUp
                0x0000482a       0x32 C:/Senscape/cosmic/hardware/msp430/cores/msp430f2617/MSP430f2617_core.a(platform_gpio.o)
                0x0000482a                gpio_makeInputWithPullUp
 .text.gpio_setPin
                0x0000485c        0xe C:/Senscape/cosmic/hardware/msp430/cores/msp430f2617/MSP430f2617_core.a(platform_gpio.o)
                0x0000485c                gpio_setPin
 .text.gpio_clearPin
                0x0000486a        0xe C:/Senscape/cosmic/hardware/msp430/cores/msp430f2617/MSP430f2617_core.a(platform_gpio.o)
                0x0000486a                gpio_clearPin
 .text.usciaSetBr
                0x00004878       0x22 C:/Senscape/cosmic/hardware/msp430/cores/msp430f2617/MSP430f2617_core.a(platform_usci_a.o)
                0x00004878                usciaSetBr
 .text.usciaReset
                0x0000489a       0x2e C:/Senscape/cosmic/hardware/msp430/cores/msp430f2617/MSP430f2617_core.a(platform_usci_a.o)
                0x0000489a                usciaReset
 .text.usciaEnableUart
                0x000048c8       0x2a C:/Senscape/cosmic/hardware/msp430/cores/msp430f2617/MSP430f2617_core.a(platform_usci_a.o)
                0x000048c8                usciaEnableUart
 .text.usciaConfigUart
                0x000048f2       0x42 C:/Senscape/cosmic/hardware/msp430/cores/msp430f2617/MSP430f2617_core.a(platform_usci_a.o)
                0x000048f2                usciaConfigUart
 .text.usciaTxByte
                0x00004934       0x14 C:/Senscape/cosmic/hardware/msp430/cores/msp430f2617/MSP430f2617_core.a(platform_usci_a.o)
                0x00004934                usciaTxByte
 .text.usciaRxByte
                0x00004948       0x12 C:/Senscape/cosmic/hardware/msp430/cores/msp430f2617/MSP430f2617_core.a(platform_usci_a.o)
                0x00004948                usciaRxByte
 .text.usciaDisableTxIntr
                0x0000495a       0x14 C:/Senscape/cosmic/hardware/msp430/cores/msp430f2617/MSP430f2617_core.a(platform_usci_a.o)
                0x0000495a                usciaDisableTxIntr
 .text.usciaDisableIntr
                0x0000496e       0x14 C:/Senscape/cosmic/hardware/msp430/cores/msp430f2617/MSP430f2617_core.a(platform_usci_a.o)
                0x0000496e                usciaDisableIntr
 .text.usciaEnableRxIntr
                0x00004982       0x10 C:/Senscape/cosmic/hardware/msp430/cores/msp430f2617/MSP430f2617_core.a(platform_usci_a.o)
                0x00004982                usciaEnableRxIntr
 .text.usciaEnableTxIntr
                0x00004992       0x10 C:/Senscape/cosmic/hardware/msp430/cores/msp430f2617/MSP430f2617_core.a(platform_usci_a.o)
                0x00004992                usciaEnableTxIntr
 .text.usciaClrIntr
                0x000049a2       0x14 C:/Senscape/cosmic/hardware/msp430/cores/msp430f2617/MSP430f2617_core.a(platform_usci_a.o)
                0x000049a2                usciaClrIntr
 .text.usciaSetModeUart
                0x000049b6       0x38 C:/Senscape/cosmic/hardware/msp430/cores/msp430f2617/MSP430f2617_core.a(platform_usci_a.o)
                0x000049b6                usciaSetModeUart
 .text._ZN7SensMAG9isStartedEv
                0x000049ee        0x6 C:/Senscape/cosmic/hardware/msp430/libraries/msp430f2617/MAG_lib/Debug/libMAG_lib.a(SensMAG.o)
                0x000049ee                SensMAG::isStarted()
 .text._ZN7SensMAG7readNowEv
                0x000049f4        0x4 C:/Senscape/cosmic/hardware/msp430/libraries/msp430f2617/MAG_lib/Debug/libMAG_lib.a(SensMAG.o)
                0x000049f4                SensMAG::readNow()
 .text._ZN7SensMAG15attachStartDoneEPFvhE
                0x000049f8        0x6 C:/Senscape/cosmic/hardware/msp430/libraries/msp430f2617/MAG_lib/Debug/libMAG_lib.a(SensMAG.o)
                0x000049f8                SensMAG::attachStartDone(void (*)(unsigned char))
 .text._ZN7SensMAG14attachStopDoneEPFvhE
                0x000049fe        0x6 C:/Senscape/cosmic/hardware/msp430/libraries/msp430f2617/MAG_lib/Debug/libMAG_lib.a(SensMAG.o)
                0x000049fe                SensMAG::attachStopDone(void (*)(unsigned char))
 .text._ZN7SensMAG14attachReadDoneEPFvP13sensor_data_thE
                0x00004a04        0x6 C:/Senscape/cosmic/hardware/msp430/libraries/msp430f2617/MAG_lib/Debug/libMAG_lib.a(SensMAG.o)
                0x00004a04                SensMAG::attachReadDone(void (*)(sensor_data_t*, unsigned char))
 .text._ZN7SensMAG16onSignalDoneTaskEPv
                0x00004a0a       0x96 C:/Senscape/cosmic/hardware/msp430/libraries/msp430f2617/MAG_lib/Debug/libMAG_lib.a(SensMAG.o)
                0x00004a0a                SensMAG::onSignalDoneTask(void*)
 .text._ZN7SensMAG16onSpiTranferDoneEPhS0_jh
                0x00004aa0       0xd0 C:/Senscape/cosmic/hardware/msp430/libraries/msp430f2617/MAG_lib/Debug/libMAG_lib.a(SensMAG.o)
                0x00004aa0                SensMAG::onSpiTranferDone(unsigned char*, unsigned char*, unsigned int, unsigned char)
 .text._ZN7SensMAG4readEv
                0x00004b70       0x24 C:/Senscape/cosmic/hardware/msp430/libraries/msp430f2617/MAG_lib/Debug/libMAG_lib.a(SensMAG.o)
                0x00004b70                SensMAG::read()
 .text._ZN7SensMAG4stopEv
                0x00004b94       0x18 C:/Senscape/cosmic/hardware/msp430/libraries/msp430f2617/MAG_lib/Debug/libMAG_lib.a(SensMAG.o)
                0x00004b94                SensMAG::stop()
 .text._ZN7SensMAG5startEv
                0x00004bac       0x3e C:/Senscape/cosmic/hardware/msp430/libraries/msp430f2617/MAG_lib/Debug/libMAG_lib.a(SensMAG.o)
                0x00004bac                SensMAG::start()
 .text._ZN7SensMAGC2EP3SPIP8Resource9mag_scale7mag_odr
                0x00004bea       0x80 C:/Senscape/cosmic/hardware/msp430/libraries/msp430f2617/MAG_lib/Debug/libMAG_lib.a(SensMAG.o)
                0x00004bea                SensMAG::SensMAG(SPI*, Resource*, mag_scale, mag_odr)
                0x00004bea                SensMAG::SensMAG(SPI*, Resource*, mag_scale, mag_odr)
 .text._ZN7SensMAG8calcmResEv
                0x00004c6a       0x34 C:/Senscape/cosmic/hardware/msp430/libraries/msp430f2617/MAG_lib/Debug/libMAG_lib.a(SensMAG.o)
                0x00004c6a                SensMAG::calcmRes()
 .text._ZN7SensMAG12readRegisterEh
                0x00004c9e       0x38 C:/Senscape/cosmic/hardware/msp430/libraries/msp430f2617/MAG_lib/Debug/libMAG_lib.a(SensMAG.o)
                0x00004c9e                SensMAG::readRegister(unsigned char)
 .text._ZN7SensMAG10readBufferEhPhh
                0x00004cd6       0x38 C:/Senscape/cosmic/hardware/msp430/libraries/msp430f2617/MAG_lib/Debug/libMAG_lib.a(SensMAG.o)
                0x00004cd6                SensMAG::readBuffer(unsigned char, unsigned char*, unsigned char)
 .text._ZN7SensMAG13writeRegisterEhh
                0x00004d0e       0x32 C:/Senscape/cosmic/hardware/msp430/libraries/msp430f2617/MAG_lib/Debug/libMAG_lib.a(SensMAG.o)
                0x00004d0e                SensMAG::writeRegister(unsigned char, unsigned char)
 .text._ZN7SensMAG7initMagEv
                0x00004d40       0x86 C:/Senscape/cosmic/hardware/msp430/libraries/msp430f2617/MAG_lib/Debug/libMAG_lib.a(SensMAG.o)
                0x00004d40                SensMAG::initMag()
 .text._ZN7SensMAG11setMagScaleE9mag_scale
                0x00004dc6       0x2c C:/Senscape/cosmic/hardware/msp430/libraries/msp430f2617/MAG_lib/Debug/libMAG_lib.a(SensMAG.o)
                0x00004dc6                SensMAG::setMagScale(mag_scale)
 .text._ZN7SensMAG9setMagODRE7mag_odr
                0x00004df2       0x24 C:/Senscape/cosmic/hardware/msp430/libraries/msp430f2617/MAG_lib/Debug/libMAG_lib.a(SensMAG.o)
                0x00004df2                SensMAG::setMagODR(mag_odr)
 .text._ZN7SensMAG20onSpiResourceGrantedEv
                0x00004e16      0x112 C:/Senscape/cosmic/hardware/msp430/libraries/msp430f2617/MAG_lib/Debug/libMAG_lib.a(SensMAG.o)
                0x00004e16                SensMAG::onSpiResourceGranted()
 .text._ZN7SensMAG21attachCalibrationDoneEPFvhE
                0x00004f28        0x6 C:/Senscape/cosmic/hardware/msp430/libraries/msp430f2617/MAG_lib/Debug/libMAG_lib.a(SensMAG.o)
                0x00004f28                SensMAG::attachCalibrationDone(void (*)(unsigned char))
 .text.startup._GLOBAL__sub_I_lsm9ds0_buffer_mag
                0x00004f2e       0x12 C:/Senscape/cosmic/hardware/msp430/libraries/msp430f2617/MAG_lib/Debug/libMAG_lib.a(SensMAG.o)
 .text._ZN10SensFusionC2Ev
                0x00004f40        0x2 C:/Senscape/cosmic/hardware/msp430/libraries/msp430f2617/SENSFUS_lib/Debug/libSENSFUS_lib.a(SensorFusion.o)
                0x00004f40                SensFusion::SensFusion()
                0x00004f40                SensFusion::SensFusion()
 .text._ZN10SensFusion17magGetOrientationE10sensaxis_tP14lsm9ds0_data_tP17sensfusion_data_t
                0x00004f42       0xd8 C:/Senscape/cosmic/hardware/msp430/libraries/msp430f2617/SENSFUS_lib/Debug/libSENSFUS_lib.a(SensorFusion.o)
                0x00004f42                SensFusion::magGetOrientation(sensaxis_t, lsm9ds0_data_t*, sensfusion_data_t*)
 .text          0x0000501a      0x290 C:/Senscape/cosmic/tools/msp430/msp430/lib/libm.a(ef_atan2.o)
                0x0000501a                __ieee754_atan2f
                0x0000529e                atan2f
                0x000052a4                atan2
 .text          0x000052aa      0x35a C:/Senscape/cosmic/tools/msp430/msp430/lib/libm.a(sf_atan.o)
                0x000052aa                atanf
                0x000055fe                atan
 .text.libgcc   0x00005604       0x38 c:/senscape/cosmic/tools/msp430/bin/../lib/gcc/msp430/4.6.3/mcpu-430x/mmpy-16\libgcc.a(_udivmod32.o)
                0x00005604                __ext_udivmod32
                0x00005604                __udivsi3
                0x00005632                __umodsi3
 .text          0x0000563c       0x3c c:/senscape/cosmic/tools/msp430/bin/../lib/gcc/msp430/4.6.3/mcpu-430x/mmpy-16\libgcc.a(_fixunssfsi.o)
                0x0000563c                __fixunssfsi
 .text          0x00005678      0x318 c:/senscape/cosmic/tools/msp430/bin/../lib/gcc/msp430/4.6.3/mcpu-430x/mmpy-16\libgcc.a(_addsub_sf.o)
                0x000058f4                __addsf3
                0x00005940                __subsf3
 .text          0x00005990      0x21e c:/senscape/cosmic/tools/msp430/bin/../lib/gcc/msp430/4.6.3/mcpu-430x/mmpy-16\libgcc.a(_mul_sf.o)
                0x00005990                __mulsf3
 .text          0x00005bae      0x14a c:/senscape/cosmic/tools/msp430/bin/../lib/gcc/msp430/4.6.3/mcpu-430x/mmpy-16\libgcc.a(_div_sf.o)
                0x00005bae                __divsf3
 .text          0x00005cf8       0x50 c:/senscape/cosmic/tools/msp430/bin/../lib/gcc/msp430/4.6.3/mcpu-430x/mmpy-16\libgcc.a(_gt_sf.o)
                0x00005cf8                __gtsf2
 .text          0x00005d48       0x50 c:/senscape/cosmic/tools/msp430/bin/../lib/gcc/msp430/4.6.3/mcpu-430x/mmpy-16\libgcc.a(_ge_sf.o)
                0x00005d48                __gesf2
 .text          0x00005d98       0x50 c:/senscape/cosmic/tools/msp430/bin/../lib/gcc/msp430/4.6.3/mcpu-430x/mmpy-16\libgcc.a(_lt_sf.o)
                0x00005d98                __ltsf2
 .text          0x00005de8       0xa2 c:/senscape/cosmic/tools/msp430/bin/../lib/gcc/msp430/4.6.3/mcpu-430x/mmpy-16\libgcc.a(_si_to_sf.o)
                0x00005de8                __floatsisf
 .text          0x00005e8a       0x90 c:/senscape/cosmic/tools/msp430/bin/../lib/gcc/msp430/4.6.3/mcpu-430x/mmpy-16\libgcc.a(_sf_to_si.o)
                0x00005e8a                __fixsfsi
 .text          0x00005f1a       0xe0 c:/senscape/cosmic/tools/msp430/bin/../lib/gcc/msp430/4.6.3/mcpu-430x/mmpy-16\libgcc.a(_usi_to_sf.o)
                0x00005f1a                __floatunsisf
 .text          0x00005ffa       0x6a c:/senscape/cosmic/tools/msp430/bin/../lib/gcc/msp430/4.6.3/mcpu-430x/mmpy-16\libgcc.a(_clzsi2.o)
                0x00005ffa                __clzsi2
 .text          0x00006064      0x1c6 c:/senscape/cosmic/tools/msp430/bin/../lib/gcc/msp430/4.6.3/mcpu-430x/mmpy-16\libgcc.a(_pack_sf.o)
                0x00006064                __pack_f
 .text          0x0000622a      0x10c c:/senscape/cosmic/tools/msp430/bin/../lib/gcc/msp430/4.6.3/mcpu-430x/mmpy-16\libgcc.a(_unpack_sf.o)
                0x0000622a                __unpack_f
 .text          0x00006336       0xa4 c:/senscape/cosmic/tools/msp430/bin/../lib/gcc/msp430/4.6.3/mcpu-430x/mmpy-16\libgcc.a(_fpcmp_parts_sf.o)
                0x00006336                __fpcmp_parts_f
 .text          0x000063da       0x5c c:/senscape/cosmic/tools/msp430/bin/../lib/gcc/msp430/4.6.3/../../../../msp430/lib/mcpu-430x/mmpy-16\libc.a(memset.o)
                0x000063da                memset
 .text          0x00006436       0xee c:/senscape/cosmic/tools/msp430/bin/../lib/gcc/msp430/4.6.3/../../../../msp430/lib/mcpu-430x/mmpy-16\libc.a(malloc.o)
                0x00006436                malloc
                0x0000651c                free
 .text.crt0     0x00006524        0x2 c:/senscape/cosmic/tools/msp430/bin/../lib/gcc/msp430/4.6.3/mcpu-430x/mmpy-16\libcrt0.a(_unexpected_.o)
                0x00006524                _unexpected_
                0x00006526                . = ALIGN (0x2)

.rodata         0x00006526      0x27a
                0x00006526                . = ALIGN (0x2)
 *(.rodata .rodata.* .gnu.linkonce.r.*)
 .rodata._Z17onCalibrationDoneh
                0x00006526       0x17 ./MAG_03.o
 .rodata._Z11onStartDoneh
                0x0000653d        0xb ./MAG_03.o
 .rodata.setup  0x00006548       0x1d ./MAG_03.o
 .rodata._Z10onReadDoneP13sensor_data_th
                0x00006565       0x1a ./MAG_03.o
 .rodata.digital_pin_to_bit_mask
                0x0000657f       0x41 ./main.o
                0x0000657f                digital_pin_to_bit_mask
 .rodata.digital_pin_to_port
                0x000065c0       0x41 ./main.o
                0x000065c0                digital_pin_to_port
 *fill*         0x00006601        0x1 00
 .rodata.port_to_sel0
                0x00006602        0xe ./main.o
                0x00006602                port_to_sel0
 .rodata.port_to_ren
                0x00006610        0xe ./main.o
                0x00006610                port_to_ren
 .rodata.port_to_dir
                0x0000661e        0xe ./main.o
                0x0000661e                port_to_dir
 .rodata.port_to_output
                0x0000662c        0xe ./main.o
                0x0000662c                port_to_output
 .rodata._ZN5Print10printFloatEdh
                0x0000663a        0x2 C:/Senscape/cosmic/hardware/msp430/cores/msp430f2617/MSP430f2617_core.a(Print.o)
 .rodata._ZTV6Serial
                0x0000663c       0x14 C:/Senscape/cosmic/hardware/msp430/cores/msp430f2617/MSP430f2617_core.a(Serial.o)
                0x0000663c                vtable for Serial
 .rodata._ZN7SensMAG16onSignalDoneTaskEPv
                0x00006650        0xa C:/Senscape/cosmic/hardware/msp430/libraries/msp430f2617/MAG_lib/Debug/libMAG_lib.a(SensMAG.o)
 .rodata._ZN7SensMAG20onSpiResourceGrantedEv
                0x0000665a        0xa C:/Senscape/cosmic/hardware/msp430/libraries/msp430f2617/MAG_lib/Debug/libMAG_lib.a(SensMAG.o)
 .rodata._ZTV7SensMAG
                0x00006664       0x14 C:/Senscape/cosmic/hardware/msp430/libraries/msp430f2617/MAG_lib/Debug/libMAG_lib.a(SensMAG.o)
                0x00006664                vtable for SensMAG
 .rodata        0x00006678       0x20 C:/Senscape/cosmic/tools/msp430/msp430/lib/libm.a(sf_atan.o)
 .rodata        0x00006698        0x8 c:/senscape/cosmic/tools/msp430/bin/../lib/gcc/msp430/4.6.3/mcpu-430x/mmpy-16\libgcc.a(_thenan_sf.o)
                0x00006698                __thenan_sf
 .rodata        0x000066a0      0x100 c:/senscape/cosmic/tools/msp430/bin/../lib/gcc/msp430/4.6.3/mcpu-430x/mmpy-16\libgcc.a(_clz.o)
                0x000066a0                __clz_tab
                0x000067a0                . = ALIGN (0x2)
                0x000067a0                _etext = .

.data           0x00001100       0x38 load address 0x000067a0
                0x00001100                . = ALIGN (0x2)
                0x00001100                PROVIDE (__data_start, .)
 *(.data .data.* .gnu.linkonce.d.*)
 .data.resource_queue
                0x00001100       0x30 C:/Senscape/cosmic/hardware/msp430/cores/msp430f2617/MSP430f2617_core.a(Arbiter.o)
                0x00001100                resource_queue
 .data._ZN7SensMAG5mRateE
                0x00001130        0x2 C:/Senscape/cosmic/hardware/msp430/libraries/msp430f2617/MAG_lib/Debug/libMAG_lib.a(SensMAG.o)
                0x00001130                SensMAG::mRate
 .data._ZN7SensMAG7mag_offE
                0x00001132        0x6 C:/Senscape/cosmic/hardware/msp430/libraries/msp430f2617/MAG_lib/Debug/libMAG_lib.a(SensMAG.o)
                0x00001132                SensMAG::mag_off
                0x00001138                . = ALIGN (0x2)
                0x00001138                _edata = .
                0x000067a0                PROVIDE (__data_load_start, LOADADDR (.data))
                0x00000038                PROVIDE (__data_size, SIZEOF (.data))

.bss            0x00001138      0x22c load address 0x000067d8
                0x00001138                PROVIDE (__bss_start, .)
 *(.bss .bss.*)
 .bss.dataMag   0x00001138        0x2 ./MAG_03.o
                0x00001138                dataMag
 .bss.data      0x0000113a        0xc ./MAG_03.o
                0x0000113a                data
 .bss.MAG       0x00001146        0x2 ./MAG_03.o
                0x00001146                MAG
 .bss.SF        0x00001148        0x2 ./MAG_03.o
                0x00001148                SF
 .bss.mag_resource
                0x0000114a        0x4 ./MAG_03.o
                0x0000114a                mag_resource
 .bss._ZN6Booter9_bootDoneE
                0x0000114e       0x10 C:/Senscape/cosmic/hardware/msp430/cores/msp430f2617/MSP430f2617_core.a(Booter.o)
                0x0000114e                Booter::_bootDone
 .bss._ZN6Booter7_resultE
                0x0000115e        0x1 C:/Senscape/cosmic/hardware/msp430/cores/msp430f2617/MSP430f2617_core.a(Booter.o)
                0x0000115e                Booter::_result
 .bss._ZN6Booter13_next_boot_idE
                0x0000115f        0x1 C:/Senscape/cosmic/hardware/msp430/cores/msp430f2617/MSP430f2617_core.a(Booter.o)
                0x0000115f                Booter::_next_boot_id
 .bss._ZN8Resource16_resourceGrantedE
                0x00001160       0x28 C:/Senscape/cosmic/hardware/msp430/cores/msp430f2617/MSP430f2617_core.a(Resource.o)
                0x00001160                Resource::_resourceGranted
 .bss._ZN8Resource17_next_resource_idE
                0x00001188        0x4 C:/Senscape/cosmic/hardware/msp430/cores/msp430f2617/MSP430f2617_core.a(Resource.o)
                0x00001188                Resource::_next_resource_id
 .bss.Spi1      0x0000118c        0x8 C:/Senscape/cosmic/hardware/msp430/cores/msp430f2617/MSP430f2617_core.a(SPI.o)
                0x0000118c                Spi1
 .bss.Spi0      0x00001194        0x8 C:/Senscape/cosmic/hardware/msp430/cores/msp430f2617/MSP430f2617_core.a(SPI.o)
                0x00001194                Spi0
 .bss._ZN3SPI15_onTransferDoneE
                0x0000119c        0x4 C:/Senscape/cosmic/hardware/msp430/cores/msp430f2617/MSP430f2617_core.a(SPI.o)
                0x0000119c                SPI::_onTransferDone
 .bss.spi_buffer
                0x000011a0       0x10 C:/Senscape/cosmic/hardware/msp430/cores/msp430f2617/MSP430f2617_core.a(SPI.o)
                0x000011a0                spi_buffer
 .bss.Debug     0x000011b0       0x10 C:/Senscape/cosmic/hardware/msp430/cores/msp430f2617/MSP430f2617_core.a(WDebug.o)
                0x000011b0                Debug
 .bss.vlo_random_seed
                0x000011c0        0x4 C:/Senscape/cosmic/hardware/msp430/cores/msp430f2617/MSP430f2617_core.a(wiring.o)
 .bss.upper_16mhz_counter
                0x000011c4        0x4 C:/Senscape/cosmic/hardware/msp430/cores/msp430f2617/MSP430f2617_core.a(wiring_counter.o)
                0x000011c4                upper_16mhz_counter
 .bss.upper_32khz_counter
                0x000011c8        0x4 C:/Senscape/cosmic/hardware/msp430/cores/msp430f2617/MSP430f2617_core.a(wiring_counter.o)
                0x000011c8                upper_32khz_counter
 .bss.onSpiTxIntr
                0x000011cc        0x2 C:/Senscape/cosmic/hardware/msp430/cores/msp430f2617/MSP430f2617_core.a(wiring_spi.o)
 .bss.onSpiRxIntr
                0x000011ce        0x2 C:/Senscape/cosmic/hardware/msp430/cores/msp430f2617/MSP430f2617_core.a(wiring_spi.o)
 .bss.ArbiterOneWire0
                0x000011d0        0x6 C:/Senscape/cosmic/hardware/msp430/cores/msp430f2617/MSP430f2617_core.a(Arbiter.o)
                0x000011d0                ArbiterOneWire0
 .bss.ArbiterUsciB1
                0x000011d6        0x6 C:/Senscape/cosmic/hardware/msp430/cores/msp430f2617/MSP430f2617_core.a(Arbiter.o)
                0x000011d6                ArbiterUsciB1
 .bss.ArbiterUsciB0
                0x000011dc        0x6 C:/Senscape/cosmic/hardware/msp430/cores/msp430f2617/MSP430f2617_core.a(Arbiter.o)
                0x000011dc                ArbiterUsciB0
 .bss.ArbiterADC
                0x000011e2        0x6 C:/Senscape/cosmic/hardware/msp430/cores/msp430f2617/MSP430f2617_core.a(Arbiter.o)
                0x000011e2                ArbiterADC
 .bss._ZN7Arbiter16_resourceGrantedE
                0x000011e8        0x2 C:/Senscape/cosmic/hardware/msp430/cores/msp430f2617/MSP430f2617_core.a(Arbiter.o)
                0x000011e8                Arbiter::_resourceGranted
 .bss.Serial1   0x000011ea       0x18 C:/Senscape/cosmic/hardware/msp430/cores/msp430f2617/MSP430f2617_core.a(Serial.o)
                0x000011ea                Serial1
 .bss.Serial0   0x00001202       0x18 C:/Senscape/cosmic/hardware/msp430/cores/msp430f2617/MSP430f2617_core.a(Serial.o)
                0x00001202                Serial0
 .bss._ZN6Serial10_onReceiveE
                0x0000121a        0x4 C:/Senscape/cosmic/hardware/msp430/cores/msp430f2617/MSP430f2617_core.a(Serial.o)
                0x0000121a                Serial::_onReceive
 .bss._ZN6Serial11_onSendDoneE
                0x0000121e        0x4 C:/Senscape/cosmic/hardware/msp430/cores/msp430f2617/MSP430f2617_core.a(Serial.o)
                0x0000121e                Serial::_onSendDone
 .bss.serial_rx_buffer
                0x00001222       0x28 C:/Senscape/cosmic/hardware/msp430/cores/msp430f2617/MSP430f2617_core.a(Serial.o)
                0x00001222                serial_rx_buffer
 .bss.serial_tx_buffer
                0x0000124a       0x28 C:/Senscape/cosmic/hardware/msp430/cores/msp430f2617/MSP430f2617_core.a(Serial.o)
                0x0000124a                serial_tx_buffer
 .bss.onTimerAEventIntr
                0x00001272        0x2 C:/Senscape/cosmic/hardware/msp430/cores/msp430f2617/MSP430f2617_core.a(wiring_timer.o)
 .bss.onTimerBEventIntr
                0x00001274        0x2 C:/Senscape/cosmic/hardware/msp430/cores/msp430f2617/MSP430f2617_core.a(wiring_timer.o)
 .bss.onTimerCEventIntr
                0x00001276        0x2 C:/Senscape/cosmic/hardware/msp430/cores/msp430f2617/MSP430f2617_core.a(wiring_timer.o)
 .bss.onUartTxIntr
                0x00001278        0x2 C:/Senscape/cosmic/hardware/msp430/cores/msp430f2617/MSP430f2617_core.a(wiring_uart.o)
 .bss.onUartRxIntr
                0x0000127a        0x2 C:/Senscape/cosmic/hardware/msp430/cores/msp430f2617/MSP430f2617_core.a(wiring_uart.o)
 .bss._ZN7SensMAG11_onReadDoneE
                0x0000127c        0x2 C:/Senscape/cosmic/hardware/msp430/libraries/msp430f2617/MAG_lib/Debug/libMAG_lib.a(SensMAG.o)
                0x0000127c                SensMAG::_onReadDone
 .bss._ZN7SensMAG18_onCalibrationDoneE
                0x0000127e        0x2 C:/Senscape/cosmic/hardware/msp430/libraries/msp430f2617/MAG_lib/Debug/libMAG_lib.a(SensMAG.o)
                0x0000127e                SensMAG::_onCalibrationDone
 .bss._ZN7SensMAG11_onStopDoneE
                0x00001280        0x2 C:/Senscape/cosmic/hardware/msp430/libraries/msp430f2617/MAG_lib/Debug/libMAG_lib.a(SensMAG.o)
                0x00001280                SensMAG::_onStopDone
 .bss._ZN7SensMAG12_onStartDoneE
                0x00001282        0x2 C:/Senscape/cosmic/hardware/msp430/libraries/msp430f2617/MAG_lib/Debug/libMAG_lib.a(SensMAG.o)
                0x00001282                SensMAG::_onStartDone
 .bss._ZN7SensMAG24_onRequestAccelMagIdDoneE
                0x00001284        0x2 C:/Senscape/cosmic/hardware/msp430/libraries/msp430f2617/MAG_lib/Debug/libMAG_lib.a(SensMAG.o)
                0x00001284                SensMAG::_onRequestAccelMagIdDone
 .bss._ZN7SensMAG4mResE
                0x00001286        0x4 C:/Senscape/cosmic/hardware/msp430/libraries/msp430f2617/MAG_lib/Debug/libMAG_lib.a(SensMAG.o)
                0x00001286                SensMAG::mRes
 .bss._ZN7SensMAG6mScaleE
                0x0000128a        0x2 C:/Senscape/cosmic/hardware/msp430/libraries/msp430f2617/MAG_lib/Debug/libMAG_lib.a(SensMAG.o)
                0x0000128a                SensMAG::mScale
 .bss._ZN7SensMAG7_calibZE
                0x0000128c        0x2 C:/Senscape/cosmic/hardware/msp430/libraries/msp430f2617/MAG_lib/Debug/libMAG_lib.a(SensMAG.o)
                0x0000128c                SensMAG::_calibZ
 .bss._ZN7SensMAG7_calibYE
                0x0000128e        0x2 C:/Senscape/cosmic/hardware/msp430/libraries/msp430f2617/MAG_lib/Debug/libMAG_lib.a(SensMAG.o)
                0x0000128e                SensMAG::_calibY
 .bss._ZN7SensMAG7_calibXE
                0x00001290        0x2 C:/Senscape/cosmic/hardware/msp430/libraries/msp430f2617/MAG_lib/Debug/libMAG_lib.a(SensMAG.o)
                0x00001290                SensMAG::_calibX
 .bss._ZN7SensMAG7_spiObjE
                0x00001292        0x2 C:/Senscape/cosmic/hardware/msp430/libraries/msp430f2617/MAG_lib/Debug/libMAG_lib.a(SensMAG.o)
                0x00001292                SensMAG::_spiObj
 .bss._ZN7SensMAG12_spiResourceE
                0x00001294        0x2 C:/Senscape/cosmic/hardware/msp430/libraries/msp430f2617/MAG_lib/Debug/libMAG_lib.a(SensMAG.o)
                0x00001294                SensMAG::_spiResource
 .bss._ZN7SensMAG5_dataE
                0x00001296        0x8 C:/Senscape/cosmic/hardware/msp430/libraries/msp430f2617/MAG_lib/Debug/libMAG_lib.a(SensMAG.o)
                0x00001296                SensMAG::_data
 .bss._ZN7SensMAG6_stateE
                0x0000129e        0x4 C:/Senscape/cosmic/hardware/msp430/libraries/msp430f2617/MAG_lib/Debug/libMAG_lib.a(SensMAG.o)
                0x0000129e                SensMAG::_state
 .bss._ZN7SensMAG15_mag_mgauss_lsbE
                0x000012a2        0x4 C:/Senscape/cosmic/hardware/msp430/libraries/msp430f2617/MAG_lib/Debug/libMAG_lib.a(SensMAG.o)
                0x000012a2                SensMAG::_mag_mgauss_lsb
 .bss.lsm9ds0_xm_id
                0x000012a6        0x1 C:/Senscape/cosmic/hardware/msp430/libraries/msp430f2617/MAG_lib/Debug/libMAG_lib.a(SensMAG.o)
                0x000012a6                lsm9ds0_xm_id
 .bss.lsm9ds0_buffer_mag
                0x000012a7       0x18 C:/Senscape/cosmic/hardware/msp430/libraries/msp430f2617/MAG_lib/Debug/libMAG_lib.a(SensMAG.o)
                0x000012a7                lsm9ds0_buffer_mag
 .bss           0x000012bf        0x1 c:/senscape/cosmic/tools/msp430/bin/../lib/gcc/msp430/4.6.3/../../../../msp430/lib/mcpu-430x/mmpy-16\libc.a(malloc.o)
 *(COMMON)
 COMMON         0x000012c0       0xa3 C:/Senscape/cosmic/hardware/msp430/cores/msp430f2617/MSP430f2617_core.a(taskman.o)
                0x000012c0                _taskParam
                0x00001300                _task_next
                0x00001320                _task_head
                0x00001321                _task_id
                0x00001322                _taskFunc
                0x00001362                _task_tail
                0x00001364                . = ALIGN (0x2)
 *fill*         0x00001363        0x1 00
                0x00001364                PROVIDE (__bss_end, .)
                0x0000022c                PROVIDE (__bss_size, SIZEOF (.bss))

.noinit         0x00001364        0x2 load address 0x000067d8
                0x00001364                PROVIDE (__noinit_start, .)
 *(.noinit .noinit.*)
 .noinit.crt0   0x00001364        0x2 c:/senscape/cosmic/tools/msp430/bin/../lib/gcc/msp430/4.6.3/mcpu-430x/mmpy-16\libcrt0.a(__watchdog_support.o)
                0x00001364                __wdt_clear_value
                0x00001366                . = ALIGN (0x2)
                0x00001366                PROVIDE (__noinit_end, .)
                0x00001366                . = ALIGN (0x2)
                0x00001366                _end = .

.infomem        0x00001000        0x0
 *(.infomem)
                0x00001000                . = ALIGN (0x2)
 *(.infomem.*)

.infomemnobits  0x00001000        0x0
 *(.infomemnobits)
                0x00001000                . = ALIGN (0x2)
 *(.infomemnobits.*)

.infoa
 *(.infoa .infoa.*)

.infob
 *(.infob .infob.*)

.infoc
 *(.infoc .infoc.*)

.infod
 *(.infod .infod.*)

.vectors        0x0000ffc0       0x40
                0x0000ffc0                PROVIDE (__vectors_start, .)
 *(.vectors*)
 .vectors       0x0000ffc0       0x40 c:/senscape/cosmic/tools/msp430/bin/../lib/gcc/msp430/4.6.3/mcpu-430x/mmpy-16/crt0ivtbl32.o
                0x0000ffc0                __ivtbl_32
                0x00010000                _vectors_end = .

.fartext        0x00010000        0x0
                0x00010000                . = ALIGN (0x2)
 *(.fartext)
                0x00010000                . = ALIGN (0x2)
 *(.fartext.*)
                0x00010000                _efartext = .

.profiler
 *(.profiler)

.stab
 *(.stab)

.stabstr
 *(.stabstr)

.stab.excl
 *(.stab.excl)

.stab.exclstr
 *(.stab.exclstr)

.stab.index
 *(.stab.index)

.stab.indexstr
 *(.stab.indexstr)

.comment
 *(.comment)

.debug
 *(.debug)

.line
 *(.line)

.debug_srcinfo
 *(.debug_srcinfo)

.debug_sfnames
 *(.debug_sfnames)

.debug_aranges  0x00000000      0x530
 *(.debug_aranges)
 .debug_aranges
                0x00000000       0x34 ./MAG_03.o
 .debug_aranges
                0x00000034       0x14 ./main.o
 .debug_aranges
                0x00000048       0x78 C:/Senscape/cosmic/hardware/msp430/libraries/msp430f2617/MAG_lib/Debug/libMAG_lib.a(SensMAG.o)
 .debug_aranges
                0x000000c0       0x24 C:/Senscape/cosmic/hardware/msp430/libraries/msp430f2617/SENSFUS_lib/Debug/libSENSFUS_lib.a(SensorFusion.o)
 .debug_aranges
                0x000000e4       0x14 C:/Senscape/cosmic/tools/msp430/msp430/lib/libm.a(ef_atan2.o)
 .debug_aranges
                0x000000f8       0x14 C:/Senscape/cosmic/tools/msp430/msp430/lib/libm.a(ef_sqrt.o)
 .debug_aranges
                0x0000010c       0x14 C:/Senscape/cosmic/tools/msp430/msp430/lib/libm.a(sf_atan.o)
 .debug_aranges
                0x00000120       0x14 C:/Senscape/cosmic/tools/msp430/msp430/lib/libm.a(sf_sin.o)
 .debug_aranges
                0x00000134       0x14 C:/Senscape/cosmic/tools/msp430/msp430/lib/libm.a(kf_cos.o)
 .debug_aranges
                0x00000148       0x14 C:/Senscape/cosmic/tools/msp430/msp430/lib/libm.a(ef_rem_pio2.o)
 .debug_aranges
                0x0000015c       0x14 C:/Senscape/cosmic/tools/msp430/msp430/lib/libm.a(kf_rem_pio2.o)
 .debug_aranges
                0x00000170       0x14 C:/Senscape/cosmic/tools/msp430/msp430/lib/libm.a(sf_cos.o)
 .debug_aranges
                0x00000184       0x14 C:/Senscape/cosmic/tools/msp430/msp430/lib/libm.a(kf_sin.o)
 .debug_aranges
                0x00000198       0x14 C:/Senscape/cosmic/tools/msp430/msp430/lib/libm.a(sf_scalbn.o)
 .debug_aranges
                0x000001ac       0x14 C:/Senscape/cosmic/tools/msp430/msp430/lib/libm.a(sf_floor.o)
 .debug_aranges
                0x000001c0       0x14 c:/senscape/cosmic/tools/msp430/bin/../lib/gcc/msp430/4.6.3/mcpu-430x/mmpy-16\libgcc.a(_mulsi3.o)
 .debug_aranges
                0x000001d4       0x14 c:/senscape/cosmic/tools/msp430/bin/../lib/gcc/msp430/4.6.3/mcpu-430x/mmpy-16\libgcc.a(_udivmod16.o)
 .debug_aranges
                0x000001e8       0x14 c:/senscape/cosmic/tools/msp430/bin/../lib/gcc/msp430/4.6.3/mcpu-430x/mmpy-16\libgcc.a(_udivmod32.o)
 .debug_aranges
                0x000001fc       0x14 c:/senscape/cosmic/tools/msp430/bin/../lib/gcc/msp430/4.6.3/mcpu-430x/mmpy-16\libgcc.a(_divmod32.o)
 .debug_aranges
                0x00000210       0x14 c:/senscape/cosmic/tools/msp430/bin/../lib/gcc/msp430/4.6.3/mcpu-430x/mmpy-16\libgcc.a(_udivmod64.o)
 .debug_aranges
                0x00000224       0x14 c:/senscape/cosmic/tools/msp430/bin/../lib/gcc/msp430/4.6.3/mcpu-430x/mmpy-16\libgcc.a(_fixunssfsi.o)
 .debug_aranges
                0x00000238       0x14 c:/senscape/cosmic/tools/msp430/bin/../lib/gcc/msp430/4.6.3/mcpu-430x/mmpy-16\libgcc.a(_addsub_sf.o)
 .debug_aranges
                0x0000024c       0x14 c:/senscape/cosmic/tools/msp430/bin/../lib/gcc/msp430/4.6.3/mcpu-430x/mmpy-16\libgcc.a(_mul_sf.o)
 .debug_aranges
                0x00000260       0x14 c:/senscape/cosmic/tools/msp430/bin/../lib/gcc/msp430/4.6.3/mcpu-430x/mmpy-16\libgcc.a(_div_sf.o)
 .debug_aranges
                0x00000274       0x14 c:/senscape/cosmic/tools/msp430/bin/../lib/gcc/msp430/4.6.3/mcpu-430x/mmpy-16\libgcc.a(_eq_sf.o)
 .debug_aranges
                0x00000288       0x14 c:/senscape/cosmic/tools/msp430/bin/../lib/gcc/msp430/4.6.3/mcpu-430x/mmpy-16\libgcc.a(_gt_sf.o)
 .debug_aranges
                0x0000029c       0x14 c:/senscape/cosmic/tools/msp430/bin/../lib/gcc/msp430/4.6.3/mcpu-430x/mmpy-16\libgcc.a(_ge_sf.o)
 .debug_aranges
                0x000002b0       0x14 c:/senscape/cosmic/tools/msp430/bin/../lib/gcc/msp430/4.6.3/mcpu-430x/mmpy-16\libgcc.a(_lt_sf.o)
 .debug_aranges
                0x000002c4       0x14 c:/senscape/cosmic/tools/msp430/bin/../lib/gcc/msp430/4.6.3/mcpu-430x/mmpy-16\libgcc.a(_si_to_sf.o)
 .debug_aranges
                0x000002d8       0x14 c:/senscape/cosmic/tools/msp430/bin/../lib/gcc/msp430/4.6.3/mcpu-430x/mmpy-16\libgcc.a(_sf_to_si.o)
 .debug_aranges
                0x000002ec       0x14 c:/senscape/cosmic/tools/msp430/bin/../lib/gcc/msp430/4.6.3/mcpu-430x/mmpy-16\libgcc.a(_usi_to_sf.o)
 .debug_aranges
                0x00000300       0x14 c:/senscape/cosmic/tools/msp430/bin/../lib/gcc/msp430/4.6.3/mcpu-430x/mmpy-16\libgcc.a(_clzsi2.o)
 .debug_aranges
                0x00000314       0x14 c:/senscape/cosmic/tools/msp430/bin/../lib/gcc/msp430/4.6.3/mcpu-430x/mmpy-16\libgcc.a(_pack_sf.o)
 .debug_aranges
                0x00000328       0x14 c:/senscape/cosmic/tools/msp430/bin/../lib/gcc/msp430/4.6.3/mcpu-430x/mmpy-16\libgcc.a(_unpack_sf.o)
 .debug_aranges
                0x0000033c       0x14 c:/senscape/cosmic/tools/msp430/bin/../lib/gcc/msp430/4.6.3/mcpu-430x/mmpy-16\libgcc.a(_fpcmp_parts_sf.o)
 .debug_aranges
                0x00000350       0x14 c:/senscape/cosmic/tools/msp430/bin/../lib/gcc/msp430/4.6.3/../../../../msp430/lib/mcpu-430x/mmpy-16\libc.a(strchr.o)
 .debug_aranges
                0x00000364       0x14 c:/senscape/cosmic/tools/msp430/bin/../lib/gcc/msp430/4.6.3/../../../../msp430/lib/mcpu-430x/mmpy-16\libc.a(strcmp.o)
 .debug_aranges
                0x00000378       0x14 c:/senscape/cosmic/tools/msp430/bin/../lib/gcc/msp430/4.6.3/../../../../msp430/lib/mcpu-430x/mmpy-16\libc.a(strncmp.o)
 .debug_aranges
                0x0000038c       0x14 c:/senscape/cosmic/tools/msp430/bin/../lib/gcc/msp430/4.6.3/../../../../msp430/lib/mcpu-430x/mmpy-16\libc.a(strcpy.o)
 .debug_aranges
                0x000003a0       0x14 c:/senscape/cosmic/tools/msp430/bin/../lib/gcc/msp430/4.6.3/../../../../msp430/lib/mcpu-430x/mmpy-16\libc.a(strncpy.o)
 .debug_aranges
                0x000003b4       0x14 c:/senscape/cosmic/tools/msp430/bin/../lib/gcc/msp430/4.6.3/../../../../msp430/lib/mcpu-430x/mmpy-16\libc.a(memcpy.o)
 .debug_aranges
                0x000003c8       0x14 c:/senscape/cosmic/tools/msp430/bin/../lib/gcc/msp430/4.6.3/../../../../msp430/lib/mcpu-430x/mmpy-16\libc.a(memmove.o)
 .debug_aranges
                0x000003dc       0x14 c:/senscape/cosmic/tools/msp430/bin/../lib/gcc/msp430/4.6.3/../../../../msp430/lib/mcpu-430x/mmpy-16\libc.a(strrchr.o)
 .debug_aranges
                0x000003f0       0x14 c:/senscape/cosmic/tools/msp430/bin/../lib/gcc/msp430/4.6.3/../../../../msp430/lib/mcpu-430x/mmpy-16\libc.a(memset.o)
 .debug_aranges
                0x00000404       0x14 c:/senscape/cosmic/tools/msp430/bin/../lib/gcc/msp430/4.6.3/../../../../msp430/lib/mcpu-430x/mmpy-16\libc.a(strstr.o)
 .debug_aranges
                0x00000418       0x14 c:/senscape/cosmic/tools/msp430/bin/../lib/gcc/msp430/4.6.3/../../../../msp430/lib/mcpu-430x/mmpy-16\libc.a(atol.o)
 .debug_aranges
                0x0000042c       0x14 c:/senscape/cosmic/tools/msp430/bin/../lib/gcc/msp430/4.6.3/../../../../msp430/lib/mcpu-430x/mmpy-16\libc.a(malloc.o)
 .debug_aranges
                0x00000440       0x14 c:/senscape/cosmic/tools/msp430/bin/../lib/gcc/msp430/4.6.3/../../../../msp430/lib/mcpu-430x/mmpy-16\libc.a(strtol.o)
 .debug_aranges
                0x00000454       0x14 c:/senscape/cosmic/tools/msp430/bin/../lib/gcc/msp430/4.6.3/../../../../msp430/lib/mcpu-430x/mmpy-16\libc.a(itoa.o)
 .debug_aranges
                0x00000468       0x14 c:/senscape/cosmic/tools/msp430/bin/../lib/gcc/msp430/4.6.3/../../../../msp430/lib/mcpu-430x/mmpy-16\libc.a(ltoa.o)
 .debug_aranges
                0x0000047c       0x14 c:/senscape/cosmic/tools/msp430/bin/../lib/gcc/msp430/4.6.3/../../../../msp430/lib/mcpu-430x/mmpy-16\libc.a(utoa.o)
 .debug_aranges
                0x00000490       0x14 c:/senscape/cosmic/tools/msp430/bin/../lib/gcc/msp430/4.6.3/../../../../msp430/lib/mcpu-430x/mmpy-16\libc.a(ultoa.o)
 .debug_aranges
                0x000004a4       0x14 c:/senscape/cosmic/tools/msp430/bin/../lib/gcc/msp430/4.6.3/mcpu-430x/mmpy-16\libcrt0.a(__watchdog_support.o)
 .debug_aranges
                0x000004b8       0x14 c:/senscape/cosmic/tools/msp430/bin/../lib/gcc/msp430/4.6.3/mcpu-430x/mmpy-16\libcrt0.a(__init_stack.o)
 .debug_aranges
                0x000004cc       0x14 c:/senscape/cosmic/tools/msp430/bin/../lib/gcc/msp430/4.6.3/mcpu-430x/mmpy-16\libcrt0.a(_copy_data.o)
 .debug_aranges
                0x000004e0       0x14 c:/senscape/cosmic/tools/msp430/bin/../lib/gcc/msp430/4.6.3/mcpu-430x/mmpy-16\libcrt0.a(_clear_bss.o)
 .debug_aranges
                0x000004f4       0x14 c:/senscape/cosmic/tools/msp430/bin/../lib/gcc/msp430/4.6.3/mcpu-430x/mmpy-16\libcrt0.a(_endless_loop__.o)
 .debug_aranges
                0x00000508       0x14 c:/senscape/cosmic/tools/msp430/bin/../lib/gcc/msp430/4.6.3/mcpu-430x/mmpy-16\libcrt0.a(_unexpected_.o)
 .debug_aranges
                0x0000051c       0x14 c:/senscape/cosmic/tools/msp430/bin/../lib/gcc/msp430/4.6.3/mcpu-430x/mmpy-16\libcrt0.a(_ctors430.o)

.debug_pubnames
 *(.debug_pubnames)

.debug_info     0x00000000     0x976d
 *(.debug_info)
 .debug_info    0x00000000     0x1743 ./MAG_03.o
 .debug_info    0x00001743      0x68f ./main.o
 .debug_info    0x00001dd2     0x1d32 C:/Senscape/cosmic/hardware/msp430/libraries/msp430f2617/MAG_lib/Debug/libMAG_lib.a(SensMAG.o)
 .debug_info    0x00003b04      0xb4b C:/Senscape/cosmic/hardware/msp430/libraries/msp430f2617/SENSFUS_lib/Debug/libSENSFUS_lib.a(SensorFusion.o)
 .debug_info    0x0000464f      0x267 C:/Senscape/cosmic/tools/msp430/msp430/lib/libm.a(ef_atan2.o)
 .debug_info    0x000048b6      0x208 C:/Senscape/cosmic/tools/msp430/msp430/lib/libm.a(ef_sqrt.o)
 .debug_info    0x00004abe      0x1f1 C:/Senscape/cosmic/tools/msp430/msp430/lib/libm.a(sf_atan.o)
 .debug_info    0x00004caf      0x108 C:/Senscape/cosmic/tools/msp430/msp430/lib/libm.a(sf_sin.o)
 .debug_info    0x00004db7      0x1b4 C:/Senscape/cosmic/tools/msp430/msp430/lib/libm.a(kf_cos.o)
 .debug_info    0x00004f6b      0x2d3 C:/Senscape/cosmic/tools/msp430/msp430/lib/libm.a(ef_rem_pio2.o)
 .debug_info    0x0000523e      0x2ad C:/Senscape/cosmic/tools/msp430/msp430/lib/libm.a(kf_rem_pio2.o)
 .debug_info    0x000054eb      0x121 C:/Senscape/cosmic/tools/msp430/msp430/lib/libm.a(sf_cos.o)
 .debug_info    0x0000560c      0x15b C:/Senscape/cosmic/tools/msp430/msp430/lib/libm.a(kf_sin.o)
 .debug_info    0x00005767      0x1e4 C:/Senscape/cosmic/tools/msp430/msp430/lib/libm.a(sf_scalbn.o)
 .debug_info    0x0000594b      0x161 C:/Senscape/cosmic/tools/msp430/msp430/lib/libm.a(sf_floor.o)