Archive member included because of file (symbol)

C:/Senscape/cosmic/hardware/msp430/cores/msp430f2617/MSP430f2617_core.a(Booter.o)
                              ./main.o (Booter::bootAll())
C:/Senscape/cosmic/hardware/msp430/cores/msp430f2617/MSP430f2617_core.a(Print.o)
                              ./MAG_01.o (Print::print(char const*))
C:/Senscape/cosmic/hardware/msp430/cores/msp430f2617/MSP430f2617_core.a(Resource.o)
                              ./MAG_01.o (Resource::Resource(unsigned char))
C:/Senscape/cosmic/hardware/msp430/cores/msp430f2617/MSP430f2617_core.a(SPI.o)
                              ./MAG_01.o (Spi0)
C:/Senscape/cosmic/hardware/msp430/cores/msp430f2617/MSP430f2617_core.a(WDebug.o)
                              ./MAG_01.o (WDebug::begin())
C:/Senscape/cosmic/hardware/msp430/cores/msp430f2617/MSP430f2617_core.a(WString.o)
                              C:/Senscape/cosmic/hardware/msp430/cores/msp430f2617/MSP430f2617_core.a(Print.o) (String::operator[](unsigned int) const)
C:/Senscape/cosmic/hardware/msp430/cores/msp430f2617/MSP430f2617_core.a(new.o)
                              C:/Senscape/cosmic/hardware/msp430/cores/msp430f2617/MSP430f2617_core.a(Print.o) (__cxa_pure_virtual)
C:/Senscape/cosmic/hardware/msp430/cores/msp430f2617/MSP430f2617_core.a(taskman.o)
                              ./main.o (initTaskman)
C:/Senscape/cosmic/hardware/msp430/cores/msp430f2617/MSP430f2617_core.a(wiring.o)
                              ./main.o (init)
C:/Senscape/cosmic/hardware/msp430/cores/msp430f2617/MSP430f2617_core.a(wiring_counter.o)
                              C:/Senscape/cosmic/hardware/msp430/cores/msp430f2617/MSP430f2617_core.a(wiring.o) (localTimeMicros)
C:/Senscape/cosmic/hardware/msp430/cores/msp430f2617/MSP430f2617_core.a(wiring_spi.o)
                              C:/Senscape/cosmic/hardware/msp430/cores/msp430f2617/MSP430f2617_core.a(SPI.o) (spiConfig)
C:/Senscape/cosmic/hardware/msp430/cores/msp430f2617/MSP430f2617_core.a(platform_timer.o)
                              C:/Senscape/cosmic/hardware/msp430/cores/msp430f2617/MSP430f2617_core.a(wiring_counter.o) (timer_getCounter)
C:/Senscape/cosmic/hardware/msp430/cores/msp430f2617/MSP430f2617_core.a(platform_usci_b.o)
                              C:/Senscape/cosmic/hardware/msp430/cores/msp430f2617/MSP430f2617_core.a(wiring_spi.o) (uscibTxByte)
C:/Senscape/cosmic/hardware/msp430/cores/msp430f2617/MSP430f2617_core.a(platform_usci_isr.o)
                              C:/Senscape/cosmic/hardware/msp430/cores/msp430f2617/MSP430f2617_core.a(platform_usci_b.o) (usci_isr_install)
C:/Senscape/cosmic/hardware/msp430/cores/msp430f2617/MSP430f2617_core.a(Arbiter.o)
                              C:/Senscape/cosmic/hardware/msp430/cores/msp430f2617/MSP430f2617_core.a(Resource.o) (Arbiter::request(unsigned char))
C:/Senscape/cosmic/hardware/msp430/cores/msp430f2617/MSP430f2617_core.a(Serial.o)
                              C:/Senscape/cosmic/hardware/msp430/cores/msp430f2617/MSP430f2617_core.a(WDebug.o) (Serial0)
C:/Senscape/cosmic/hardware/msp430/cores/msp430f2617/MSP430f2617_core.a(wiring_digital.o)
                              C:/Senscape/cosmic/hardware/msp430/cores/msp430f2617/MSP430f2617_core.a(platform_usci_b.o) (pinMode)
C:/Senscape/cosmic/hardware/msp430/cores/msp430f2617/MSP430f2617_core.a(wiring_timer.o)
                              C:/Senscape/cosmic/hardware/msp430/cores/msp430f2617/MSP430f2617_core.a(platform_timer.o) (timer_c_isr)
C:/Senscape/cosmic/hardware/msp430/cores/msp430f2617/MSP430f2617_core.a(wiring_uart.o)
                              C:/Senscape/cosmic/hardware/msp430/cores/msp430f2617/MSP430f2617_core.a(Serial.o) (uartConfig)
C:/Senscape/cosmic/hardware/msp430/cores/msp430f2617/MSP430f2617_core.a(platform_capcom.o)
                              C:/Senscape/cosmic/hardware/msp430/cores/msp430f2617/MSP430f2617_core.a(wiring_timer.o) (capcom_setCapComControlAsCompare)
C:/Senscape/cosmic/hardware/msp430/cores/msp430f2617/MSP430f2617_core.a(platform_gpio.o)
                              C:/Senscape/cosmic/hardware/msp430/cores/msp430f2617/MSP430f2617_core.a(platform_usci_b.o) (gpio_setModeFuncPin)
C:/Senscape/cosmic/hardware/msp430/cores/msp430f2617/MSP430f2617_core.a(platform_usci_a.o)
                              C:/Senscape/cosmic/hardware/msp430/cores/msp430f2617/MSP430f2617_core.a(wiring_uart.o) (usciaTxByte)
C:/Senscape/cosmic/hardware/msp430/libraries/msp430f2617/MAG_lib/Debug/libMAG_lib.a(SensMAG.o)
                              ./MAG_01.o (SensMAG::attachStartDone(void (*)(unsigned char)))
c:/senscape/firmware/tools/msp430/bin/../lib/gcc/msp430/4.6.3/mcpu-430x/mmpy-16\libgcc.a(_udivmod32.o)
                              C:/Senscape/cosmic/hardware/msp430/cores/msp430f2617/MSP430f2617_core.a(Print.o) (__udivsi3)
c:/senscape/firmware/tools/msp430/bin/../lib/gcc/msp430/4.6.3/mcpu-430x/mmpy-16\libgcc.a(_udivmod64.o)
[...]
Memory Configuration

Name             Origin             Length             Attributes
sfr              0x00000000         0x00000010
peripheral_8bit  0x00000010         0x000000f0
peripheral_16bit 0x00000100         0x00000100
ram_mirror       0x00000200         0x00000800         xw
infomem          0x00001000         0x00000100
infod            0x00001000         0x00000040
infoc            0x00001040         0x00000040
infob            0x00001080         0x00000040
infoa            0x000010c0         0x00000040
ram              0x00001100         0x00002000         xw
rom              0x00003100         0x0000cebe         xr
vectors          0x0000ffc0         0x00000040
far_rom          0x00010000         0x0000a000
bsl              0x00000000         0x00000000
ram2             0x00000000         0x00000000         xw
usbram           0x00000000         0x00000000         xw
*default*        0x00000000         0xffffffff

Linker script and memory map

LOAD c:/senscape/firmware/tools/msp430/bin/../lib/gcc/msp430/4.6.3/mcpu-430x/mmpy-16/crt0ivtbl32.o
LOAD ./MAG_01.o
LOAD ./main.o
START GROUP
LOAD c:/senscape/firmware/tools/msp430/bin/../lib/gcc/msp430/4.6.3/../../../../msp430/lib/mcpu-430x/mmpy-16\libm.a
LOAD c:/senscape/firmware/tools/msp430/bin/../lib/gcc/msp430/4.6.3/../../../../msp430/lib/mcpu-430x/mmpy-16\libc.a
LOAD c:/senscape/firmware/tools/msp430/bin/../lib/gcc/msp430/4.6.3/mcpu-430x/mmpy-16\libgcc.a
END GROUP
LOAD C:/Senscape/cosmic/hardware/msp430/cores/msp430f2617/MSP430f2617_core.a
LOAD C:/Senscape/cosmic/hardware/msp430/libraries/msp430f2617/MAG_lib/Debug/libMAG_lib.a
LOAD c:/senscape/firmware/tools/msp430/bin/../lib/gcc/msp430/4.6.3/mcpu-430x/mmpy-16\libgcc.a
LOAD c:/senscape/firmware/tools/msp430/bin/../lib/gcc/msp430/4.6.3/../../../../msp430/lib/mcpu-430x/mmpy-16\libc.a
LOAD c:/senscape/firmware/tools/msp430/bin/../lib/gcc/msp430/4.6.3/mcpu-430x/mmpy-16\libgcc.a
LOAD c:/senscape/firmware/tools/msp430/bin/../lib/gcc/msp430/4.6.3/mcpu-430x/mmpy-16\libcrt0.a
                0x00000040                PROVIDE (__info_segment_size, 0x40)
                0x00001000                PROVIDE (__infod, 0x1000)
                0x00001040                PROVIDE (__infoc, 0x1040)
                0x00001080                PROVIDE (__infob, 0x1080)
                0x000010c0                PROVIDE (__infoa, 0x10c0)
                0x00000000                __IE1 = 0x0
                0x00000002                __IFG1 = 0x2
                0x00000001                __IE2 = 0x1
                0x00000003                __IFG2 = 0x3
                0x00000006                __UC1IE = 0x6
                0x00000007                __UC1IFG = 0x7
                0x000001a0                __ADC12CTL0 = 0x1a0
                0x000001a2                __ADC12CTL1 = 0x1a2
                0x000001a4                __ADC12IFG = 0x1a4
                0x000001a6                __ADC12IE = 0x1a6
                0x000001a8                __ADC12IV = 0x1a8
                0x00000140                __ADC12MEM0 = 0x140
                0x00000142                __ADC12MEM1 = 0x142
                0x00000144                __ADC12MEM2 = 0x144
                0x00000146                __ADC12MEM3 = 0x146
                0x00000148                __ADC12MEM4 = 0x148
                0x0000014a                __ADC12MEM5 = 0x14a
                0x0000014c                __ADC12MEM6 = 0x14c
                0x0000014e                __ADC12MEM7 = 0x14e
                0x00000150                __ADC12MEM8 = 0x150
                0x00000152                __ADC12MEM9 = 0x152
                0x00000154                __ADC12MEM10 = 0x154
                0x00000156                __ADC12MEM11 = 0x156
                0x00000158                __ADC12MEM12 = 0x158
                0x0000015a                __ADC12MEM13 = 0x15a
                0x0000015c                __ADC12MEM14 = 0x15c
                0x0000015e                __ADC12MEM15 = 0x15e
                0x00000080                __ADC12MCTL0 = 0x80
                0x00000081                __ADC12MCTL1 = 0x81
                0x00000082                __ADC12MCTL2 = 0x82
                0x00000083                __ADC12MCTL3 = 0x83
                0x00000084                __ADC12MCTL4 = 0x84
                0x00000085                __ADC12MCTL5 = 0x85
                0x00000086                __ADC12MCTL6 = 0x86
                0x00000087                __ADC12MCTL7 = 0x87
                0x00000088                __ADC12MCTL8 = 0x88
                0x00000089                __ADC12MCTL9 = 0x89
                0x0000008a                __ADC12MCTL10 = 0x8a
                0x0000008b                __ADC12MCTL11 = 0x8b
                0x0000008c                __ADC12MCTL12 = 0x8c
                0x0000008d                __ADC12MCTL13 = 0x8d
                0x0000008e                __ADC12MCTL14 = 0x8e
                0x0000008f                __ADC12MCTL15 = 0x8f
                0x00000056                __DCOCTL = 0x56
                0x00000057                __BCSCTL1 = 0x57
                0x00000058                __BCSCTL2 = 0x58
                0x00000053                __BCSCTL3 = 0x53
                0x00000059                __CACTL1 = 0x59
                0x0000005a                __CACTL2 = 0x5a
                0x0000005b                __CAPD = 0x5b
                0x000001c0                __DAC12_0CTL = 0x1c0
                0x000001c2                __DAC12_1CTL = 0x1c2
                0x000001c8                __DAC12_0DAT = 0x1c8
                0x000001ca                __DAC12_1DAT = 0x1ca
                0x00000122                __DMACTL0 = 0x122
                0x00000124                __DMACTL1 = 0x124
                0x00000126                __DMAIV = 0x126
                0x000001d0                __DMA0CTL = 0x1d0
                0x000001dc                __DMA1CTL = 0x1dc
                0x000001e8                __DMA2CTL = 0x1e8
                0x000001d2                __DMA0SA = 0x1d2
                0x000001d2                __DMA0SAL = 0x1d2
                0x000001d6                __DMA0DA = 0x1d6
                0x000001d6                __DMA0DAL = 0x1d6
                0x000001da                __DMA0SZ = 0x1da
                0x000001de                __DMA1SA = 0x1de
                0x000001de                __DMA1SAL = 0x1de
                0x000001e2                __DMA1DA = 0x1e2
                0x000001e2                __DMA1DAL = 0x1e2
                0x000001e6                __DMA1SZ = 0x1e6
                0x000001ea                __DMA2SA = 0x1ea
                0x000001ea                __DMA2SAL = 0x1ea
                0x000001ee                __DMA2DA = 0x1ee
                0x000001ee                __DMA2DAL = 0x1ee
                0x000001f2                __DMA2SZ = 0x1f2
                0x00000128                __FCTL1 = 0x128
                0x0000012a                __FCTL2 = 0x12a
                0x0000012c                __FCTL3 = 0x12c
                0x000001be                __FCTL4 = 0x1be
                0x00000130                __MPY = 0x130
                0x00000132                __MPYS = 0x132
                0x00000134                __MAC = 0x134
                0x00000136                __MACS = 0x136
                0x00000138                __OP2 = 0x138
                0x0000013a                __RESLO = 0x13a
                0x0000013c                __RESHI = 0x13c
                0x0000013e                __SUMEXT = 0x13e
                0x00000020                __P1IN = 0x20
                0x00000021                __P1OUT = 0x21
                0x00000022                __P1DIR = 0x22
                0x00000023                __P1IFG = 0x23
                0x00000024                __P1IES = 0x24
                0x00000025                __P1IE = 0x25
                0x00000026                __P1SEL = 0x26
                0x00000027                __P1REN = 0x27
                0x00000028                __P2IN = 0x28
                0x00000029                __P2OUT = 0x29
                0x0000002a                __P2DIR = 0x2a
                0x0000002b                __P2IFG = 0x2b
                0x0000002c                __P2IES = 0x2c
                0x0000002d                __P2IE = 0x2d
                0x0000002e                __P2SEL = 0x2e
                0x0000002f                __P2REN = 0x2f
                0x00000018                __P3IN = 0x18
                0x00000019                __P3OUT = 0x19
                0x0000001a                __P3DIR = 0x1a
                0x0000001b                __P3SEL = 0x1b
                0x00000010                __P3REN = 0x10
                0x0000001c                __P4IN = 0x1c
                0x0000001d                __P4OUT = 0x1d
                0x0000001e                __P4DIR = 0x1e
                0x0000001f                __P4SEL = 0x1f
                0x00000011                __P4REN = 0x11
                0x00000030                __P5IN = 0x30
                0x00000031                __P5OUT = 0x31
                0x00000032                __P5DIR = 0x32
                0x00000033                __P5SEL = 0x33
                0x00000012                __P5REN = 0x12
                0x00000034                __P6IN = 0x34
                0x00000035                __P6OUT = 0x35
                0x00000036                __P6DIR = 0x36
                0x00000037                __P6SEL = 0x37
                0x00000013                __P6REN = 0x13
                0x00000038                __P7IN = 0x38
                0x0000003a                __P7OUT = 0x3a
                0x0000003c                __P7DIR = 0x3c
                0x0000003e                __P7SEL = 0x3e
                0x00000014                __P7REN = 0x14
                0x00000039                __P8IN = 0x39
                0x0000003b                __P8OUT = 0x3b
                0x0000003d                __P8DIR = 0x3d
                0x0000003f                __P8SEL = 0x3f
                0x00000015                __P8REN = 0x15
                0x00000038                __PAIN = 0x38
                0x0000003a                __PAOUT = 0x3a
                0x0000003c                __PADIR = 0x3c
                0x0000003e                __PASEL = 0x3e
                0x00000014                __PAREN = 0x14
                0x00000055                __SVSCTL = 0x55
                0x0000012e                __TAIV = 0x12e
                0x00000160                __TACTL = 0x160
                0x00000162                __TACCTL0 = 0x162
                0x00000164                __TACCTL1 = 0x164
                0x00000166                __TACCTL2 = 0x166
                0x00000170                __TAR = 0x170
                0x00000172                __TACCR0 = 0x172
                0x00000174                __TACCR1 = 0x174
                0x00000176                __TACCR2 = 0x176
                0x0000011e                __TBIV = 0x11e
                0x00000180                __TBCTL = 0x180
                0x00000182                __TBCCTL0 = 0x182
                0x00000184                __TBCCTL1 = 0x184
                0x00000186                __TBCCTL2 = 0x186
                0x00000188                __TBCCTL3 = 0x188
                0x0000018a                __TBCCTL4 = 0x18a
                0x0000018c                __TBCCTL5 = 0x18c
                0x0000018e                __TBCCTL6 = 0x18e
                0x00000190                __TBR = 0x190
                0x00000192                __TBCCR0 = 0x192
                0x00000194                __TBCCR1 = 0x194
                0x00000196                __TBCCR2 = 0x196
                0x00000198                __TBCCR3 = 0x198
                0x0000019a                __TBCCR4 = 0x19a
                0x0000019c                __TBCCR5 = 0x19c
                0x0000019e                __TBCCR6 = 0x19e
                0x00000060                __UCA0CTL0 = 0x60
                0x00000061                __UCA0CTL1 = 0x61
                0x00000062                __UCA0BR0 = 0x62
                0x00000063                __UCA0BR1 = 0x63
                0x00000064                __UCA0MCTL = 0x64
                0x00000065                __UCA0STAT = 0x65
                0x00000066                __UCA0RXBUF = 0x66
                0x00000067                __UCA0TXBUF = 0x67
                0x0000005d                __UCA0ABCTL = 0x5d
                0x0000005e                __UCA0IRTCTL = 0x5e
                0x0000005f                __UCA0IRRCTL = 0x5f
                0x00000068                __UCB0CTL0 = 0x68
                0x00000069                __UCB0CTL1 = 0x69
                0x0000006a                __UCB0BR0 = 0x6a
                0x0000006b                __UCB0BR1 = 0x6b
                0x0000006c                __UCB0I2CIE = 0x6c
                0x0000006d                __UCB0STAT = 0x6d
                0x0000006e                __UCB0RXBUF = 0x6e
                0x0000006f                __UCB0TXBUF = 0x6f
                0x00000118                __UCB0I2COA = 0x118
                0x0000011a                __UCB0I2CSA = 0x11a
                0x000000d0                __UCA1CTL0 = 0xd0
                0x000000d1                __UCA1CTL1 = 0xd1
                0x000000d2                __UCA1BR0 = 0xd2
                0x000000d3                __UCA1BR1 = 0xd3
                0x000000d4                __UCA1MCTL = 0xd4
                0x000000d5                __UCA1STAT = 0xd5
                0x000000d6                __UCA1RXBUF = 0xd6
                0x000000d7                __UCA1TXBUF = 0xd7
                0x000000cd                __UCA1ABCTL = 0xcd
                0x000000ce                __UCA1IRTCTL = 0xce
                0x000000cf                __UCA1IRRCTL = 0xcf
                0x000000d8                __UCB1CTL0 = 0xd8
                0x000000d9                __UCB1CTL1 = 0xd9
                0x000000da                __UCB1BR0 = 0xda
                0x000000db                __UCB1BR1 = 0xdb
                0x000000dc                __UCB1I2CIE = 0xdc
                0x000000dd                __UCB1STAT = 0xdd
                0x000000de                __UCB1RXBUF = 0xde
                0x000000df                __UCB1TXBUF = 0xdf
                0x0000017c                __UCB1I2COA = 0x17c
                0x0000017e                __UCB1I2CSA = 0x17e
                0x00000120                __WDTCTL = 0x120
                0x000010c0                __TLV_CHECKSUM = 0x10c0
                0x000010f6                __TLV_DCO_30_TAG = 0x10f6
                0x000010f7                __TLV_DCO_30_LEN = 0x10f7
                0x000010da                __TLV_ADC12_1_TAG = 0x10da
                0x000010db                __TLV_ADC12_1_LEN = 0x10db
                0x000010f8                __CALDCO_16MHZ = 0x10f8
                0x000010f9                __CALBC1_16MHZ = 0x10f9
                0x000010fa                __CALDCO_12MHZ = 0x10fa
                0x000010fb                __CALBC1_12MHZ = 0x10fb
                0x000010fc                __CALDCO_8MHZ = 0x10fc
                0x000010fd                __CALBC1_8MHZ = 0x10fd
                0x000010fe                __CALDCO_1MHZ = 0x10fe
                0x000010ff                __CALBC1_1MHZ = 0x10ff

.hash
 *(.hash)

.dynsym
 *(.dynsym)

.dynstr
 *(.dynstr)

.gnu.version
 *(.gnu.version)

.gnu.version_d
 *(.gnu.version_d)

.gnu.version_r
 *(.gnu.version_r)

.rel.init
 *(.rel.init)

.rela.init
 *(.rela.init)

.rel.fini
 *(.rel.fini)

.rela.fini
 *(.rela.fini)

.rel.text
 *(.rel.text .rel.text.* .rel.gnu.linkonce.t.*)

.rela.text
 *(.rela.text .rela.text.* .rela.gnu.linkonce.t.*)

.rel.rodata
 *(.rel.rodata .rel.rodata.* .rel.gnu.linkonce.r.*)

.rela.rodata
 *(.rela.rodata .rela.rodata.* .rela.gnu.linkonce.r.*)

.rel.data
 *(.rel.data .rel.data.* .rel.gnu.linkonce.d.*)

.rela.data
 *(.rela.data .rela.data.* .rela.gnu.linkonce.d.*)

.rel.bss
 *(.rel.bss .rel.bss.* .rel.gnu.linkonce.b.*)

.rela.bss
 *(.rela.bss .rela.bss.* .rela.gnu.linkonce.b.*)

.rel.ctors
 *(.rel.ctors)

.rela.ctors
 *(.rela.ctors)

.rel.dtors
 *(.rel.dtors)

.rela.dtors
 *(.rela.dtors)

.rel.got
 *(.rel.got)

.rela.got
 *(.rela.got)

.rel.plt
 *(.rel.plt)

.rela.plt
 *(.rela.plt)

.text           0x00003100     0x21cc
                0x00003100                . = ALIGN (0x2)
 *(.init .init.*)
 *(.init0)
 .init0         0x00003100        0x0 c:/senscape/firmware/tools/msp430/bin/../lib/gcc/msp430/4.6.3/mcpu-430x/mmpy-16\libcrt0.a(_reset_vector__.o)
                0x00003100                _reset_vector__
 *(.init1)
 .init1         0x00003100        0xc c:/senscape/firmware/tools/msp430/bin/../lib/gcc/msp430/4.6.3/mcpu-430x/mmpy-16\libcrt0.a(__watchdog_support.o)
                0x00003100                __watchdog_support
 *(.init2)
 .init2         0x0000310c        0x4 c:/senscape/firmware/tools/msp430/bin/../lib/gcc/msp430/4.6.3/mcpu-430x/mmpy-16\libcrt0.a(__init_stack.o)
                0x0000310c                __init_stack
 *(.init3)
 .init3         0x00003110        0x0 c:/senscape/firmware/tools/msp430/bin/../lib/gcc/msp430/4.6.3/mcpu-430x/mmpy-16\libcrt0.a(__low_level_init.o)
                0x00003110                __low_level_init
 *(.init4)
 .init4         0x00003110       0x18 c:/senscape/firmware/tools/msp430/bin/../lib/gcc/msp430/4.6.3/mcpu-430x/mmpy-16\libcrt0.a(_copy_data.o)
                0x00003110                __do_copy_data
 .init4         0x00003128       0x16 c:/senscape/firmware/tools/msp430/bin/../lib/gcc/msp430/4.6.3/mcpu-430x/mmpy-16\libcrt0.a(_clear_bss.o)
                0x00003128                __do_clear_bss
 *(.init5)
 *(.init6)
 .init6         0x0000313e       0x14 c:/senscape/firmware/tools/msp430/bin/../lib/gcc/msp430/4.6.3/mcpu-430x/mmpy-16\libcrt0.a(_ctors430.o)
                0x0000313e                __do_global_ctors
 *(.init7)
 *(.init8)
 *(.init9)
 .init9         0x00003152       0x38 ./main.o
                0x00003152                main
 *(.fini9)
 .fini9         0x0000318a        0x0 c:/senscape/firmware/tools/msp430/bin/../lib/gcc/msp430/4.6.3/mcpu-430x/mmpy-16\libcrt0.a(__stop_progExec__.o)
                0x0000318a                __stop_progExec__
 *(.fini8)
 *(.fini7)
 *(.fini6)
 *(.fini5)
 *(.fini4)
 *(.fini3)
 *(.fini2)
 *(.fini1)
 *(.fini0)
 .fini0         0x0000318a        0x6 c:/senscape/firmware/tools/msp430/bin/../lib/gcc/msp430/4.6.3/mcpu-430x/mmpy-16\libcrt0.a(_endless_loop__.o)
                0x0000318a                _endless_loop__
 *(.fini .fini.*)
                0x00003190                . = ALIGN (0x2)
                0x00003190                __ctors_start = .
 *(.ctors)
 .ctors         0x00003190        0x2 ./MAG_01.o
 .ctors         0x00003192        0x2 C:/Senscape/cosmic/hardware/msp430/cores/msp430f2617/MSP430f2617_core.a(SPI.o)
 .ctors         0x00003194        0x2 C:/Senscape/cosmic/hardware/msp430/cores/msp430f2617/MSP430f2617_core.a(WDebug.o)
 .ctors         0x00003196        0x2 C:/Senscape/cosmic/hardware/msp430/cores/msp430f2617/MSP430f2617_core.a(Arbiter.o)
 .ctors         0x00003198        0x2 C:/Senscape/cosmic/hardware/msp430/cores/msp430f2617/MSP430f2617_core.a(Serial.o)
                0x0000319a                __ctors_end = .
                0x0000319a                __dtors_start = .
 *(.dtors)
                0x0000319a                __dtors_end = .
                0x0000319a                . = ALIGN (0x2)
 *(.text .text.* .gnu.linkonce.t.*)
 .text          0x0000319a        0x4 c:/senscape/firmware/tools/msp430/bin/../lib/gcc/msp430/4.6.3/mcpu-430x/mmpy-16/crt0ivtbl32.o
                0x0000319a                __isr_14
                0x0000319a                __isr_4
                0x0000319a                __isr_19
                0x0000319a                __isr_11
                0x0000319a                __isr_5
                0x0000319a                __isr_2
                0x0000319a                __isr_10
                0x0000319a                __isr_7
                0x0000319a                __isr_0
                0x0000319a                __isr_8
                0x0000319a                __isr_20
                0x0000319a                __isr_3
                0x0000319a                __isr_18
                0x0000319a                __isr_12
                0x0000319a                __isr_13
                0x0000319a                __isr_27
                0x0000319a                __isr_9
                0x0000319a                __isr_30
                0x0000319a                __isr_6
                0x0000319a                __isr_1
                0x0000319a                __isr_15
                0x0000319a                __isr_21
 .text._ZN6WDebug7printlnEv
                0x0000319e       0x22 ./MAG_01.o
                0x0000319e                WDebug::println()
 .text.loop     0x000031c0        0x2 ./MAG_01.o
                0x000031c0                loop
 .text._ZN6WDebug7printlnIPKcEERS_T_
                0x000031c2       0x22 ./MAG_01.o
                0x000031c2                WDebug& WDebug::println<char const*>(char const*)
 .text.setup    0x000031e4       0x46 ./MAG_01.o
                0x000031e4                setup
 .text._ZN6WDebug5printIPKcEERS_T_
                0x0000322a       0x1e ./MAG_01.o
                0x0000322a                WDebug& WDebug::print<char const*>(char const*)
 .text._Z11onStartDoneh
                0x00003248       0x3c ./MAG_01.o
                0x00003248                onStartDone(unsigned char)
 .text._Z19onRequestAccelMagIdPhh
                0x00003284       0x4a ./MAG_01.o
                0x00003284                onRequestAccelMagId(unsigned char*, unsigned char)
 .text.startup._GLOBAL__sub_I_mag_resource
                0x000032ce       0x22 ./MAG_01.o
 .text._ZN6Booter14onBootDoneTaskEPv
                0x000032f0       0x10 C:/Senscape/cosmic/hardware/msp430/cores/msp430f2617/MSP430f2617_core.a(Booter.o)
                0x000032f0                Booter::onBootDoneTask(void*)
 .text._ZN6Booter7bootAllEv
                0x00003300       0x1c C:/Senscape/cosmic/hardware/msp430/cores/msp430f2617/MSP430f2617_core.a(Booter.o)
                0x00003300                Booter::bootAll()
 .text._ZN6Booter9getResultEv
                0x0000331c        0x6 C:/Senscape/cosmic/hardware/msp430/cores/msp430f2617/MSP430f2617_core.a(Booter.o)
                0x0000331c                Booter::getResult()
 .text._ZN5Print5writeEPKhj
                0x00003322       0x22 C:/Senscape/cosmic/hardware/msp430/cores/msp430f2617/MSP430f2617_core.a(Print.o)
                0x00003322                Print::write(unsigned char const*, unsigned int)
 .text._ZN5Print5writeEPKc
                0x00003344       0x16 C:/Senscape/cosmic/hardware/msp430/cores/msp430f2617/MSP430f2617_core.a(Print.o)
                0x00003344                Print::write(char const*)
 .text._ZN5Print9printLongEmh
                0x0000335a       0x7c C:/Senscape/cosmic/hardware/msp430/cores/msp430f2617/MSP430f2617_core.a(Print.o)
                0x0000335a                Print::printLong(unsigned long, unsigned char)
 .text._ZN5Print5printEPKc
                0x000033d6        0x6 C:/Senscape/cosmic/hardware/msp430/cores/msp430f2617/MSP430f2617_core.a(Print.o)
                0x000033d6                Print::print(char const*)
 .text._ZN5Print5printEc
                0x000033dc        0x6 C:/Senscape/cosmic/hardware/msp430/cores/msp430f2617/MSP430f2617_core.a(Print.o)
                0x000033dc                Print::print(char)
 .text._ZN5Print5printEli
                0x000033e2       0x50 C:/Senscape/cosmic/hardware/msp430/cores/msp430f2617/MSP430f2617_core.a(Print.o)
                0x000033e2                Print::print(long, int)
 .text._ZN5Print5printEii
                0x00003432       0x18 C:/Senscape/cosmic/hardware/msp430/cores/msp430f2617/MSP430f2617_core.a(Print.o)
                0x00003432                Print::print(int, int)
 .text._ZN5Print5printEmi
                0x0000344a       0x1c C:/Senscape/cosmic/hardware/msp430/cores/msp430f2617/MSP430f2617_core.a(Print.o)
                0x0000344a                Print::print(unsigned long, int)
 .text._ZN5Print5printEhi
                0x00003466        0xc C:/Senscape/cosmic/hardware/msp430/cores/msp430f2617/MSP430f2617_core.a(Print.o)
                0x00003466                Print::print(unsigned char, int)
 .text._ZN5Print7printlnEv
                0x00003472       0x1e C:/Senscape/cosmic/hardware/msp430/cores/msp430f2617/MSP430f2617_core.a(Print.o)
                0x00003472                Print::println()
 .text._ZN5Print7printlnEPKc
                0x00003490       0x16 C:/Senscape/cosmic/hardware/msp430/cores/msp430f2617/MSP430f2617_core.a(Print.o)
                0x00003490                Print::println(char const*)
 .text._ZN5Print7printlnEPhji
                0x000034a6       0x46 C:/Senscape/cosmic/hardware/msp430/cores/msp430f2617/MSP430f2617_core.a(Print.o)
                0x000034a6                Print::println(unsigned char*, unsigned int, int)
 .text._ZN8Resource15resourceGrantedEhh
                0x000034ec       0x1a C:/Senscape/cosmic/hardware/msp430/cores/msp430f2617/MSP430f2617_core.a(Resource.o)
                0x000034ec                Resource::resourceGranted(unsigned char, unsigned char)
 .text._ZN8ResourceC2Eh
                0x00003506       0x5a C:/Senscape/cosmic/hardware/msp430/cores/msp430f2617/MSP430f2617_core.a(Resource.o)
                0x00003506                Resource::Resource(unsigned char)
                0x00003506                Resource::Resource(unsigned char)
 .text._ZN8Resource7requestEv
                0x00003560       0x16 C:/Senscape/cosmic/hardware/msp430/cores/msp430f2617/MSP430f2617_core.a(Resource.o)
                0x00003560                Resource::request()
 .text._ZN8Resource7releaseEv
                0x00003576       0x16 C:/Senscape/cosmic/hardware/msp430/cores/msp430f2617/MSP430f2617_core.a(Resource.o)
                0x00003576                Resource::release()
 .text._ZN8Resource21attachResourceGrantedEPFvvE
                0x0000358c       0x18 C:/Senscape/cosmic/hardware/msp430/cores/msp430f2617/MSP430f2617_core.a(Resource.o)
                0x0000358c                Resource::attachResourceGranted(void (*)())
 .text._ZN8Resource21detachResourceGrantedEv
                0x000035a4       0x18 C:/Senscape/cosmic/hardware/msp430/cores/msp430f2617/MSP430f2617_core.a(Resource.o)
                0x000035a4                Resource::detachResourceGranted()
 .text._ZN3SPI8onTxDoneEh
                0x000035bc        0x2 C:/Senscape/cosmic/hardware/msp430/cores/msp430f2617/MSP430f2617_core.a(SPI.o)
                0x000035bc                SPI::onTxDone(unsigned char)
 .text._ZN3SPIC2Ehj
                0x000035be       0x44 C:/Senscape/cosmic/hardware/msp430/cores/msp430f2617/MSP430f2617_core.a(SPI.o)
                0x000035be                SPI::SPI(unsigned char, unsigned int)
                0x000035be                SPI::SPI(unsigned char, unsigned int)
 .text._ZN3SPI17continueOperationEP12spi_buffer_th
                0x00003602       0x90 C:/Senscape/cosmic/hardware/msp430/cores/msp430f2617/MSP430f2617_core.a(SPI.o)
                0x00003602                SPI::continueOperation(spi_buffer_t*, unsigned char)
 .text._ZN3SPI8onRxDoneEh
                0x00003692       0x5c C:/Senscape/cosmic/hardware/msp430/cores/msp430f2617/MSP430f2617_core.a(SPI.o)
                0x00003692                SPI::onRxDone(unsigned char)
 .text._ZN3SPI5beginEv
                0x000036ee        0xc C:/Senscape/cosmic/hardware/msp430/cores/msp430f2617/MSP430f2617_core.a(SPI.o)
                0x000036ee                SPI::begin()
 .text._ZN3SPI3endEv
                0x000036fa        0x8 C:/Senscape/cosmic/hardware/msp430/cores/msp430f2617/MSP430f2617_core.a(SPI.o)
                0x000036fa                SPI::end()
 .text._ZN3SPI8transferEh
                0x00003702       0x36 C:/Senscape/cosmic/hardware/msp430/cores/msp430f2617/MSP430f2617_core.a(SPI.o)
                0x00003702                SPI::transfer(unsigned char)
 .text._ZN3SPI18attachTransferDoneEPFvPhS0_jhE
                0x00003738        0xa C:/Senscape/cosmic/hardware/msp430/cores/msp430f2617/MSP430f2617_core.a(SPI.o)
                0x00003738                SPI::attachTransferDone(void (*)(unsigned char*, unsigned char*, unsigned int, unsigned char))
 .text._ZN3SPI18detachTransferDoneEv
                0x00003742        0xa C:/Senscape/cosmic/hardware/msp430/cores/msp430f2617/MSP430f2617_core.a(SPI.o)
                0x00003742                SPI::detachTransferDone()
 .text.startup._GLOBAL__sub_I_spi_buffer
                0x0000374c       0x1a C:/Senscape/cosmic/hardware/msp430/cores/msp430f2617/MSP430f2617_core.a(SPI.o)
 .text._ZN6WDebugC2Ehm
                0x00003766       0x36 C:/Senscape/cosmic/hardware/msp430/cores/msp430f2617/MSP430f2617_core.a(WDebug.o)
                0x00003766                WDebug::WDebug(unsigned char, unsigned long)
                0x00003766                WDebug::WDebug(unsigned char, unsigned long)
 .text._ZN6WDebug5beginEv
                0x0000379c       0x10 C:/Senscape/cosmic/hardware/msp430/cores/msp430f2617/MSP430f2617_core.a(WDebug.o)
                0x0000379c                WDebug::begin()
 .text.startup._GLOBAL__sub_I__ZN6WDebugC2Ehm
                0x000037ac       0x12 C:/Senscape/cosmic/hardware/msp430/cores/msp430f2617/MSP430f2617_core.a(WDebug.o)
 .text.__iRestore.isra.0
                0x000037be        0xe C:/Senscape/cosmic/hardware/msp430/cores/msp430f2617/MSP430f2617_core.a(taskman.o)
 .text.isWaiting
                0x000037cc       0x22 C:/Senscape/cosmic/hardware/msp430/cores/msp430f2617/MSP430f2617_core.a(taskman.o)
                0x000037cc                isWaiting
 .text.pushTask
                0x000037ee       0x48 C:/Senscape/cosmic/hardware/msp430/cores/msp430f2617/MSP430f2617_core.a(taskman.o)
                0x000037ee                pushTask
 .text.initTaskman
                0x00003836       0x22 C:/Senscape/cosmic/hardware/msp430/cores/msp430f2617/MSP430f2617_core.a(taskman.o)
                0x00003836                initTaskman
 .text.runNextTask
                0x00003858       0x66 C:/Senscape/cosmic/hardware/msp430/cores/msp430f2617/MSP430f2617_core.a(taskman.o)
                0x00003858                runNextTask
 .text.postTask
                0x000038be       0x32 C:/Senscape/cosmic/hardware/msp430/cores/msp430f2617/MSP430f2617_core.a(taskman.o)
                0x000038be                postTask
 .text.initTimers
                0x000038f0       0x46 C:/Senscape/cosmic/hardware/msp430/cores/msp430f2617/MSP430f2617_core.a(wiring.o)
                0x000038f0                initTimers
 .text.startTimers
                0x00003936       0x22 C:/Senscape/cosmic/hardware/msp430/cores/msp430f2617/MSP430f2617_core.a(wiring.o)
                0x00003936                startTimers
 .text.getRandomSeedFromVLO
                0x00003958       0x50 C:/Senscape/cosmic/hardware/msp430/cores/msp430f2617/MSP430f2617_core.a(wiring.o)
                0x00003958                getRandomSeedFromVLO
 .text.initDCO  0x000039a8       0x12 C:/Senscape/cosmic/hardware/msp430/cores/msp430f2617/MSP430f2617_core.a(wiring.o)
                0x000039a8                initDCO
 .text.syncDCO  0x000039ba       0x72 C:/Senscape/cosmic/hardware/msp430/cores/msp430f2617/MSP430f2617_core.a(wiring.o)
                0x000039ba                syncDCO
 .text.init     0x00003a2c       0xe0 C:/Senscape/cosmic/hardware/msp430/cores/msp430f2617/MSP430f2617_core.a(wiring.o)
                0x00003a2c                init
 .text.wdt_isr  0x00003b0c        0x6 C:/Senscape/cosmic/hardware/msp430/cores/msp430f2617/MSP430f2617_core.a(wiring.o)
                0x00003b0c                wdt_isr
                0x00003b0c                __isr_26
 .text.timer_a_overflow_isr
                0x00003b12       0x16 C:/Senscape/cosmic/hardware/msp430/cores/msp430f2617/MSP430f2617_core.a(wiring_counter.o)
                0x00003b12                timer_a_overflow_isr
 .text.timer_b_and_c_overflow_isr
                0x00003b28       0x16 C:/Senscape/cosmic/hardware/msp430/cores/msp430f2617/MSP430f2617_core.a(wiring_counter.o)
                0x00003b28                timer_b_and_c_overflow_isr
 .text.spiConfig
                0x00003b3e        0xc C:/Senscape/cosmic/hardware/msp430/cores/msp430f2617/MSP430f2617_core.a(wiring_spi.o)
                0x00003b3e                spiConfig
 .text.spiUnconfig
                0x00003b4a        0x6 C:/Senscape/cosmic/hardware/msp430/cores/msp430f2617/MSP430f2617_core.a(wiring_spi.o)
                0x00003b4a                spiUnconfig
 .text.spiTxByte
                0x00003b50        0xc C:/Senscape/cosmic/hardware/msp430/cores/msp430f2617/MSP430f2617_core.a(wiring_spi.o)
                0x00003b50                spiTxByte
 .text.spiRxByte
                0x00003b5c        0x6 C:/Senscape/cosmic/hardware/msp430/cores/msp430f2617/MSP430f2617_core.a(wiring_spi.o)
                0x00003b5c                spiRxByte
 .text.spiDisableRxIntr
                0x00003b62        0x6 C:/Senscape/cosmic/hardware/msp430/cores/msp430f2617/MSP430f2617_core.a(wiring_spi.o)
                0x00003b62                spiDisableRxIntr
 .text.spiIsRxIntrPending
                0x00003b68        0x6 C:/Senscape/cosmic/hardware/msp430/cores/msp430f2617/MSP430f2617_core.a(wiring_spi.o)
                0x00003b68                spiIsRxIntrPending
 .text.spiClrRxIntr
                0x00003b6e        0x6 C:/Senscape/cosmic/hardware/msp430/cores/msp430f2617/MSP430f2617_core.a(wiring_spi.o)
                0x00003b6e                spiClrRxIntr
 .text.spiAttachTxIntr
                0x00003b74        0x6 C:/Senscape/cosmic/hardware/msp430/cores/msp430f2617/MSP430f2617_core.a(wiring_spi.o)
                0x00003b74                spiAttachTxIntr
 .text.spiAttachRxIntr
                0x00003b7a        0x6 C:/Senscape/cosmic/hardware/msp430/cores/msp430f2617/MSP430f2617_core.a(wiring_spi.o)
                0x00003b7a                spiAttachRxIntr
 .text.uscibtx_spi_isr
                0x00003b80        0x6 C:/Senscape/cosmic/hardware/msp430/cores/msp430f2617/MSP430f2617_core.a(wiring_spi.o)
                0x00003b80                uscibtx_spi_isr
 .text.uscibrx_spi_isr
                0x00003b86        0x6 C:/Senscape/cosmic/hardware/msp430/cores/msp430f2617/MSP430f2617_core.a(wiring_spi.o)
                0x00003b86                uscibrx_spi_isr
 .text.timera0_isr
                0x00003b8c        0xe C:/Senscape/cosmic/hardware/msp430/cores/msp430f2617/MSP430f2617_core.a(platform_timer.o)
                0x00003b8c                timera0_isr
                0x00003b8c                __isr_25
 .text.timera1_isr
                0x00003b9a       0x2c C:/Senscape/cosmic/hardware/msp430/cores/msp430f2617/MSP430f2617_core.a(platform_timer.o)
                0x00003b9a                timera1_isr
                0x00003b9a                __isr_24
 .text.timerb0_isr
                0x00003bc6       0x10 C:/Senscape/cosmic/hardware/msp430/cores/msp430f2617/MSP430f2617_core.a(platform_timer.o)
                0x00003bc6                __isr_29
                0x00003bc6                timerb0_isr
 .text.timerb1_isr
                0x00003bd6       0x4c C:/Senscape/cosmic/hardware/msp430/cores/msp430f2617/MSP430f2617_core.a(platform_timer.o)
                0x00003bd6                __isr_28
                0x00003bd6                timerb1_isr
 .text.int_to_ubctl0
                0x00003c22        0x4 C:/Senscape/cosmic/hardware/msp430/cores/msp430f2617/MSP430f2617_core.a(platform_usci_b.o)
                0x00003c22                int_to_ubctl0
 .text.uscibSetBr
                0x00003c26       0x22 C:/Senscape/cosmic/hardware/msp430/cores/msp430f2617/MSP430f2617_core.a(platform_usci_b.o)
                0x00003c26                uscibSetBr
 .text.uscibReset
                0x00003c48       0x2e C:/Senscape/cosmic/hardware/msp430/cores/msp430f2617/MSP430f2617_core.a(platform_usci_b.o)
                0x00003c48                uscibReset
 .text.uscibIsSpi
                0x00003c76       0x2c C:/Senscape/cosmic/hardware/msp430/cores/msp430f2617/MSP430f2617_core.a(platform_usci_b.o)
                0x00003c76                uscibIsSpi
 .text.uscibIsI2C
                0x00003ca2       0x26 C:/Senscape/cosmic/hardware/msp430/cores/msp430f2617/MSP430f2617_core.a(platform_usci_b.o)
                0x00003ca2                uscibIsI2C
 .text.uscibGetMode
                0x00003cc8       0x26 C:/Senscape/cosmic/hardware/msp430/cores/msp430f2617/MSP430f2617_core.a(platform_usci_b.o)
                0x00003cc8                uscibGetMode
 .text.uscibConfigPin
                0x00003cee       0x54 C:/Senscape/cosmic/hardware/msp430/cores/msp430f2617/MSP430f2617_core.a(platform_usci_b.o)
                0x00003cee                uscibConfigPin
 .text.uscibEnableSpi
                0x00003d42       0x3e C:/Senscape/cosmic/hardware/msp430/cores/msp430f2617/MSP430f2617_core.a(platform_usci_b.o)
                0x00003d42                uscibEnableSpi
 .text.uscibDisableSpi
                0x00003d80       0x3e C:/Senscape/cosmic/hardware/msp430/cores/msp430f2617/MSP430f2617_core.a(platform_usci_b.o)
                0x00003d80                uscibDisableSpi
 .text.uscibConfigSpi
                0x00003dbe       0x34 C:/Senscape/cosmic/hardware/msp430/cores/msp430f2617/MSP430f2617_core.a(platform_usci_b.o)
                0x00003dbe                uscibConfigSpi
 .text.uscibDisableI2C
                0x00003df2       0x2a C:/Senscape/cosmic/hardware/msp430/cores/msp430f2617/MSP430f2617_core.a(platform_usci_b.o)
                0x00003df2                uscibDisableI2C
 .text.uscibTxByte
                0x00003e1c       0x14 C:/Senscape/cosmic/hardware/msp430/cores/msp430f2617/MSP430f2617_core.a(platform_usci_b.o)
                0x00003e1c                uscibTxByte
 .text.uscibRxByte
                0x00003e30       0x12 C:/Senscape/cosmic/hardware/msp430/cores/msp430f2617/MSP430f2617_core.a(platform_usci_b.o)
                0x00003e30                uscibRxByte
 .text.uscibDisableRxIntr
                0x00003e42       0x14 C:/Senscape/cosmic/hardware/msp430/cores/msp430f2617/MSP430f2617_core.a(platform_usci_b.o)
                0x00003e42                uscibDisableRxIntr
 .text.uscibDisableIntr
                0x00003e56       0x14 C:/Senscape/cosmic/hardware/msp430/cores/msp430f2617/MSP430f2617_core.a(platform_usci_b.o)
                0x00003e56                uscibDisableIntr
 .text.uscibClrRxIntr
                0x00003e6a       0x14 C:/Senscape/cosmic/hardware/msp430/cores/msp430f2617/MSP430f2617_core.a(platform_usci_b.o)
                0x00003e6a                uscibClrRxIntr
 .text.uscibClrIntr
                0x00003e7e       0x14 C:/Senscape/cosmic/hardware/msp430/cores/msp430f2617/MSP430f2617_core.a(platform_usci_b.o)
                0x00003e7e                uscibClrIntr
 .text.uscibSetModeSpi
                0x00003e92       0x38 C:/Senscape/cosmic/hardware/msp430/cores/msp430f2617/MSP430f2617_core.a(platform_usci_b.o)
                0x00003e92                uscibSetModeSpi
 .text.uscibSetModePin
                0x00003eca       0x44 C:/Senscape/cosmic/hardware/msp430/cores/msp430f2617/MSP430f2617_core.a(platform_usci_b.o)
                0x00003eca                uscibSetModePin
 .text.uscibIsRxIntrPending
                0x00003f0e       0x20 C:/Senscape/cosmic/hardware/msp430/cores/msp430f2617/MSP430f2617_core.a(platform_usci_b.o)
                0x00003f0e                uscibIsRxIntrPending
 .text.usci_isr_install
                0x00003f2e        0x2 C:/Senscape/cosmic/hardware/msp430/cores/msp430f2617/MSP430f2617_core.a(platform_usci_isr.o)
                0x00003f2e                usci_isr_install
 .text.usci0tx_isr
                0x00003f30       0x5e C:/Senscape/cosmic/hardware/msp430/cores/msp430f2617/MSP430f2617_core.a(platform_usci_isr.o)
                0x00003f30                usci0tx_isr
                0x00003f30                __isr_22
 .text.usci0rx_isr
                0x00003f8e       0x48 C:/Senscape/cosmic/hardware/msp430/cores/msp430f2617/MSP430f2617_core.a(platform_usci_isr.o)
                0x00003f8e                usci0rx_isr
                0x00003f8e                __isr_23
 .text.usci1tx_isr
                0x00003fd6       0x5e C:/Senscape/cosmic/hardware/msp430/cores/msp430f2617/MSP430f2617_core.a(platform_usci_isr.o)
                0x00003fd6                usci1tx_isr
                0x00003fd6                __isr_16
 .text.usci1rx_isr
                0x00004034       0x48 C:/Senscape/cosmic/hardware/msp430/cores/msp430f2617/MSP430f2617_core.a(platform_usci_isr.o)
                0x00004034                usci1rx_isr
                0x00004034                __isr_17
 .text._ZN7Arbiter21onResourceGrantedTaskEPv
                0x0000407c       0x10 C:/Senscape/cosmic/hardware/msp430/cores/msp430f2617/MSP430f2617_core.a(Arbiter.o)
                0x0000407c                Arbiter::onResourceGrantedTask(void*)
 .text._ZL10__iRestorePKh.isra.0
                0x0000408c        0xe C:/Senscape/cosmic/hardware/msp430/cores/msp430f2617/MSP430f2617_core.a(Arbiter.o)
 .text._ZN7ArbiterC2Eh
                0x0000409a       0x32 C:/Senscape/cosmic/hardware/msp430/cores/msp430f2617/MSP430f2617_core.a(Arbiter.o)
                0x0000409a                Arbiter::Arbiter(unsigned char)
                0x0000409a                Arbiter::Arbiter(unsigned char)
 .text._ZN7Arbiter10isEnqueuedEh
                0x000040cc       0x20 C:/Senscape/cosmic/hardware/msp430/cores/msp430f2617/MSP430f2617_core.a(Arbiter.o)
                0x000040cc                Arbiter::isEnqueued(unsigned char)
 .text._ZN7Arbiter7dequeueEv
                0x000040ec       0x32 C:/Senscape/cosmic/hardware/msp430/cores/msp430f2617/MSP430f2617_core.a(Arbiter.o)
                0x000040ec                Arbiter::dequeue()
 .text._ZN7Arbiter7enqueueEh
                0x0000411e       0x42 C:/Senscape/cosmic/hardware/msp430/cores/msp430f2617/MSP430f2617_core.a(Arbiter.o)
                0x0000411e                Arbiter::enqueue(unsigned char)
 .text._ZN7Arbiter7requestEh
                0x00004160       0x3c C:/Senscape/cosmic/hardware/msp430/cores/msp430f2617/MSP430f2617_core.a(Arbiter.o)
                0x00004160                Arbiter::request(unsigned char)
 .text._ZN7Arbiter7releaseEh
                0x0000419c       0x5a C:/Senscape/cosmic/hardware/msp430/cores/msp430f2617/MSP430f2617_core.a(Arbiter.o)
                0x0000419c                Arbiter::release(unsigned char)
 .text._ZN7Arbiter21attachResourceGrantedEPFvhhE
                0x000041f6        0xc C:/Senscape/cosmic/hardware/msp430/cores/msp430f2617/MSP430f2617_core.a(Arbiter.o)
                0x000041f6                Arbiter::attachResourceGranted(void (*)(unsigned char, unsigned char))
 .text.startup._GLOBAL__sub_I_resource_queue
                0x00004202       0x2c C:/Senscape/cosmic/hardware/msp430/cores/msp430f2617/MSP430f2617_core.a(Arbiter.o)
 .text._ZN6Serial9availableEv
                0x0000422e       0x12 C:/Senscape/cosmic/hardware/msp430/cores/msp430f2617/MSP430f2617_core.a(Serial.o)
                0x0000422e                Serial::available()
 .text._ZN6Serial4peekEv
                0x00004240       0x1e C:/Senscape/cosmic/hardware/msp430/cores/msp430f2617/MSP430f2617_core.a(Serial.o)
                0x00004240                Serial::peek()
 .text._ZN6Serial4readEv
                0x0000425e       0x2c C:/Senscape/cosmic/hardware/msp430/cores/msp430f2617/MSP430f2617_core.a(Serial.o)
                0x0000425e                Serial::read()
 .text._ZN6Serial7rxFlushEv
                0x0000428a        0xc C:/Senscape/cosmic/hardware/msp430/cores/msp430f2617/MSP430f2617_core.a(Serial.o)
                0x0000428a                Serial::rxFlush()
 .text._ZN6Serial5readyEv
                0x00004296       0x16 C:/Senscape/cosmic/hardware/msp430/cores/msp430f2617/MSP430f2617_core.a(Serial.o)
                0x00004296                Serial::ready()
 .text._ZN6Serial5writeEh
                0x000042ac       0x38 C:/Senscape/cosmic/hardware/msp430/cores/msp430f2617/MSP430f2617_core.a(Serial.o)
                0x000042ac                Serial::write(unsigned char)
 .text._ZN6Serial7txFlushEv
                0x000042e4       0x16 C:/Senscape/cosmic/hardware/msp430/cores/msp430f2617/MSP430f2617_core.a(Serial.o)
                0x000042e4                Serial::txFlush()
 .text._ZN6Serial8onRxDoneEh
                0x000042fa       0x46 C:/Senscape/cosmic/hardware/msp430/cores/msp430f2617/MSP430f2617_core.a(Serial.o)
                0x000042fa                Serial::onRxDone(unsigned char)
 .text._ZN6Serial8onTxDoneEh
                0x00004340       0x4e C:/Senscape/cosmic/hardware/msp430/cores/msp430f2617/MSP430f2617_core.a(Serial.o)
                0x00004340                Serial::onTxDone(unsigned char)
 .text._Z12serialEvent0v
                0x0000438e        0x2 C:/Senscape/cosmic/hardware/msp430/cores/msp430f2617/MSP430f2617_core.a(Serial.o)
                0x0000438e                serialEvent0()
 .text._Z12serialEvent1v
                0x00004390        0x2 C:/Senscape/cosmic/hardware/msp430/cores/msp430f2617/MSP430f2617_core.a(Serial.o)
                0x00004390                serialEvent1()
 .text._Z14serialEventRunv
                0x00004392       0x22 C:/Senscape/cosmic/hardware/msp430/cores/msp430f2617/MSP430f2617_core.a(Serial.o)
                0x00004392                serialEventRun()
 .text._ZN6SerialC2Ehhh
                0x000043b4       0x72 C:/Senscape/cosmic/hardware/msp430/cores/msp430f2617/MSP430f2617_core.a(Serial.o)
                0x000043b4                Serial::Serial(unsigned char, unsigned char, unsigned char)
                0x000043b4                Serial::Serial(unsigned char, unsigned char, unsigned char)
 .text._ZN6Serial5beginEm
                0x00004426       0x4a C:/Senscape/cosmic/hardware/msp430/cores/msp430f2617/MSP430f2617_core.a(Serial.o)
                0x00004426                Serial::begin(unsigned long)
 .text.startup._GLOBAL__sub_I_serial_tx_buffer
                0x00004470       0x1e C:/Senscape/cosmic/hardware/msp430/cores/msp430f2617/MSP430f2617_core.a(Serial.o)
 .text.pinMode  0x0000448e       0x38 C:/Senscape/cosmic/hardware/msp430/cores/msp430f2617/MSP430f2617_core.a(wiring_digital.o)
                0x0000448e                pinMode
 .text.digitalWrite
                0x000044c6       0x38 C:/Senscape/cosmic/hardware/msp430/cores/msp430f2617/MSP430f2617_core.a(wiring_digital.o)
                0x000044c6                digitalWrite
 .text.timer_a_isr
                0x000044fe        0x6 C:/Senscape/cosmic/hardware/msp430/cores/msp430f2617/MSP430f2617_core.a(wiring_timer.o)
                0x000044fe                timer_a_isr
 .text.timer_b_isr
                0x00004504        0x6 C:/Senscape/cosmic/hardware/msp430/cores/msp430f2617/MSP430f2617_core.a(wiring_timer.o)
                0x00004504                timer_b_isr
 .text.timer_c_isr
                0x0000450a        0x6 C:/Senscape/cosmic/hardware/msp430/cores/msp430f2617/MSP430f2617_core.a(wiring_timer.o)
                0x0000450a                timer_c_isr
 .text.uartConfig
                0x00004510        0xc C:/Senscape/cosmic/hardware/msp430/cores/msp430f2617/MSP430f2617_core.a(wiring_uart.o)
                0x00004510                uartConfig
 .text.uartTxByte
                0x0000451c        0xc C:/Senscape/cosmic/hardware/msp430/cores/msp430f2617/MSP430f2617_core.a(wiring_uart.o)
                0x0000451c                uartTxByte
 .text.uartRxByte
                0x00004528        0x6 C:/Senscape/cosmic/hardware/msp430/cores/msp430f2617/MSP430f2617_core.a(wiring_uart.o)
                0x00004528                uartRxByte
 .text.uartEnableTxIntr
                0x0000452e        0x6 C:/Senscape/cosmic/hardware/msp430/cores/msp430f2617/MSP430f2617_core.a(wiring_uart.o)
                0x0000452e                uartEnableTxIntr
 .text.uartDisableTxIntr
                0x00004534        0x6 C:/Senscape/cosmic/hardware/msp430/cores/msp430f2617/MSP430f2617_core.a(wiring_uart.o)
                0x00004534                uartDisableTxIntr
 .text.uartEnableRxIntr
                0x0000453a        0x6 C:/Senscape/cosmic/hardware/msp430/cores/msp430f2617/MSP430f2617_core.a(wiring_uart.o)
                0x0000453a                uartEnableRxIntr
 .text.uartAttachTxIntr
                0x00004540        0x6 C:/Senscape/cosmic/hardware/msp430/cores/msp430f2617/MSP430f2617_core.a(wiring_uart.o)
                0x00004540                uartAttachTxIntr
 .text.uartAttachRxIntr
                0x00004546        0x6 C:/Senscape/cosmic/hardware/msp430/cores/msp430f2617/MSP430f2617_core.a(wiring_uart.o)
                0x00004546                uartAttachRxIntr
 .text.usciatx_isr
                0x0000454c        0x6 C:/Senscape/cosmic/hardware/msp430/cores/msp430f2617/MSP430f2617_core.a(wiring_uart.o)
                0x0000454c                usciatx_isr
 .text.usciarx_isr
                0x00004552        0x6 C:/Senscape/cosmic/hardware/msp430/cores/msp430f2617/MSP430f2617_core.a(wiring_uart.o)
                0x00004552                usciarx_isr
 .text.gpio_setModeFuncOutputPin
                0x00004558       0x16 C:/Senscape/cosmic/hardware/msp430/cores/msp430f2617/MSP430f2617_core.a(platform_gpio.o)
                0x00004558                gpio_setModeFuncOutputPin
 .text.gpio_setModeFuncInputPin
                0x0000456e       0x16 C:/Senscape/cosmic/hardware/msp430/cores/msp430f2617/MSP430f2617_core.a(platform_gpio.o)
                0x0000456e                gpio_setModeFuncInputPin
 .text.gpio_setModeFuncPin
                0x00004584       0x24 C:/Senscape/cosmic/hardware/msp430/cores/msp430f2617/MSP430f2617_core.a(platform_gpio.o)
                0x00004584                gpio_setModeFuncPin
 .text.gpio_isIOFunc
                0x000045a8       0x14 C:/Senscape/cosmic/hardware/msp430/cores/msp430f2617/MSP430f2617_core.a(platform_gpio.o)
                0x000045a8                gpio_isIOFunc
 .text.gpio_makeOutput
                0x000045bc       0x16 C:/Senscape/cosmic/hardware/msp430/cores/msp430f2617/MSP430f2617_core.a(platform_gpio.o)
                0x000045bc                gpio_makeOutput
 .text.gpio_makeInput
                0x000045d2       0x24 C:/Senscape/cosmic/hardware/msp430/cores/msp430f2617/MSP430f2617_core.a(platform_gpio.o)
                0x000045d2                gpio_makeInput
 .text.gpio_makeInputWithPullDown
                0x000045f6       0x32 C:/Senscape/cosmic/hardware/msp430/cores/msp430f2617/MSP430f2617_core.a(platform_gpio.o)
                0x000045f6                gpio_makeInputWithPullDown
 .text.gpio_makeInputWithPullUp
                0x00004628       0x32 C:/Senscape/cosmic/hardware/msp430/cores/msp430f2617/MSP430f2617_core.a(platform_gpio.o)
                0x00004628                gpio_makeInputWithPullUp
 .text.gpio_setPin
                0x0000465a        0xe C:/Senscape/cosmic/hardware/msp430/cores/msp430f2617/MSP430f2617_core.a(platform_gpio.o)
                0x0000465a                gpio_setPin
 .text.gpio_clearPin
                0x00004668        0xe C:/Senscape/cosmic/hardware/msp430/cores/msp430f2617/MSP430f2617_core.a(platform_gpio.o)
                0x00004668                gpio_clearPin
 .text.usciaSetBr
                0x00004676       0x22 C:/Senscape/cosmic/hardware/msp430/cores/msp430f2617/MSP430f2617_core.a(platform_usci_a.o)
                0x00004676                usciaSetBr
 .text.usciaReset
                0x00004698       0x2e C:/Senscape/cosmic/hardware/msp430/cores/msp430f2617/MSP430f2617_core.a(platform_usci_a.o)
                0x00004698                usciaReset
 .text.usciaEnableUart
                0x000046c6       0x2a C:/Senscape/cosmic/hardware/msp430/cores/msp430f2617/MSP430f2617_core.a(platform_usci_a.o)
                0x000046c6                usciaEnableUart
 .text.usciaConfigUart
                0x000046f0       0x42 C:/Senscape/cosmic/hardware/msp430/cores/msp430f2617/MSP430f2617_core.a(platform_usci_a.o)
                0x000046f0                usciaConfigUart
 .text.usciaTxByte
                0x00004732       0x14 C:/Senscape/cosmic/hardware/msp430/cores/msp430f2617/MSP430f2617_core.a(platform_usci_a.o)
                0x00004732                usciaTxByte
 .text.usciaRxByte
                0x00004746       0x12 C:/Senscape/cosmic/hardware/msp430/cores/msp430f2617/MSP430f2617_core.a(platform_usci_a.o)
                0x00004746                usciaRxByte
 .text.usciaDisableTxIntr
                0x00004758       0x14 C:/Senscape/cosmic/hardware/msp430/cores/msp430f2617/MSP430f2617_core.a(platform_usci_a.o)
                0x00004758                usciaDisableTxIntr
 .text.usciaDisableIntr
                0x0000476c       0x14 C:/Senscape/cosmic/hardware/msp430/cores/msp430f2617/MSP430f2617_core.a(platform_usci_a.o)
                0x0000476c                usciaDisableIntr
 .text.usciaEnableRxIntr
                0x00004780       0x10 C:/Senscape/cosmic/hardware/msp430/cores/msp430f2617/MSP430f2617_core.a(platform_usci_a.o)
                0x00004780                usciaEnableRxIntr
 .text.usciaEnableTxIntr
                0x00004790       0x10 C:/Senscape/cosmic/hardware/msp430/cores/msp430f2617/MSP430f2617_core.a(platform_usci_a.o)
                0x00004790                usciaEnableTxIntr
 .text.usciaClrIntr
                0x000047a0       0x14 C:/Senscape/cosmic/hardware/msp430/cores/msp430f2617/MSP430f2617_core.a(platform_usci_a.o)
                0x000047a0                usciaClrIntr
 .text.usciaSetModeUart
                0x000047b4       0x38 C:/Senscape/cosmic/hardware/msp430/cores/msp430f2617/MSP430f2617_core.a(platform_usci_a.o)
                0x000047b4                usciaSetModeUart
 .text._ZN7SensMAG9isStartedEv
                0x000047ec        0x6 C:/Senscape/cosmic/hardware/msp430/libraries/msp430f2617/MAG_lib/Debug/libMAG_lib.a(SensMAG.o)
                0x000047ec                SensMAG::isStarted()
 .text._ZN7SensMAG7readNowEv
                0x000047f2        0x4 C:/Senscape/cosmic/hardware/msp430/libraries/msp430f2617/MAG_lib/Debug/libMAG_lib.a(SensMAG.o)
                0x000047f2                SensMAG::readNow()
 .text._ZN7SensMAG15attachStartDoneEPFvhE
                0x000047f6        0x6 C:/Senscape/cosmic/hardware/msp430/libraries/msp430f2617/MAG_lib/Debug/libMAG_lib.a(SensMAG.o)
                0x000047f6                SensMAG::attachStartDone(void (*)(unsigned char))
 .text._ZN7SensMAG14attachStopDoneEPFvhE
                0x000047fc        0x6 C:/Senscape/cosmic/hardware/msp430/libraries/msp430f2617/MAG_lib/Debug/libMAG_lib.a(SensMAG.o)
                0x000047fc                SensMAG::attachStopDone(void (*)(unsigned char))
 .text._ZN7SensMAG14attachReadDoneEPFvP13sensor_data_thE
                0x00004802        0x6 C:/Senscape/cosmic/hardware/msp430/libraries/msp430f2617/MAG_lib/Debug/libMAG_lib.a(SensMAG.o)
                0x00004802                SensMAG::attachReadDone(void (*)(sensor_data_t*, unsigned char))
 .text._ZN7SensMAG16onSignalDoneTaskEPv
                0x00004808       0x96 C:/Senscape/cosmic/hardware/msp430/libraries/msp430f2617/MAG_lib/Debug/libMAG_lib.a(SensMAG.o)
                0x00004808                SensMAG::onSignalDoneTask(void*)
 .text._ZN7SensMAG16onSpiTranferDoneEPhS0_jh
                0x0000489e       0x92 C:/Senscape/cosmic/hardware/msp430/libraries/msp430f2617/MAG_lib/Debug/libMAG_lib.a(SensMAG.o)
                0x0000489e                SensMAG::onSpiTranferDone(unsigned char*, unsigned char*, unsigned int, unsigned char)
 .text._ZN7SensMAG4readEv
                0x00004930       0x24 C:/Senscape/cosmic/hardware/msp430/libraries/msp430f2617/MAG_lib/Debug/libMAG_lib.a(SensMAG.o)
                0x00004930                SensMAG::read()
 .text._ZN7SensMAG4stopEv
                0x00004954       0x18 C:/Senscape/cosmic/hardware/msp430/libraries/msp430f2617/MAG_lib/Debug/libMAG_lib.a(SensMAG.o)
                0x00004954                SensMAG::stop()
 .text._ZN7SensMAG5startEv
                0x0000496c       0x38 C:/Senscape/cosmic/hardware/msp430/libraries/msp430f2617/MAG_lib/Debug/libMAG_lib.a(SensMAG.o)
                0x0000496c                SensMAG::start()
 .text._ZN7SensMAGC2EP3SPIP8Resource9mag_scale7mag_odr
                0x000049a4       0x2a C:/Senscape/cosmic/hardware/msp430/libraries/msp430f2617/MAG_lib/Debug/libMAG_lib.a(SensMAG.o)
                0x000049a4                SensMAG::SensMAG(SPI*, Resource*, mag_scale, mag_odr)
                0x000049a4                SensMAG::SensMAG(SPI*, Resource*, mag_scale, mag_odr)
 .text._ZN7SensMAG8calcmResEv
                0x000049ce       0x34 C:/Senscape/cosmic/hardware/msp430/libraries/msp430f2617/MAG_lib/Debug/libMAG_lib.a(SensMAG.o)
                0x000049ce                SensMAG::calcmRes()
 .text._ZN7SensMAG12readRegisterEhPh
                0x00004a02       0x3a C:/Senscape/cosmic/hardware/msp430/libraries/msp430f2617/MAG_lib/Debug/libMAG_lib.a(SensMAG.o)
                0x00004a02                SensMAG::readRegister(unsigned char, unsigned char*)
 .text._ZN7SensMAG10readBufferEhPhh
                0x00004a3c       0x46 C:/Senscape/cosmic/hardware/msp430/libraries/msp430f2617/MAG_lib/Debug/libMAG_lib.a(SensMAG.o)
                0x00004a3c                SensMAG::readBuffer(unsigned char, unsigned char*, unsigned char)
 .text._ZN7SensMAG13writeRegisterEhh
                0x00004a82       0x32 C:/Senscape/cosmic/hardware/msp430/libraries/msp430f2617/MAG_lib/Debug/libMAG_lib.a(SensMAG.o)
                0x00004a82                SensMAG::writeRegister(unsigned char, unsigned char)
 .text._ZN7SensMAG7initMagEv
                0x00004ab4       0x36 C:/Senscape/cosmic/hardware/msp430/libraries/msp430f2617/MAG_lib/Debug/libMAG_lib.a(SensMAG.o)
                0x00004ab4                SensMAG::initMag()
 .text._ZN7SensMAG11setMagScaleE9mag_scale
                0x00004aea       0x38 C:/Senscape/cosmic/hardware/msp430/libraries/msp430f2617/MAG_lib/Debug/libMAG_lib.a(SensMAG.o)
                0x00004aea                SensMAG::setMagScale(mag_scale)
 .text._ZN7SensMAG9setMagODRE7mag_odr
                0x00004b22       0x2e C:/Senscape/cosmic/hardware/msp430/libraries/msp430f2617/MAG_lib/Debug/libMAG_lib.a(SensMAG.o)
                0x00004b22                SensMAG::setMagODR(mag_odr)
 .text._ZN7SensMAG20onSpiResourceGrantedEv
                0x00004b50       0xca C:/Senscape/cosmic/hardware/msp430/libraries/msp430f2617/MAG_lib/Debug/libMAG_lib.a(SensMAG.o)
                0x00004b50                SensMAG::onSpiResourceGranted()
 .text._ZN7SensMAG17requestAccelMagIdEv
                0x00004c1a       0x1a C:/Senscape/cosmic/hardware/msp430/libraries/msp430f2617/MAG_lib/Debug/libMAG_lib.a(SensMAG.o)
                0x00004c1a                SensMAG::requestAccelMagId()
 .text._ZN7SensMAG27attachRequestAccelMagIdDoneEPFvPhhE
                0x00004c34        0x6 C:/Senscape/cosmic/hardware/msp430/libraries/msp430f2617/MAG_lib/Debug/libMAG_lib.a(SensMAG.o)
                0x00004c34                SensMAG::attachRequestAccelMagIdDone(void (*)(unsigned char*, unsigned char))
 .text.libgcc   0x00004c3a       0x38 c:/senscape/firmware/tools/msp430/bin/../lib/gcc/msp430/4.6.3/mcpu-430x/mmpy-16\libgcc.a(_udivmod32.o)
                0x00004c3a                __ext_udivmod32
                0x00004c3a                __udivsi3
                0x00004c68                __umodsi3
 .text          0x00004c72      0x21e c:/senscape/firmware/tools/msp430/bin/../lib/gcc/msp430/4.6.3/mcpu-430x/mmpy-16\libgcc.a(_mul_sf.o)
                0x00004c72                __mulsf3
 .text          0x00004e90       0xa2 c:/senscape/firmware/tools/msp430/bin/../lib/gcc/msp430/4.6.3/mcpu-430x/mmpy-16\libgcc.a(_si_to_sf.o)
                0x00004e90                __floatsisf
 .text          0x00004f32       0x6a c:/senscape/firmware/tools/msp430/bin/../lib/gcc/msp430/4.6.3/mcpu-430x/mmpy-16\libgcc.a(_clzsi2.o)
                0x00004f32                __clzsi2
 .text          0x00004f9c      0x1c6 c:/senscape/firmware/tools/msp430/bin/../lib/gcc/msp430/4.6.3/mcpu-430x/mmpy-16\libgcc.a(_pack_sf.o)
                0x00004f9c                __pack_f
 .text          0x00005162      0x10c c:/senscape/firmware/tools/msp430/bin/../lib/gcc/msp430/4.6.3/mcpu-430x/mmpy-16\libgcc.a(_unpack_sf.o)
                0x00005162                __unpack_f
 .text          0x0000526e       0x5c c:/senscape/firmware/tools/msp430/bin/../lib/gcc/msp430/4.6.3/../../../../msp430/lib/mcpu-430x/mmpy-16\libc.a(memset.o)
                0x0000526e                memset
 .text.crt0     0x000052ca        0x2 c:/senscape/firmware/tools/msp430/bin/../lib/gcc/msp430/4.6.3/mcpu-430x/mmpy-16\libcrt0.a(_unexpected_.o)
                0x000052ca                _unexpected_
                0x000052cc                . = ALIGN (0x2)

.rodata         0x000052cc      0x25a
                0x000052cc                . = ALIGN (0x2)
 *(.rodata .rodata.* .gnu.linkonce.r.*)
 .rodata.setup  0x000052cc       0x1a ./MAG_01.o
 .rodata._Z11onStartDoneh
                0x000052e6       0x22 ./MAG_01.o
 .rodata._Z19onRequestAccelMagIdPhh
                0x00005308       0x1f ./MAG_01.o
 .rodata.digital_pin_to_bit_mask
                0x00005327       0x41 ./main.o
                0x00005327                digital_pin_to_bit_mask
 .rodata.digital_pin_to_port
                0x00005368       0x41 ./main.o
                0x00005368                digital_pin_to_port
 *fill*         0x000053a9        0x1 00
 .rodata.port_to_sel0
                0x000053aa        0xe ./main.o
                0x000053aa                port_to_sel0
 .rodata.port_to_ren
                0x000053b8        0xe ./main.o
                0x000053b8                port_to_ren
 .rodata.port_to_dir
                0x000053c6        0xe ./main.o
                0x000053c6                port_to_dir
 .rodata.port_to_output
                0x000053d4        0xe ./main.o
                0x000053d4                port_to_output
 .rodata._ZTV6Serial
                0x000053e2       0x14 C:/Senscape/cosmic/hardware/msp430/cores/msp430f2617/MSP430f2617_core.a(Serial.o)
                0x000053e2                vtable for Serial
 .rodata._ZN7SensMAG16onSignalDoneTaskEPv
                0x000053f6        0xa C:/Senscape/cosmic/hardware/msp430/libraries/msp430f2617/MAG_lib/Debug/libMAG_lib.a(SensMAG.o)
 .rodata._ZN7SensMAG20onSpiResourceGrantedEv
                0x00005400        0xa C:/Senscape/cosmic/hardware/msp430/libraries/msp430f2617/MAG_lib/Debug/libMAG_lib.a(SensMAG.o)
 .rodata._ZTV7SensMAG
                0x0000540a       0x14 C:/Senscape/cosmic/hardware/msp430/libraries/msp430f2617/MAG_lib/Debug/libMAG_lib.a(SensMAG.o)
                0x0000540a                vtable for SensMAG
 .rodata        0x0000541e        0x8 c:/senscape/firmware/tools/msp430/bin/../lib/gcc/msp430/4.6.3/mcpu-430x/mmpy-16\libgcc.a(_thenan_sf.o)
                0x0000541e                __thenan_sf
 .rodata        0x00005426      0x100 c:/senscape/firmware/tools/msp430/bin/../lib/gcc/msp430/4.6.3/mcpu-430x/mmpy-16\libgcc.a(_clz.o)
                0x00005426                __clz_tab
                0x00005526                . = ALIGN (0x2)
                0x00005526                _etext = .

.data           0x00001100       0x32 load address 0x00005526
                0x00001100                . = ALIGN (0x2)
                0x00001100                PROVIDE (__data_start, .)
 *(.data .data.* .gnu.linkonce.d.*)
 .data.resource_queue
                0x00001100       0x30 C:/Senscape/cosmic/hardware/msp430/cores/msp430f2617/MSP430f2617_core.a(Arbiter.o)
                0x00001100                resource_queue
 .data._ZN7SensMAG5mRateE
                0x00001130        0x2 C:/Senscape/cosmic/hardware/msp430/libraries/msp430f2617/MAG_lib/Debug/libMAG_lib.a(SensMAG.o)
                0x00001130                SensMAG::mRate
                0x00001132                . = ALIGN (0x2)
                0x00001132                _edata = .
                0x00005526                PROVIDE (__data_load_start, LOADADDR (.data))
                0x00000032                PROVIDE (__data_size, SIZEOF (.data))

.bss            0x00001132      0x216 load address 0x00005558
                0x00001132                PROVIDE (__bss_start, .)
 *(.bss .bss.*)
 .bss.MAG       0x00001132        0x2 ./MAG_01.o
                0x00001132                MAG
 .bss.mag_resource
                0x00001134        0x4 ./MAG_01.o
                0x00001134                mag_resource
 .bss._ZN6Booter9_bootDoneE
                0x00001138       0x10 C:/Senscape/cosmic/hardware/msp430/cores/msp430f2617/MSP430f2617_core.a(Booter.o)
                0x00001138                Booter::_bootDone
 .bss._ZN6Booter7_resultE
                0x00001148        0x1 C:/Senscape/cosmic/hardware/msp430/cores/msp430f2617/MSP430f2617_core.a(Booter.o)
                0x00001148                Booter::_result
 .bss._ZN6Booter13_next_boot_idE
                0x00001149        0x1 C:/Senscape/cosmic/hardware/msp430/cores/msp430f2617/MSP430f2617_core.a(Booter.o)
                0x00001149                Booter::_next_boot_id
 .bss._ZN8Resource16_resourceGrantedE
                0x0000114a       0x28 C:/Senscape/cosmic/hardware/msp430/cores/msp430f2617/MSP430f2617_core.a(Resource.o)
                0x0000114a                Resource::_resourceGranted
 .bss._ZN8Resource17_next_resource_idE
                0x00001172        0x4 C:/Senscape/cosmic/hardware/msp430/cores/msp430f2617/MSP430f2617_core.a(Resource.o)
                0x00001172                Resource::_next_resource_id
 .bss.Spi1      0x00001176        0x8 C:/Senscape/cosmic/hardware/msp430/cores/msp430f2617/MSP430f2617_core.a(SPI.o)
                0x00001176                Spi1
 .bss.Spi0      0x0000117e        0x8 C:/Senscape/cosmic/hardware/msp430/cores/msp430f2617/MSP430f2617_core.a(SPI.o)
                0x0000117e                Spi0
 .bss._ZN3SPI15_onTransferDoneE
                0x00001186        0x4 C:/Senscape/cosmic/hardware/msp430/cores/msp430f2617/MSP430f2617_core.a(SPI.o)
                0x00001186                SPI::_onTransferDone
 .bss.spi_buffer
                0x0000118a       0x10 C:/Senscape/cosmic/hardware/msp430/cores/msp430f2617/MSP430f2617_core.a(SPI.o)
                0x0000118a                spi_buffer
 .bss.Debug     0x0000119a       0x10 C:/Senscape/cosmic/hardware/msp430/cores/msp430f2617/MSP430f2617_core.a(WDebug.o)
                0x0000119a                Debug
 .bss.vlo_random_seed
                0x000011aa        0x4 C:/Senscape/cosmic/hardware/msp430/cores/msp430f2617/MSP430f2617_core.a(wiring.o)
 .bss.upper_16mhz_counter
                0x000011ae        0x4 C:/Senscape/cosmic/hardware/msp430/cores/msp430f2617/MSP430f2617_core.a(wiring_counter.o)
                0x000011ae                upper_16mhz_counter
 .bss.upper_32khz_counter
                0x000011b2        0x4 C:/Senscape/cosmic/hardware/msp430/cores/msp430f2617/MSP430f2617_core.a(wiring_counter.o)
                0x000011b2                upper_32khz_counter
 .bss.onSpiTxIntr
                0x000011b6        0x2 C:/Senscape/cosmic/hardware/msp430/cores/msp430f2617/MSP430f2617_core.a(wiring_spi.o)
 .bss.onSpiRxIntr
                0x000011b8        0x2 C:/Senscape/cosmic/hardware/msp430/cores/msp430f2617/MSP430f2617_core.a(wiring_spi.o)
 .bss.ArbiterOneWire0
                0x000011ba        0x6 C:/Senscape/cosmic/hardware/msp430/cores/msp430f2617/MSP430f2617_core.a(Arbiter.o)
                0x000011ba                ArbiterOneWire0
 .bss.ArbiterUsciB1
                0x000011c0        0x6 C:/Senscape/cosmic/hardware/msp430/cores/msp430f2617/MSP430f2617_core.a(Arbiter.o)
                0x000011c0                ArbiterUsciB1
 .bss.ArbiterUsciB0
                0x000011c6        0x6 C:/Senscape/cosmic/hardware/msp430/cores/msp430f2617/MSP430f2617_core.a(Arbiter.o)
                0x000011c6                ArbiterUsciB0
 .bss.ArbiterADC
                0x000011cc        0x6 C:/Senscape/cosmic/hardware/msp430/cores/msp430f2617/MSP430f2617_core.a(Arbiter.o)
                0x000011cc                ArbiterADC
 .bss._ZN7Arbiter16_resourceGrantedE
                0x000011d2        0x2 C:/Senscape/cosmic/hardware/msp430/cores/msp430f2617/MSP430f2617_core.a(Arbiter.o)
                0x000011d2                Arbiter::_resourceGranted
 .bss.Serial1   0x000011d4       0x18 C:/Senscape/cosmic/hardware/msp430/cores/msp430f2617/MSP430f2617_core.a(Serial.o)
                0x000011d4                Serial1
 .bss.Serial0   0x000011ec       0x18 C:/Senscape/cosmic/hardware/msp430/cores/msp430f2617/MSP430f2617_core.a(Serial.o)
                0x000011ec                Serial0
 .bss._ZN6Serial10_onReceiveE
                0x00001204        0x4 C:/Senscape/cosmic/hardware/msp430/cores/msp430f2617/MSP430f2617_core.a(Serial.o)
                0x00001204                Serial::_onReceive
 .bss._ZN6Serial11_onSendDoneE
                0x00001208        0x4 C:/Senscape/cosmic/hardware/msp430/cores/msp430f2617/MSP430f2617_core.a(Serial.o)
                0x00001208                Serial::_onSendDone
 .bss.serial_rx_buffer
                0x0000120c       0x28 C:/Senscape/cosmic/hardware/msp430/cores/msp430f2617/MSP430f2617_core.a(Serial.o)
                0x0000120c                serial_rx_buffer
 .bss.serial_tx_buffer
                0x00001234       0x28 C:/Senscape/cosmic/hardware/msp430/cores/msp430f2617/MSP430f2617_core.a(Serial.o)
                0x00001234                serial_tx_buffer
 .bss.onTimerAEventIntr
                0x0000125c        0x2 C:/Senscape/cosmic/hardware/msp430/cores/msp430f2617/MSP430f2617_core.a(wiring_timer.o)
 .bss.onTimerBEventIntr
                0x0000125e        0x2 C:/Senscape/cosmic/hardware/msp430/cores/msp430f2617/MSP430f2617_core.a(wiring_timer.o)
 .bss.onTimerCEventIntr
                0x00001260        0x2 C:/Senscape/cosmic/hardware/msp430/cores/msp430f2617/MSP430f2617_core.a(wiring_timer.o)
 .bss.onUartTxIntr
                0x00001262        0x2 C:/Senscape/cosmic/hardware/msp430/cores/msp430f2617/MSP430f2617_core.a(wiring_uart.o)
 .bss.onUartRxIntr
                0x00001264        0x2 C:/Senscape/cosmic/hardware/msp430/cores/msp430f2617/MSP430f2617_core.a(wiring_uart.o)
 .bss._ZN7SensMAG11_onReadDoneE
                0x00001266        0x2 C:/Senscape/cosmic/hardware/msp430/libraries/msp430f2617/MAG_lib/Debug/libMAG_lib.a(SensMAG.o)
                0x00001266                SensMAG::_onReadDone
 .bss._ZN7SensMAG18_onCalibrationDoneE
                0x00001268        0x2 C:/Senscape/cosmic/hardware/msp430/libraries/msp430f2617/MAG_lib/Debug/libMAG_lib.a(SensMAG.o)
                0x00001268                SensMAG::_onCalibrationDone
 .bss._ZN7SensMAG11_onStopDoneE
                0x0000126a        0x2 C:/Senscape/cosmic/hardware/msp430/libraries/msp430f2617/MAG_lib/Debug/libMAG_lib.a(SensMAG.o)
                0x0000126a                SensMAG::_onStopDone
 .bss._ZN7SensMAG12_onStartDoneE
                0x0000126c        0x2 C:/Senscape/cosmic/hardware/msp430/libraries/msp430f2617/MAG_lib/Debug/libMAG_lib.a(SensMAG.o)
                0x0000126c                SensMAG::_onStartDone
 .bss._ZN7SensMAG24_onRequestAccelMagIdDoneE
                0x0000126e        0x2 C:/Senscape/cosmic/hardware/msp430/libraries/msp430f2617/MAG_lib/Debug/libMAG_lib.a(SensMAG.o)
                0x0000126e                SensMAG::_onRequestAccelMagIdDone
 .bss._ZN7SensMAG4mResE
                0x00001270        0x4 C:/Senscape/cosmic/hardware/msp430/libraries/msp430f2617/MAG_lib/Debug/libMAG_lib.a(SensMAG.o)
                0x00001270                SensMAG::mRes
 .bss._ZN7SensMAG6mScaleE
                0x00001274        0x2 C:/Senscape/cosmic/hardware/msp430/libraries/msp430f2617/MAG_lib/Debug/libMAG_lib.a(SensMAG.o)
                0x00001274                SensMAG::mScale
 .bss._ZN7SensMAG7_calibZE
                0x00001276        0x2 C:/Senscape/cosmic/hardware/msp430/libraries/msp430f2617/MAG_lib/Debug/libMAG_lib.a(SensMAG.o)
                0x00001276                SensMAG::_calibZ
 .bss._ZN7SensMAG7_calibYE
                0x00001278        0x2 C:/Senscape/cosmic/hardware/msp430/libraries/msp430f2617/MAG_lib/Debug/libMAG_lib.a(SensMAG.o)
                0x00001278                SensMAG::_calibY
 .bss._ZN7SensMAG7_calibXE
                0x0000127a        0x2 C:/Senscape/cosmic/hardware/msp430/libraries/msp430f2617/MAG_lib/Debug/libMAG_lib.a(SensMAG.o)
                0x0000127a                SensMAG::_calibX
 .bss._ZN7SensMAG7_spiObjE
                0x0000127c        0x2 C:/Senscape/cosmic/hardware/msp430/libraries/msp430f2617/MAG_lib/Debug/libMAG_lib.a(SensMAG.o)
                0x0000127c                SensMAG::_spiObj
 .bss._ZN7SensMAG12_spiResourceE
                0x0000127e        0x2 C:/Senscape/cosmic/hardware/msp430/libraries/msp430f2617/MAG_lib/Debug/libMAG_lib.a(SensMAG.o)
                0x0000127e                SensMAG::_spiResource
 .bss._ZN7SensMAG5_dataE
                0x00001280        0x6 C:/Senscape/cosmic/hardware/msp430/libraries/msp430f2617/MAG_lib/Debug/libMAG_lib.a(SensMAG.o)
                0x00001280                SensMAG::_data
 .bss._ZN7SensMAG6_stateE
                0x00001286        0x4 C:/Senscape/cosmic/hardware/msp430/libraries/msp430f2617/MAG_lib/Debug/libMAG_lib.a(SensMAG.o)
                0x00001286                SensMAG::_state
 .bss.lsm9ds0_xm_id
                0x0000128a        0x1 C:/Senscape/cosmic/hardware/msp430/libraries/msp430f2617/MAG_lib/Debug/libMAG_lib.a(SensMAG.o)
                0x0000128a                lsm9ds0_xm_id
 .bss.lsm9ds0_buffer
                0x0000128b       0x18 C:/Senscape/cosmic/hardware/msp430/libraries/msp430f2617/MAG_lib/Debug/libMAG_lib.a(SensMAG.o)
                0x0000128b                lsm9ds0_buffer
 *(COMMON)
 *fill*         0x000012a3        0x1 00
 COMMON         0x000012a4       0xa3 C:/Senscape/cosmic/hardware/msp430/cores/msp430f2617/MSP430f2617_core.a(taskman.o)
                0x000012a4                _taskParam
                0x000012e4                _task_next
                0x00001304                _task_head
                0x00001305                _task_id
                0x00001306                _taskFunc
                0x00001346                _task_tail
                0x00001348                . = ALIGN (0x2)
 *fill*         0x00001347        0x1 00
                0x00001348                PROVIDE (__bss_end, .)
                0x00000216                PROVIDE (__bss_size, SIZEOF (.bss))

.noinit         0x00001348        0x2 load address 0x00005558
                0x00001348                PROVIDE (__noinit_start, .)
 *(.noinit .noinit.*)
 .noinit.crt0   0x00001348        0x2 c:/senscape/firmware/tools/msp430/bin/../lib/gcc/msp430/4.6.3/mcpu-430x/mmpy-16\libcrt0.a(__watchdog_support.o)
                0x00001348                __wdt_clear_value
                0x0000134a                . = ALIGN (0x2)
                0x0000134a                PROVIDE (__noinit_end, .)
                0x0000134a                . = ALIGN (0x2)
                0x0000134a                _end = .

.infomem        0x00001000        0x0
 *(.infomem)
                0x00001000                . = ALIGN (0x2)
 *(.infomem.*)

.infomemnobits  0x00001000        0x0
 *(.infomemnobits)
                0x00001000                . = ALIGN (0x2)
 *(.infomemnobits.*)

.infoa
 *(.infoa .infoa.*)

.infob
 *(.infob .infob.*)

.infoc
 *(.infoc .infoc.*)

.infod
 *(.infod .infod.*)

.vectors        0x0000ffc0       0x40
                0x0000ffc0                PROVIDE (__vectors_start, .)
 *(.vectors*)
 .vectors       0x0000ffc0       0x40 c:/senscape/firmware/tools/msp430/bin/../lib/gcc/msp430/4.6.3/mcpu-430x/mmpy-16/crt0ivtbl32.o
                0x0000ffc0                __ivtbl_32
                0x00010000                _vectors_end = .

.fartext        0x00010000        0x0
                0x00010000                . = ALIGN (0x2)
 *(.fartext)
                0x00010000                . = ALIGN (0x2)
 *(.fartext.*)
                0x00010000                _efartext = .

.profiler
 *(.profiler)

.stab
 *(.stab)

.stabstr
 *(.stabstr)

.stab.excl
 *(.stab.excl)

.stab.exclstr
 *(.stab.exclstr)

.stab.index
 *(.stab.index)

.stab.indexstr
 *(.stab.indexstr)

.comment
 *(.comment)

.debug
 *(.debug)

.line
 *(.line)

.debug_srcinfo
 *(.debug_srcinfo)

.debug_sfnames
 *(.debug_sfnames)

.debug_aranges  0x00000000      0x400
 *(.debug_aranges)
 .debug_aranges
                0x00000000       0x30 ./MAG_01.o
 .debug_aranges
                0x00000030       0x14 ./main.o
 .debug_aranges
                0x00000044       0x74 C:/Senscape/cosmic/hardware/msp430/libraries/msp430f2617/MAG_lib/Debug/libMAG_lib.a(SensMAG.o)
 .debug_aranges
                0x000000b8       0x14 c:/senscape/firmware/tools/msp430/bin/../lib/gcc/msp430/4.6.3/mcpu-430x/mmpy-16\libgcc.a(_udivmod32.o)
 .debug_aranges
                0x000000cc       0x14 c:/senscape/firmware/tools/msp430/bin/../lib/gcc/msp430/4.6.3/mcpu-430x/mmpy-16\libgcc.a(_udivmod64.o)
 .debug_aranges
                0x000000e0       0x14 c:/senscape/firmware/tools/msp430/bin/../lib/gcc/msp430/4.6.3/mcpu-430x/mmpy-16\libgcc.a(_fixunssfsi.o)
 .debug_aranges
                0x000000f4       0x14 c:/senscape/firmware/tools/msp430/bin/../lib/gcc/msp430/4.6.3/mcpu-430x/mmpy-16\libgcc.a(_addsub_sf.o)
 .debug_aranges
                0x00000108       0x14 c:/senscape/firmware/tools/msp430/bin/../lib/gcc/msp430/4.6.3/mcpu-430x/mmpy-16\libgcc.a(_mul_sf.o)
 .debug_aranges
                0x0000011c       0x14 c:/senscape/firmware/tools/msp430/bin/../lib/gcc/msp430/4.6.3/mcpu-430x/mmpy-16\libgcc.a(_div_sf.o)
 .debug_aranges
                0x00000130       0x14 c:/senscape/firmware/tools/msp430/bin/../lib/gcc/msp430/4.6.3/mcpu-430x/mmpy-16\libgcc.a(_ge_sf.o)
 .debug_aranges
                0x00000144       0x14 c:/senscape/firmware/tools/msp430/bin/../lib/gcc/msp430/4.6.3/mcpu-430x/mmpy-16\libgcc.a(_lt_sf.o)
 .debug_aranges
                0x00000158       0x14 c:/senscape/firmware/tools/msp430/bin/../lib/gcc/msp430/4.6.3/mcpu-430x/mmpy-16\libgcc.a(_si_to_sf.o)
 .debug_aranges
                0x0000016c       0x14 c:/senscape/firmware/tools/msp430/bin/../lib/gcc/msp430/4.6.3/mcpu-430x/mmpy-16\libgcc.a(_sf_to_si.o)
 .debug_aranges
                0x00000180       0x14 c:/senscape/firmware/tools/msp430/bin/../lib/gcc/msp430/4.6.3/mcpu-430x/mmpy-16\libgcc.a(_usi_to_sf.o)
 .debug_aranges
                0x00000194       0x14 c:/senscape/firmware/tools/msp430/bin/../lib/gcc/msp430/4.6.3/mcpu-430x/mmpy-16\libgcc.a(_clzsi2.o)
 .debug_aranges
                0x000001a8       0x14 c:/senscape/firmware/tools/msp430/bin/../lib/gcc/msp430/4.6.3/mcpu-430x/mmpy-16\libgcc.a(_pack_sf.o)
 .debug_aranges
                0x000001bc       0x14 c:/senscape/firmware/tools/msp430/bin/../lib/gcc/msp430/4.6.3/mcpu-430x/mmpy-16\libgcc.a(_unpack_sf.o)
 .debug_aranges
                0x000001d0       0x14 c:/senscape/firmware/tools/msp430/bin/../lib/gcc/msp430/4.6.3/mcpu-430x/mmpy-16\libgcc.a(_fpcmp_parts_sf.o)
 .debug_aranges
                0x000001e4       0x14 c:/senscape/firmware/tools/msp430/bin/../lib/gcc/msp430/4.6.3/../../../../msp430/lib/mcpu-430x/mmpy-16\libc.a(strchr.o)
 .debug_aranges
                0x000001f8       0x14 c:/senscape/firmware/tools/msp430/bin/../lib/gcc/msp430/4.6.3/../../../../msp430/lib/mcpu-430x/mmpy-16\libc.a(strcmp.o)
 .debug_aranges
                0x0000020c       0x14 c:/senscape/firmware/tools/msp430/bin/../lib/gcc/msp430/4.6.3/../../../../msp430/lib/mcpu-430x/mmpy-16\libc.a(strncmp.o)
 .debug_aranges
                0x00000220       0x14 c:/senscape/firmware/tools/msp430/bin/../lib/gcc/msp430/4.6.3/../../../../msp430/lib/mcpu-430x/mmpy-16\libc.a(strcpy.o)
 .debug_aranges
                0x00000234       0x14 c:/senscape/firmware/tools/msp430/bin/../lib/gcc/msp430/4.6.3/../../../../msp430/lib/mcpu-430x/mmpy-16\libc.a(strncpy.o)
 .debug_aranges
                0x00000248       0x14 c:/senscape/firmware/tools/msp430/bin/../lib/gcc/msp430/4.6.3/../../../../msp430/lib/mcpu-430x/mmpy-16\libc.a(memcpy.o)
 .debug_aranges
                0x0000025c       0x14 c:/senscape/firmware/tools/msp430/bin/../lib/gcc/msp430/4.6.3/../../../../msp430/lib/mcpu-430x/mmpy-16\libc.a(memmove.o)
 .debug_aranges
                0x00000270       0x14 c:/senscape/firmware/tools/msp430/bin/../lib/gcc/msp430/4.6.3/../../../../msp430/lib/mcpu-430x/mmpy-16\libc.a(strrchr.o)
 .debug_aranges
                0x00000284       0x14 c:/senscape/firmware/tools/msp430/bin/../lib/gcc/msp430/4.6.3/../../../../msp430/lib/mcpu-430x/mmpy-16\libc.a(memset.o)
 .debug_aranges
                0x00000298       0x14 c:/senscape/firmware/tools/msp430/bin/../lib/gcc/msp430/4.6.3/../../../../msp430/lib/mcpu-430x/mmpy-16\libc.a(strstr.o)
 .debug_aranges
                0x000002ac       0x14 c:/senscape/firmware/tools/msp430/bin/../lib/gcc/msp430/4.6.3/../../../../msp430/lib/mcpu-430x/mmpy-16\libc.a(atol.o)
 .debug_aranges
                0x000002c0       0x14 c:/senscape/firmware/tools/msp430/bin/../lib/gcc/msp430/4.6.3/../../../../msp430/lib/mcpu-430x/mmpy-16\libc.a(malloc.o)
 .debug_aranges
                0x000002d4       0x14 c:/senscape/firmware/tools/msp430/bin/../lib/gcc/msp430/4.6.3/../../../../msp430/lib/mcpu-430x/mmpy-16\libc.a(strtol.o)
 .debug_aranges
                0x000002e8       0x14 c:/senscape/firmware/tools/msp430/bin/../lib/gcc/msp430/4.6.3/../../../../msp430/lib/mcpu-430x/mmpy-16\libc.a(itoa.o)
 .debug_aranges
                0x000002fc       0x14 c:/senscape/firmware/tools/msp430/bin/../lib/gcc/msp430/4.6.3/../../../../msp430/lib/mcpu-430x/mmpy-16\libc.a(ltoa.o)
 .debug_aranges
                0x00000310       0x14 c:/senscape/firmware/tools/msp430/bin/../lib/gcc/msp430/4.6.3/../../../../msp430/lib/mcpu-430x/mmpy-16\libc.a(utoa.o)
 .debug_aranges
                0x00000324       0x14 c:/senscape/firmware/tools/msp430/bin/../lib/gcc/msp430/4.6.3/../../../../msp430/lib/mcpu-430x/mmpy-16\libc.a(ultoa.o)
 .debug_aranges
                0x00000338       0x14 c:/senscape/firmware/tools/msp430/bin/../lib/gcc/msp430/4.6.3/mcpu-430x/mmpy-16\libgcc.a(_mulsi3.o)
 .debug_aranges
                0x0000034c       0x14 c:/senscape/firmware/tools/msp430/bin/../lib/gcc/msp430/4.6.3/mcpu-430x/mmpy-16\libgcc.a(_udivmod16.o)
 .debug_aranges
                0x00000360       0x14 c:/senscape/firmware/tools/msp430/bin/../lib/gcc/msp430/4.6.3/mcpu-430x/mmpy-16\libgcc.a(_divmod32.o)
 .debug_aranges
                0x00000374       0x14 c:/senscape/firmware/tools/msp430/bin/../lib/gcc/msp430/4.6.3/mcpu-430x/mmpy-16\libcrt0.a(__watchdog_support.o)
 .debug_aranges
                0x00000388       0x14 c:/senscape/firmware/tools/msp430/bin/../lib/gcc/msp430/4.6.3/mcpu-430x/mmpy-16\libcrt0.a(__init_stack.o)
 .debug_aranges
                0x0000039c       0x14 c:/senscape/firmware/tools/msp430/bin/../lib/gcc/msp430/4.6.3/mcpu-430x/mmpy-16\libcrt0.a(_copy_data.o)
 .debug_aranges
                0x000003b0       0x14 c:/senscape/firmware/tools/msp430/bin/../lib/gcc/msp430/4.6.3/mcpu-430x/mmpy-16\libcrt0.a(_clear_bss.o)
 .debug_aranges
                0x000003c4       0x14 c:/senscape/firmware/tools/msp430/bin/../lib/gcc/msp430/4.6.3/mcpu-430x/mmpy-16\libcrt0.a(_endless_loop__.o)
 .debug_aranges
                0x000003d8       0x14 c:/senscape/firmware/tools/msp430/bin/../lib/gcc/msp430/4.6.3/mcpu-430x/mmpy-16\libcrt0.a(_unexpected_.o)
 .debug_aranges
                0x000003ec       0x14 c:/senscape/firmware/tools/msp430/bin/../lib/gcc/msp430/4.6.3/mcpu-430x/mmpy-16\libcrt0.a(_ctors430.o)

.debug_pubnames
 *(.debug_pubnames)

.debug_info     0x00000000     0x6cdb
 *(.debug_info)
 .debug_info    0x00000000     0x1371 ./MAG_01.o
 .debug_info    0x00001371      0x68f ./main.o
 .debug_info    0x00001a00     0x1af6 C:/Senscape/cosmic/hardware/msp430/libraries/msp430f2617/MAG_lib/Debug/libMAG_lib.a(SensMAG.o)
 .debug_info    0x000034f6       0xa5 c:/senscape/firmware/tools/msp430/bin/../lib/gcc/msp430/4.6.3/mcpu-430x/mmpy-16\libgcc.a(_udivmod32.o)
 .debug_info    0x0000359b       0xa5 c:/senscape/firmware/tools/msp430/bin/../lib/gcc/msp430/4.6.3/mcpu-430x/mmpy-16\libgcc.a(_udivmod64.o)
 .debug_info    0x00003640       0xb5 c:/senscape/firmware/tools/msp430/bin/../lib/gcc/msp430/4.6.3/mcpu-430x/mmpy-16\libgcc.a(_fixunssfsi.o)
 .debug_info    0x000036f5      0x425 c:/senscape/firmware/tools/msp430/bin/../lib/gcc/msp430/4.6.3/mcpu-430x/mmpy-16\libgcc.a(_addsub_sf.o)
 .debug_info    0x00003b1a      0x3c9 c:/senscape/firmware/tools/msp430/bin/../lib/gcc/msp430/4.6.3/mcpu-430x/mmpy-16\libgcc.a(_mul_sf.o)
 .debug_info    0x00003ee3      0x35c c:/senscape/firmware/tools/msp430/bin/../lib/gcc/msp430/4.6.3/mcpu-430x/mmpy-16\libgcc.a(_div_sf.o)
 .debug_info    0x0000423f      0x26e c:/senscape/firmware/tools/msp430/bin/../lib/gcc/msp430/4.6.3/mcpu-430x/mmpy-16\libgcc.a(_ge_sf.o)
 .debug_info    0x000044ad      0x26e c:/senscape/firmware/tools/msp430/bin/../lib/gcc/msp430/4.6.3/mcpu-430x/mmpy-16\libgcc.a(_lt_sf.o)
 .debug_info    0x0000471b      0x20b c:/senscape/firmware/tools/msp430/bin/../lib/gcc/msp430/4.6.3/mcpu-430x/mmpy-16\libgcc.a(_si_to_sf.o)
 .debug_info    0x00004926      0x289 c:/senscape/firmware/tools/msp430/bin/../lib/gcc/msp430/4.6.3/mcpu-430x/mmpy-16\libgcc.a(_sf_to_si.o)
 .debug_info    0x00004baf      0x144 c:/senscape/firmware/tools/msp430/bin/../lib/gcc/msp430/4.6.3/mcpu-430x/mmpy-16\libgcc.a(_thenan_sf.o)
 .debug_info    0x00004cf3      0x206 c:/senscape/firmware/tools/msp430/bin/../lib/gcc/msp430/4.6.3/mcpu-430x/mmpy-16\libgcc.a(_usi_to_sf.o)
 .debug_info    0x00004ef9      0x109 c:/senscape/firmware/tools/msp430/bin/../lib/gcc/msp430/4.6.3/mcpu-430x/mmpy-16\libgcc.a(_clzsi2.o)
 .debug_info    0x00005002      0x2b1 c:/senscape/firmware/tools/msp430/bin/../lib/gcc/msp430/4.6.3/mcpu-430x/mmpy-16\libgcc.a(_pack_sf.o)
 .debug_info    0x000052b3      0x23e c:/senscape/firmware/tools/msp430/bin/../lib/gcc/msp430/4.6.3/mcpu-430x/mmpy-16\libgcc.a(_unpack_sf.o)
 .debug_info    0x000054f1      0x1d5 c:/senscape/firmware/tools/msp430/bin/../lib/gcc/msp430/4.6.3/mcpu-430x/mmpy-16\libgcc.a(_fpcmp_parts_sf.o)
 .debug_info    0x000056c6       0xa0 c:/senscape/firmware/tools/msp430/bin/../lib/gcc/msp430/4.6.3/mcpu-430x/mmpy-16\libgcc.a(_clz.o)
 .debug_info    0x00005766       0xa7 c:/senscape/firmware/tools/msp430/bin/../lib/gcc/msp430/4.6.3/../../../../msp430/lib/mcpu-430x/mmpy-16\libc.a(strchr.o)
 .debug_info    0x0000580d       0xa4 c:/senscape/firmware/tools/msp430/bin/../lib/gcc/msp430/4.6.3/../../../../msp430/lib/mcpu-430x/mmpy-16\libc.a(strcmp.o)
 .debug_info    0x000058b1       0xbb c:/senscape/firmware/tools/msp430/bin/../lib/gcc/msp430/4.6.3/../../../../msp430/lib/mcpu-430x/mmpy-16\libc.a(strncmp.o)
 .debug_info    0x0000596c       0xb6 c:/senscape/firmware/tools/msp430/bin/../lib/gcc/msp430/4.6.3/../../../../msp430/lib/mcpu-430x/mmpy-16\libc.a(strcpy.o)
 .debug_info    0x00005a22       0xe1 c:/senscape/firmware/tools/msp430/bin/../lib/gcc/msp430/4.6.3/../../../../msp430/lib/mcpu-430x/mmpy-16\libc.a(strncpy.o)
 .debug_info    0x00005b03      0x113 c:/senscape/firmware/tools/msp430/bin/../lib/gcc/msp430/4.6.3/../../../../msp430/lib/mcpu-430x/mmpy-16\libc.a(memcpy.o)
 .debug_info    0x00005c16      0x113 c:/senscape/firmware/tools/msp430/bin/../lib/gcc/msp430/4.6.3/../../../../msp430/lib/mcpu-430x/mmpy-16\libc.a(memmove.o)
 .debug_info    0x00005d29       0xb7 c:/senscape/firmware/tools/msp430/bin/../lib/gcc/msp430/4.6.3/../../../../msp430/lib/mcpu-430x/mmpy-16\libc.a(strrchr.o)
 .debug_info    0x00005de0       0xfe c:/senscape/firmware/tools/msp430/bin/../lib/gcc/msp430/4.6.3/../../../../msp430/lib/mcpu-430x/mmpy-16\libc.a(memset.o)
 .debug_info    0x00005ede       0xe0 c:/senscape/firmware/tools/msp430/bin/../lib/gcc/msp430/4.6.3/../../../../msp430/lib/mcpu-430x/mmpy-16\libc.a(strstr.o)
 .debug_info    0x00005fbe       0x95 c:/senscape/firmware/tools/msp430/bin/../lib/gcc/msp430/4.6.3/../../../../msp430/lib/mcpu-430x/mmpy-16\libc.a(atol.o)
 .debug_info    0x00006053      0x14f c:/senscape/firmware/tools/msp430/bin/../lib/gcc/msp430/4.6.3/../../../../msp430/lib/mcpu-430x/mmpy-16\libc.a(malloc.o)
 .debug_info    0x000061a2      0x1d7 c:/senscape/firmware/tools/msp430/bin/../lib/gcc/msp430/4.6.3/../../../../msp430/lib/mcpu-430x/mmpy-16\libc.a(strtol.o)
 .debug_info    0x00006379      0x10b c:/senscape/firmware/tools/msp430/bin/../lib/gcc/msp430/4.6.3/../../../../msp430/lib/mcpu-430x/mmpy-16\libc.a(itoa.o)
 .debug_info    0x00006484      0x10b c:/senscape/firmware/tools/msp430/bin/../lib/gcc/msp430/4.6.3/../../../../msp430/lib/mcpu-430x/mmpy-16\libc.a(ltoa.o)
 .debug_info    0x0000658f       0xfc c:/senscape/firmware/tools/msp430/bin/../lib/gcc/msp430/4.6.3/../../../../msp430/lib/mcpu-430x/mmpy-16\libc.a(utoa.o)
 .debug_info    0x0000668b       0xfc c:/senscape/firmware/tools/msp430/bin/../lib/gcc/msp430/4.6.3/../../../../msp430/lib/mcpu-430x/mmpy-16\libc.a(ultoa.o)
 .debug_info    0x00006787       0x39 c:/senscape/firmware/tools/msp430/bin/../lib/gcc/msp430/4.6.3/../../../../msp430/lib/mcpu-430x/mmpy-16\libc.a(errno.o)
 .debug_info    0x000067c0       0xa5 c:/senscape/firmware/tools/msp430/bin/../lib/gcc/msp430/4.6.3/mcpu-430x/mmpy-16\libgcc.a(_mulsi3.o)
 .debug_info    0x00006865       0xa5 c:/senscape/firmware/tools/msp430/bin/../lib/gcc/msp430/4.6.3/mcpu-430x/mmpy-16\libgcc.a(_udivmod16.o)
 .debug_info    0x0000690a       0xa5 c:/senscape/firmware/tools/msp430/bin/../lib/gcc/msp430/4.6.3/mcpu-430x/mmpy-16\libgcc.a(_divmod32.o)
 .debug_info    0x000069af       0x74 c:/senscape/firmware/tools/msp430/bin/../lib/gcc/msp430/4.6.3/mcpu-430x/mmpy-16\libcrt0.a(__watchdog_support.o)
 .debug_info    0x00006a23       0x74 c:/senscape/firmware/tools/msp430/bin/../lib/gcc/msp430/4.6.3/mcpu-430x/mmpy-16\libcrt0.a(__init_stack.o)
 .debug_info    0x00006a97       0x74 c:/senscape/firmware/tools/msp430/bin/../lib/gcc/msp430/4.6.3/mcpu-430x/mmpy-16\libcrt0.a(_copy_data.o)
 .debug_info    0x00006b0b       0x74 c:/senscape/firmware/tools/msp430/bin/../lib/gcc/msp430/4.6.3/mcpu-430x/mmpy-16\libcrt0.a(_clear_bss.o)
 .debug_info    0x00006b7f       0x74 c:/senscape/firmware/tools/msp430/bin/../lib/gcc/msp430/4.6.3/mcpu-430x/mmpy-16\libcrt0.a(_endless_loop__.o)
 .debug_info    0x00006bf3       0x74 c:/senscape/firmware/tools/msp430/bin/../lib/gcc/msp430/4.6.3/mcpu-430x/mmpy-16\libcrt0.a(_unexpected_.o)
 .debug_info    0x00006c67       0x74 c:/senscape/firmware/tools/msp430/bin/../lib/gcc/msp430/4.6.3/mcpu-430x/mmpy-16\libcrt0.a(_ctors430.o)
 *(.gnu.linkonce.wi.*)

.debug_abbrev   0x00000000     0x2658
 *(.debug_abbrev)
 .debug_abbrev  0x00000000      0x389 ./MAG_01.o
 .debug_abbrev  0x00000389       0xc7 ./main.o
 .debug_abbrev  0x00000450      0x49f C:/Senscape/cosmic/hardware/msp430/libraries/msp430f2617/MAG_lib/Debug/libMAG_lib.a(SensMAG.o)
 .debug_abbrev  0x000008ef       0x14 c:/senscape/firmware/tools/msp430/bin/../lib/gcc/msp430/4.6.3/mcpu-430x/mmpy-16\libgcc.a(_udivmod32.o)
 .debug_abbrev  0x00000903       0x14 c:/senscape/firmware/tools/msp430/bin/../lib/gcc/msp430/4.6.3/mcpu-430x/mmpy-16\libgcc.a(_udivmod64.o)
 .debug_abbrev  0x00000917       0x5d c:/senscape/firmware/tools/msp430/bin/../lib/gcc/msp430/4.6.3/mcpu-430x/mmpy-16\libgcc.a(_fixunssfsi.o)
 .debug_abbrev  0x00000974      0x1ab c:/senscape/firmware/tools/msp430/bin/../lib/gcc/msp430/4.6.3/mcpu-430x/mmpy-16\libgcc.a(_addsub_sf.o)
 .debug_abbrev  0x00000b1f      0x1d9 c:/senscape/firmware/tools/msp430/bin/../lib/gcc/msp430/4.6.3/mcpu-430x/mmpy-16\libgcc.a(_mul_sf.o)
 .debug_abbrev  0x00000cf8      0x1c4 c:/senscape/firmware/tools/msp430/bin/../lib/gcc/msp430/4.6.3/mcpu-430x/mmpy-16\libgcc.a(_div_sf.o)
 .debug_abbrev  0x00000ebc      0x151 c:/senscape/firmware/tools/msp430/bin/../lib/gcc/msp430/4.6.3/mcpu-430x/mmpy-16\libgcc.a(_ge_sf.o)
 .debug_abbrev  0x0000100d      0x151 c:/senscape/firmware/tools/msp430/bin/../lib/gcc/msp430/4.6.3/mcpu-430x/mmpy-16\libgcc.a(_lt_sf.o)
 .debug_abbrev  0x0000115e      0x164 c:/senscape/firmware/tools/msp430/bin/../lib/gcc/msp430/4.6.3/mcpu-430x/mmpy-16\libgcc.a(_si_to_sf.o)
 .debug_abbrev  0x000012c2      0x160 c:/senscape/firmware/tools/msp430/bin/../lib/gcc/msp430/4.6.3/mcpu-430x/mmpy-16\libgcc.a(_sf_to_si.o)
 .debug_abbrev  0x00001422       0xba c:/senscape/firmware/tools/msp430/bin/../lib/gcc/msp430/4.6.3/mcpu-430x/mmpy-16\libgcc.a(_thenan_sf.o)
 .debug_abbrev  0x000014dc      0x17a c:/senscape/firmware/tools/msp430/bin/../lib/gcc/msp430/4.6.3/mcpu-430x/mmpy-16\libgcc.a(_usi_to_sf.o)
 .debug_abbrev  0x00001656       0xac c:/senscape/firmware/tools/msp430/bin/../lib/gcc/msp430/4.6.3/mcpu-430x/mmpy-16\libgcc.a(_clzsi2.o)
 .debug_abbrev  0x00001702      0x192 c:/senscape/firmware/tools/msp430/bin/../lib/gcc/msp430/4.6.3/mcpu-430x/mmpy-16\libgcc.a(_pack_sf.o)
 .debug_abbrev  0x00001894      0x15a c:/senscape/firmware/tools/msp430/bin/../lib/gcc/msp430/4.6.3/mcpu-430x/mmpy-16\libgcc.a(_unpack_sf.o)
 .debug_abbrev  0x000019ee      0x10b c:/senscape/firmware/tools/msp430/bin/../lib/gcc/msp430/4.6.3/mcpu-430x/mmpy-16\libgcc.a(_fpcmp_parts_sf.o)
 .debug_abbrev  0x00001af9       0x61 c:/senscape/firmware/tools/msp430/bin/../lib/gcc/msp430/4.6.3/mcpu-430x/mmpy-16\libgcc.a(_clz.o)
 .debug_abbrev  0x00001b5a       0x6f c:/senscape/firmware/tools/msp430/bin/../lib/gcc/msp430/4.6.3/../../../../msp430/lib/mcpu-430x/mmpy-16\libc.a(strchr.o)
 .debug_abbrev  0x00001bc9       0x60 c:/senscape/firmware/tools/msp430/bin/../lib/gcc/msp430/4.6.3/../../../../msp430/lib/mcpu-430x/mmpy-16\libc.a(strcmp.o)
 .debug_abbrev  0x00001c29       0x7c c:/senscape/firmware/tools/msp430/bin/../lib/gcc/msp430/4.6.3/../../../../msp430/lib/mcpu-430x/mmpy-16\libc.a(strncmp.o)
 .debug_abbrev  0x00001ca5       0x7e c:/senscape/firmware/tools/msp430/bin/../lib/gcc/msp430/4.6.3/../../../../msp430/lib/mcpu-430x/mmpy-16\libc.a(strcpy.o)
 .debug_abbrev  0x00001d23       0x94 c:/senscape/firmware/tools/msp430/bin/../lib/gcc/msp430/4.6.3/../../../../msp430/lib/mcpu-430x/mmpy-16\libc.a(strncpy.o)